Archive member included because of file (symbol)

c:/ti/ccsv6/tools/compiler/gcc_msp430_4.9.14r1_167/bin/../lib/gcc/msp430-elf/4.9.1/../../../../msp430-elf/lib/large\libc.a(lib_a-memset.o)
                              ./main.o (memset)
c:/ti/ccsv6/tools/compiler/gcc_msp430_4.9.14r1_167/bin/../lib/gcc/msp430-elf/4.9.1/../../../../msp430-elf/lib/large\libc.a(lib_a-sprintf.o)
                              ./main.o (sprintf)
c:/ti/ccsv6/tools/compiler/gcc_msp430_4.9.14r1_167/bin/../lib/gcc/msp430-elf/4.9.1/../../../../msp430-elf/lib/large\libc.a(lib_a-svfprintf.o)
                              c:/ti/ccsv6/tools/compiler/gcc_msp430_4.9.14r1_167/bin/../lib/gcc/msp430-elf/4.9.1/../../../../msp430-elf/lib/large\libc.a(lib_a-sprintf.o) (_svfprintf_r)
c:/ti/ccsv6/tools/compiler/gcc_msp430_4.9.14r1_167/bin/../lib/gcc/msp430-elf/4.9.1/../../../../msp430-elf/lib/large\libc.a(lib_a-dtoa.o)
                              c:/ti/ccsv6/tools/compiler/gcc_msp430_4.9.14r1_167/bin/../lib/gcc/msp430-elf/4.9.1/../../../../msp430-elf/lib/large\libc.a(lib_a-svfprintf.o) (_dtoa_r)
c:/ti/ccsv6/tools/compiler/gcc_msp430_4.9.14r1_167/bin/../lib/gcc/msp430-elf/4.9.1/../../../../msp430-elf/lib/large\libc.a(lib_a-impure.o)
                              c:/ti/ccsv6/tools/compiler/gcc_msp430_4.9.14r1_167/bin/../lib/gcc/msp430-elf/4.9.1/../../../../msp430-elf/lib/large\libc.a(lib_a-sprintf.o) (_impure_ptr)
c:/ti/ccsv6/tools/compiler/gcc_msp430_4.9.14r1_167/bin/../lib/gcc/msp430-elf/4.9.1/../../../../msp430-elf/lib/large\libc.a(lib_a-locale.o)
                              c:/ti/ccsv6/tools/compiler/gcc_msp430_4.9.14r1_167/bin/../lib/gcc/msp430-elf/4.9.1/../../../../msp430-elf/lib/large\libc.a(lib_a-svfprintf.o) (_localeconv_r)
c:/ti/ccsv6/tools/compiler/gcc_msp430_4.9.14r1_167/bin/../lib/gcc/msp430-elf/4.9.1/../../../../msp430-elf/lib/large\libc.a(lib_a-malloc.o)
                              c:/ti/ccsv6/tools/compiler/gcc_msp430_4.9.14r1_167/bin/../lib/gcc/msp430-elf/4.9.1/../../../../msp430-elf/lib/large\libc.a(lib_a-dtoa.o) (malloc)
c:/ti/ccsv6/tools/compiler/gcc_msp430_4.9.14r1_167/bin/../lib/gcc/msp430-elf/4.9.1/../../../../msp430-elf/lib/large\libc.a(lib_a-memchr.o)
                              c:/ti/ccsv6/tools/compiler/gcc_msp430_4.9.14r1_167/bin/../lib/gcc/msp430-elf/4.9.1/../../../../msp430-elf/lib/large\libc.a(lib_a-svfprintf.o) (memchr)
c:/ti/ccsv6/tools/compiler/gcc_msp430_4.9.14r1_167/bin/../lib/gcc/msp430-elf/4.9.1/../../../../msp430-elf/lib/large\libc.a(lib_a-memcpy.o)
                              c:/ti/ccsv6/tools/compiler/gcc_msp430_4.9.14r1_167/bin/../lib/gcc/msp430-elf/4.9.1/../../../../msp430-elf/lib/large\libc.a(lib_a-dtoa.o) (memcpy)
c:/ti/ccsv6/tools/compiler/gcc_msp430_4.9.14r1_167/bin/../lib/gcc/msp430-elf/4.9.1/../../../../msp430-elf/lib/large\libc.a(lib_a-mprec.o)
                              c:/ti/ccsv6/tools/compiler/gcc_msp430_4.9.14r1_167/bin/../lib/gcc/msp430-elf/4.9.1/../../../../msp430-elf/lib/large\libc.a(lib_a-dtoa.o) (_Balloc)
c:/ti/ccsv6/tools/compiler/gcc_msp430_4.9.14r1_167/bin/../lib/gcc/msp430-elf/4.9.1/../../../../msp430-elf/lib/large\libc.a(lib_a-nano-callocr.o)
                              c:/ti/ccsv6/tools/compiler/gcc_msp430_4.9.14r1_167/bin/../lib/gcc/msp430-elf/4.9.1/../../../../msp430-elf/lib/large\libc.a(lib_a-mprec.o) (_calloc_r)
c:/ti/ccsv6/tools/compiler/gcc_msp430_4.9.14r1_167/bin/../lib/gcc/msp430-elf/4.9.1/../../../../msp430-elf/lib/large\libc.a(lib_a-nano-freer.o)
                              c:/ti/ccsv6/tools/compiler/gcc_msp430_4.9.14r1_167/bin/../lib/gcc/msp430-elf/4.9.1/../../../../msp430-elf/lib/large\libc.a(lib_a-malloc.o) (_free_r)
c:/ti/ccsv6/tools/compiler/gcc_msp430_4.9.14r1_167/bin/../lib/gcc/msp430-elf/4.9.1/../../../../msp430-elf/lib/large\libc.a(lib_a-nano-mallocr.o)
                              c:/ti/ccsv6/tools/compiler/gcc_msp430_4.9.14r1_167/bin/../lib/gcc/msp430-elf/4.9.1/../../../../msp430-elf/lib/large\libc.a(lib_a-svfprintf.o) (_malloc_r)
c:/ti/ccsv6/tools/compiler/gcc_msp430_4.9.14r1_167/bin/../lib/gcc/msp430-elf/4.9.1/../../../../msp430-elf/lib/large\libc.a(lib_a-s_fpclassify.o)
                              c:/ti/ccsv6/tools/compiler/gcc_msp430_4.9.14r1_167/bin/../lib/gcc/msp430-elf/4.9.1/../../../../msp430-elf/lib/large\libc.a(lib_a-svfprintf.o) (__fpclassifyd)
c:/ti/ccsv6/tools/compiler/gcc_msp430_4.9.14r1_167/bin/../lib/gcc/msp430-elf/4.9.1/../../../../msp430-elf/lib/large\libc.a(lib_a-sbrkr.o)
                              c:/ti/ccsv6/tools/compiler/gcc_msp430_4.9.14r1_167/bin/../lib/gcc/msp430-elf/4.9.1/../../../../msp430-elf/lib/large\libc.a(lib_a-nano-mallocr.o) (_sbrk_r)
c:/ti/ccsv6/tools/compiler/gcc_msp430_4.9.14r1_167/bin/../lib/gcc/msp430-elf/4.9.1/../../../../msp430-elf/lib/large\libc.a(lib_a-strcmp.o)
                              c:/ti/ccsv6/tools/compiler/gcc_msp430_4.9.14r1_167/bin/../lib/gcc/msp430-elf/4.9.1/../../../../msp430-elf/lib/large\libc.a(lib_a-locale.o) (strcmp)
[...]
Memory Configuration

Name             Origin             Length             Attributes
SFR              0x00000000         0x00000010
PERIPHERAL_8BIT  0x00000010         0x000000f0
PERIPHERAL_16BIT 0x00000100         0x00000100
RAM              0x00001c00         0x00004000
INFOMEM          0x00001800         0x00000200
INFOA            0x00001980         0x00000080
INFOB            0x00001900         0x00000080
INFOC            0x00001880         0x00000080
INFOD            0x00001800         0x00000080
ROM              0x00005c00         0x0000a380         xr
VECT1            0x0000ff80         0x00000002
VECT2            0x0000ff82         0x00000002
VECT3            0x0000ff84         0x00000002
VECT4            0x0000ff86         0x00000002
VECT5            0x0000ff88         0x00000002
VECT6            0x0000ff8a         0x00000002
VECT7            0x0000ff8c         0x00000002
VECT8            0x0000ff8e         0x00000002
VECT9            0x0000ff90         0x00000002
VECT10           0x0000ff92         0x00000002
VECT11           0x0000ff94         0x00000002
VECT12           0x0000ff96         0x00000002
VECT13           0x0000ff98         0x00000002
VECT14           0x0000ff9a         0x00000002
VECT15           0x0000ff9c         0x00000002
VECT16           0x0000ff9e         0x00000002
VECT17           0x0000ffa0         0x00000002
VECT18           0x0000ffa2         0x00000002
VECT19           0x0000ffa4         0x00000002
VECT20           0x0000ffa6         0x00000002
VECT21           0x0000ffa8         0x00000002
VECT22           0x0000ffaa         0x00000002
VECT23           0x0000ffac         0x00000002
VECT24           0x0000ffae         0x00000002
VECT25           0x0000ffb0         0x00000002
VECT26           0x0000ffb2         0x00000002
VECT27           0x0000ffb4         0x00000002
VECT28           0x0000ffb6         0x00000002
VECT29           0x0000ffb8         0x00000002
VECT30           0x0000ffba         0x00000002
VECT31           0x0000ffbc         0x00000002
VECT32           0x0000ffbe         0x00000002
VECT33           0x0000ffc0         0x00000002
VECT34           0x0000ffc2         0x00000002
VECT35           0x0000ffc4         0x00000002
VECT36           0x0000ffc6         0x00000002
VECT37           0x0000ffc8         0x00000002
VECT38           0x0000ffca         0x00000002
VECT39           0x0000ffcc         0x00000002
VECT40           0x0000ffce         0x00000002
VECT41           0x0000ffd0         0x00000002
VECT42           0x0000ffd2         0x00000002
VECT43           0x0000ffd4         0x00000002
VECT44           0x0000ffd6         0x00000002
VECT45           0x0000ffd8         0x00000002
VECT46           0x0000ffda         0x00000002
VECT47           0x0000ffdc         0x00000002
VECT48           0x0000ffde         0x00000002
VECT49           0x0000ffe0         0x00000002
VECT50           0x0000ffe2         0x00000002
VECT51           0x0000ffe4         0x00000002
VECT52           0x0000ffe6         0x00000002
VECT53           0x0000ffe8         0x00000002
VECT54           0x0000ffea         0x00000002
VECT55           0x0000ffec         0x00000002
VECT56           0x0000ffee         0x00000002
VECT57           0x0000fff0         0x00000002
VECT58           0x0000fff2         0x00000002
VECT59           0x0000fff4         0x00000002
VECT60           0x0000fff6         0x00000002
VECT61           0x0000fff8         0x00000002
VECT62           0x0000fffa         0x00000002
VECT63           0x0000fffc         0x00000002
RESETVEC         0x0000fffe         0x00000002
BSL              0x00001000         0x00000800
HIROM            0x00010000         0x00035bff         xr
*default*        0x00000000         0xffffffff

Linker script and memory map

LOAD c:/ti/ccsv6/tools/compiler/gcc_msp430_4.9.14r1_167/bin/../lib/gcc/msp430-elf/4.9.1/../../../../msp430-elf/lib/large/crt0.o
LOAD c:/ti/ccsv6/tools/compiler/gcc_msp430_4.9.14r1_167/bin/../lib/gcc/msp430-elf/4.9.1/large/crtbegin.o
LOAD ./main.o
START GROUP
LOAD c:/ti/ccsv6/tools/compiler/gcc_msp430_4.9.14r1_167/bin/../lib/gcc/msp430-elf/4.9.1/../../../../msp430-elf/lib/large\libc.a
LOAD c:/ti/ccsv6/tools/compiler/gcc_msp430_4.9.14r1_167/bin/../lib/gcc/msp430-elf/4.9.1/large\libgcc.a
END GROUP
LOAD c:/ti/ccsv6/tools/compiler/gcc_msp430_4.9.14r1_167/bin/../lib/gcc/msp430-elf/4.9.1/large\libgcc.a
START GROUP
LOAD c:/ti/ccsv6/tools/compiler/gcc_msp430_4.9.14r1_167/bin/../lib/gcc/msp430-elf/4.9.1/../../../../msp430-elf/lib/large\libc.a
LOAD c:/ti/ccsv6/tools/compiler/gcc_msp430_4.9.14r1_167/bin/../lib/gcc/msp430-elf/4.9.1/large\libgcc.a
LOAD c:/ti/ccsv6/tools/compiler/gcc_msp430_4.9.14r1_167/bin/../lib/gcc/msp430-elf/4.9.1/../../../../msp430-elf/lib/large\libcrt.a
LOAD c:/ti/ccsv6/tools/compiler/gcc_msp430_4.9.14r1_167/bin/../lib/gcc/msp430-elf/4.9.1/../../../../msp430-elf/lib/large\libnosys.a
END GROUP
LOAD c:/ti/ccsv6/tools/compiler/gcc_msp430_4.9.14r1_167/bin/../lib/gcc/msp430-elf/4.9.1/large\libgcc.a
LOAD c:/ti/ccsv6/tools/compiler/gcc_msp430_4.9.14r1_167/bin/../lib/gcc/msp430-elf/4.9.1/large/crtend.o
LOAD c:/ti/ccsv6/tools/compiler/gcc_msp430_4.9.14r1_167/bin/../lib/gcc/msp430-elf/4.9.1/../../../../msp430-elf/lib/large/crtn.o
LOAD c:/ti/ccsv6/tools/compiler/gcc_msp430_4.9.14r1_167/bin/../lib/gcc/msp430-elf/4.9.1/large\libgcc.a

__interrupt_vector_1
 *(__interrupt_vector_1)

__interrupt_vector_2
 *(__interrupt_vector_2)

__interrupt_vector_3
 *(__interrupt_vector_3)

__interrupt_vector_4
 *(__interrupt_vector_4)

__interrupt_vector_5
 *(__interrupt_vector_5)

__interrupt_vector_6
 *(__interrupt_vector_6)

__interrupt_vector_7
 *(__interrupt_vector_7)

__interrupt_vector_8
 *(__interrupt_vector_8)

__interrupt_vector_9
 *(__interrupt_vector_9)

__interrupt_vector_10
 *(__interrupt_vector_10)

__interrupt_vector_11
 *(__interrupt_vector_11)

__interrupt_vector_12
 *(__interrupt_vector_12)

__interrupt_vector_13
 *(__interrupt_vector_13)

__interrupt_vector_14
 *(__interrupt_vector_14)

__interrupt_vector_15
 *(__interrupt_vector_15)

__interrupt_vector_16
 *(__interrupt_vector_16)

__interrupt_vector_17
 *(__interrupt_vector_17)

__interrupt_vector_18
 *(__interrupt_vector_18)

__interrupt_vector_19
 *(__interrupt_vector_19)

__interrupt_vector_20
 *(__interrupt_vector_20)

__interrupt_vector_21
 *(__interrupt_vector_21)

__interrupt_vector_22
 *(__interrupt_vector_22)

__interrupt_vector_23
 *(__interrupt_vector_23)

__interrupt_vector_24
 *(__interrupt_vector_24)

__interrupt_vector_25
 *(__interrupt_vector_25)

__interrupt_vector_26
 *(__interrupt_vector_26)

__interrupt_vector_27
 *(__interrupt_vector_27)

__interrupt_vector_28
 *(__interrupt_vector_28)

__interrupt_vector_29
 *(__interrupt_vector_29)

__interrupt_vector_30
 *(__interrupt_vector_30)

__interrupt_vector_31
 *(__interrupt_vector_31)

__interrupt_vector_32
 *(__interrupt_vector_32)

__interrupt_vector_33
 *(__interrupt_vector_33)

__interrupt_vector_34
 *(__interrupt_vector_34)

__interrupt_vector_35
 *(__interrupt_vector_35)

__interrupt_vector_36
 *(__interrupt_vector_36)

__interrupt_vector_37
 *(__interrupt_vector_37)

__interrupt_vector_38
 *(__interrupt_vector_38)

__interrupt_vector_39
 *(__interrupt_vector_39)

__interrupt_vector_40
 *(__interrupt_vector_40)

__interrupt_vector_41
 *(__interrupt_vector_41)

__interrupt_vector_42
 *(__interrupt_vector_42)
 *(__interrupt_vector_rtc)

__interrupt_vector_43
 *(__interrupt_vector_43)
 *(__interrupt_vector_port2)

__interrupt_vector_44
 *(__interrupt_vector_44)
 *(__interrupt_vector_usci_b3)

__interrupt_vector_45
 *(__interrupt_vector_45)
 *(__interrupt_vector_usci_a3)

__interrupt_vector_46
 *(__interrupt_vector_46)
 *(__interrupt_vector_usci_b1)

__interrupt_vector_47
                0x0000ffdc        0x2
 *(__interrupt_vector_47)
 __interrupt_vector_47
                0x0000ffdc        0x2 ./main.o
 *(__interrupt_vector_usci_a1)

__interrupt_vector_48
 *(__interrupt_vector_48)
 *(__interrupt_vector_port1)

__interrupt_vector_49
 *(__interrupt_vector_49)
 *(__interrupt_vector_timer1_a1)

__interrupt_vector_50
 *(__interrupt_vector_50)
 *(__interrupt_vector_timer1_a0)

__interrupt_vector_51
 *(__interrupt_vector_51)
 *(__interrupt_vector_dma)

__interrupt_vector_52
 *(__interrupt_vector_52)
 *(__interrupt_vector_usci_b2)

__interrupt_vector_53
 *(__interrupt_vector_53)
 *(__interrupt_vector_usci_a2)

__interrupt_vector_54
 *(__interrupt_vector_54)
 *(__interrupt_vector_timer0_a1)

__interrupt_vector_55
 *(__interrupt_vector_55)
 *(__interrupt_vector_timer0_a0)

__interrupt_vector_56
 *(__interrupt_vector_56)
 *(__interrupt_vector_adc12)

__interrupt_vector_57
 *(__interrupt_vector_57)
 *(__interrupt_vector_usci_b0)

__interrupt_vector_58
 *(__interrupt_vector_58)
 *(__interrupt_vector_usci_a0)

__interrupt_vector_59
 *(__interrupt_vector_59)
 *(__interrupt_vector_wdt)

__interrupt_vector_60
 *(__interrupt_vector_60)
 *(__interrupt_vector_timer0_b1)

__interrupt_vector_61
 *(__interrupt_vector_61)
 *(__interrupt_vector_timer0_b0)

__interrupt_vector_62
 *(__interrupt_vector_62)
 *(__interrupt_vector_unmi)

__interrupt_vector_63
 *(__interrupt_vector_63)
 *(__interrupt_vector_sysnmi)

__reset_vector  0x0000fffe        0x2
 *(__interrupt_vector_64)
 *(__interrupt_vector_reset)
 *(.resetvec)
 .resetvec      0x0000fffe        0x2 c:/ti/ccsv6/tools/compiler/gcc_msp430_4.9.14r1_167/bin/../lib/gcc/msp430-elf/4.9.1/../../../../msp430-elf/lib/large/crt0.o

.rodata         0x00005c00      0x340
                0x00005c00                . = ALIGN (0x2)
 *(.plt)
                0x00005c00                . = ALIGN (0x2)
 *(.lower.rodata.* .lower.rodata)
                0x00005c00                . = ALIGN (0x2)
 *(.rodata .rodata.* .gnu.linkonce.r.* .const .const:*)
 .rodata        0x00005c00       0x2b ./main.o
 .rodata        0x00005c2b       0x34 c:/ti/ccsv6/tools/compiler/gcc_msp430_4.9.14r1_167/bin/../lib/gcc/msp430-elf/4.9.1/../../../../msp430-elf/lib/large\libc.a(lib_a-svfprintf.o)
 .rodata.zeroes.4043
                0x00005c5f       0x10 c:/ti/ccsv6/tools/compiler/gcc_msp430_4.9.14r1_167/bin/../lib/gcc/msp430-elf/4.9.1/../../../../msp430-elf/lib/large\libc.a(lib_a-svfprintf.o)
 .rodata.blanks.4042
                0x00005c6f       0x10 c:/ti/ccsv6/tools/compiler/gcc_msp430_4.9.14r1_167/bin/../lib/gcc/msp430-elf/4.9.1/../../../../msp430-elf/lib/large\libc.a(lib_a-svfprintf.o)
 .rodata        0x00005c7f        0xf c:/ti/ccsv6/tools/compiler/gcc_msp430_4.9.14r1_167/bin/../lib/gcc/msp430-elf/4.9.1/../../../../msp430-elf/lib/large\libc.a(lib_a-dtoa.o)
 .rodata._global_impure_ptr
                0x00005c8e        0x4 c:/ti/ccsv6/tools/compiler/gcc_msp430_4.9.14r1_167/bin/../lib/gcc/msp430-elf/4.9.1/../../../../msp430-elf/lib/large\libc.a(lib_a-impure.o)
                0x00005c8e                _global_impure_ptr
 .rodata        0x00005c92        0x2 c:/ti/ccsv6/tools/compiler/gcc_msp430_4.9.14r1_167/bin/../lib/gcc/msp430-elf/4.9.1/../../../../msp430-elf/lib/large\libc.a(lib_a-impure.o)
 .rodata        0x00005c94        0xb c:/ti/ccsv6/tools/compiler/gcc_msp430_4.9.14r1_167/bin/../lib/gcc/msp430-elf/4.9.1/../../../../msp430-elf/lib/large\libc.a(lib_a-locale.o)
 *fill*         0x00005c9f        0x1 
 .rodata.p05.2560
                0x00005ca0        0x6 c:/ti/ccsv6/tools/compiler/gcc_msp430_4.9.14r1_167/bin/../lib/gcc/msp430-elf/4.9.1/../../../../msp430-elf/lib/large\libc.a(lib_a-mprec.o)
 .rodata.__mprec_tinytens
                0x00005ca6       0x28 c:/ti/ccsv6/tools/compiler/gcc_msp430_4.9.14r1_167/bin/../lib/gcc/msp430-elf/4.9.1/../../../../msp430-elf/lib/large\libc.a(lib_a-mprec.o)
                0x00005ca6                __mprec_tinytens
 .rodata.__mprec_bigtens
                0x00005cce       0x28 c:/ti/ccsv6/tools/compiler/gcc_msp430_4.9.14r1_167/bin/../lib/gcc/msp430-elf/4.9.1/../../../../msp430-elf/lib/large\libc.a(lib_a-mprec.o)
                0x00005cce                __mprec_bigtens
 .rodata.__mprec_tens
                0x00005cf6       0xc8 c:/ti/ccsv6/tools/compiler/gcc_msp430_4.9.14r1_167/bin/../lib/gcc/msp430-elf/4.9.1/../../../../msp430-elf/lib/large\libc.a(lib_a-mprec.o)
                0x00005cf6                __mprec_tens
 .rodata        0x00005dbe       0x22 c:/ti/ccsv6/tools/compiler/gcc_msp430_4.9.14r1_167/bin/../lib/gcc/msp430-elf/4.9.1/../../../../msp430-elf/lib/large\libc.a(lib_a-svfiprintf.o)
 .rodata.zeroes.3987
                0x00005de0       0x10 c:/ti/ccsv6/tools/compiler/gcc_msp430_4.9.14r1_167/bin/../lib/gcc/msp430-elf/4.9.1/../../../../msp430-elf/lib/large\libc.a(lib_a-svfiprintf.o)
 .rodata.blanks.3986
                0x00005df0       0x10 c:/ti/ccsv6/tools/compiler/gcc_msp430_4.9.14r1_167/bin/../lib/gcc/msp430-elf/4.9.1/../../../../msp430-elf/lib/large\libc.a(lib_a-svfiprintf.o)
 .rodata.__thenan_df
                0x00005e00        0xe c:/ti/ccsv6/tools/compiler/gcc_msp430_4.9.14r1_167/bin/../lib/gcc/msp430-elf/4.9.1/large\libgcc.a(_thenan_df.o)
                0x00005e00                __thenan_df
 .rodata.__clz_tab
                0x00005e0e      0x100 c:/ti/ccsv6/tools/compiler/gcc_msp430_4.9.14r1_167/bin/../lib/gcc/msp430-elf/4.9.1/large\libgcc.a(_clz.o)
                0x00005e0e                __clz_tab
 .rodata        0x00005f0e       0x1a c:/ti/ccsv6/tools/compiler/gcc_msp430_4.9.14r1_167/bin/../lib/gcc/msp430-elf/4.9.1/../../../../msp430-elf/lib/large\libnosys.a(sbrk.o)
 *(.rodata1)
 *(.eh_frame_hdr)
 *(.eh_frame)
 .eh_frame      0x00005f28        0x0 c:/ti/ccsv6/tools/compiler/gcc_msp430_4.9.14r1_167/bin/../lib/gcc/msp430-elf/4.9.1/large/crtbegin.o
 .eh_frame      0x00005f28        0x4 c:/ti/ccsv6/tools/compiler/gcc_msp430_4.9.14r1_167/bin/../lib/gcc/msp430-elf/4.9.1/large/crtend.o
 *(.gcc_except_table)
 *(.gcc_except_table.*)
                0x00005f2c                PROVIDE (__preinit_array_start, .)
 *(.preinit_array)
                0x00005f2c                PROVIDE (__preinit_array_end, .)
                0x00005f2c                PROVIDE (__init_array_start, .)
 *(SORT(.init_array.*))
 *(.init_array)
                0x00005f2c                PROVIDE (__init_array_end, .)
                0x00005f2c                PROVIDE (__fini_array_start, .)
 *(.fini_array)
 *(SORT(.fini_array.*))
                0x00005f2c                PROVIDE (__fini_array_end, .)
                0x00005f2c        0x4 LONG 0x0
 *crtbegin*.o(.ctors)
 .ctors         0x00005f30        0x4 c:/ti/ccsv6/tools/compiler/gcc_msp430_4.9.14r1_167/bin/../lib/gcc/msp430-elf/4.9.1/large/crtbegin.o
 *(EXCLUDE_FILE(*crtend*.o) .ctors)
 *(SORT(.ctors.*))
 *(.ctors)
 .ctors         0x00005f34        0x4 c:/ti/ccsv6/tools/compiler/gcc_msp430_4.9.14r1_167/bin/../lib/gcc/msp430-elf/4.9.1/large/crtend.o
 *crtbegin*.o(.dtors)
 .dtors         0x00005f38        0x4 c:/ti/ccsv6/tools/compiler/gcc_msp430_4.9.14r1_167/bin/../lib/gcc/msp430-elf/4.9.1/large/crtbegin.o
 *(EXCLUDE_FILE(*crtend*.o) .dtors)
 *(SORT(.dtors.*))
 *(.dtors)
 .dtors         0x00005f3c        0x4 c:/ti/ccsv6/tools/compiler/gcc_msp430_4.9.14r1_167/bin/../lib/gcc/msp430-elf/4.9.1/large/crtend.o
                0x00005f3c                __DTOR_END__

.upper.rodata
 *(.upper.rodata.* .upper.rodata)

.data           0x00001c00      0x1b4 load address 0x00005f40
                0x00001c00                . = ALIGN (0x2)
                0x00001c00                PROVIDE (__datastart, .)
 *(.lower.data.* .lower.data)
                0x00001c00                . = ALIGN (0x2)
 *(.either.data.* .either.data)
                0x00001c00                . = ALIGN (0x2)
 *(.jcr)
 .jcr           0x00001c00        0x0 c:/ti/ccsv6/tools/compiler/gcc_msp430_4.9.14r1_167/bin/../lib/gcc/msp430-elf/4.9.1/large/crtbegin.o
 .jcr           0x00001c00        0x4 c:/ti/ccsv6/tools/compiler/gcc_msp430_4.9.14r1_167/bin/../lib/gcc/msp430-elf/4.9.1/large/crtend.o
 *(.data.rel.ro.local)
 *(.data.rel.ro*)
 *(.dynamic)
                0x00001c04                . = ALIGN (0x2)
 *(.data .data.* .gnu.linkonce.d.*)
 .data          0x00001c04        0x0 c:/ti/ccsv6/tools/compiler/gcc_msp430_4.9.14r1_167/bin/../lib/gcc/msp430-elf/4.9.1/../../../../msp430-elf/lib/large/crt0.o
 .data          0x00001c04        0x4 c:/ti/ccsv6/tools/compiler/gcc_msp430_4.9.14r1_167/bin/../lib/gcc/msp430-elf/4.9.1/large/crtbegin.o
                0x00001c04                __dso_handle
 .data          0x00001c08        0x0 ./main.o
 .data          0x00001c08        0x0 c:/ti/ccsv6/tools/compiler/gcc_msp430_4.9.14r1_167/bin/../lib/gcc/msp430-elf/4.9.1/../../../../msp430-elf/lib/large\libc.a(lib_a-memset.o)
 .data          0x00001c08        0x0 c:/ti/ccsv6/tools/compiler/gcc_msp430_4.9.14r1_167/bin/../lib/gcc/msp430-elf/4.9.1/../../../../msp430-elf/lib/large\libc.a(lib_a-sprintf.o)
 .data          0x00001c08        0x0 c:/ti/ccsv6/tools/compiler/gcc_msp430_4.9.14r1_167/bin/../lib/gcc/msp430-elf/4.9.1/../../../../msp430-elf/lib/large\libc.a(lib_a-svfprintf.o)
 .data          0x00001c08        0x0 c:/ti/ccsv6/tools/compiler/gcc_msp430_4.9.14r1_167/bin/../lib/gcc/msp430-elf/4.9.1/../../../../msp430-elf/lib/large\libc.a(lib_a-dtoa.o)
 .data          0x00001c08        0x0 c:/ti/ccsv6/tools/compiler/gcc_msp430_4.9.14r1_167/bin/../lib/gcc/msp430-elf/4.9.1/../../../../msp430-elf/lib/large\libc.a(lib_a-impure.o)
 .data._impure_ptr
                0x00001c08        0x4 c:/ti/ccsv6/tools/compiler/gcc_msp430_4.9.14r1_167/bin/../lib/gcc/msp430-elf/4.9.1/../../../../msp430-elf/lib/large\libc.a(lib_a-impure.o)
                0x00001c08                _impure_ptr
 .data.impure_data
                0x00001c0c       0xe0 c:/ti/ccsv6/tools/compiler/gcc_msp430_4.9.14r1_167/bin/../lib/gcc/msp430-elf/4.9.1/../../../../msp430-elf/lib/large\libc.a(lib_a-impure.o)
 .data          0x00001cec        0x0 c:/ti/ccsv6/tools/compiler/gcc_msp430_4.9.14r1_167/bin/../lib/gcc/msp430-elf/4.9.1/../../../../msp430-elf/lib/large\libc.a(lib_a-locale.o)
 .data.lc_message_charset
                0x00001cec       0x20 c:/ti/ccsv6/tools/compiler/gcc_msp430_4.9.14r1_167/bin/../lib/gcc/msp430-elf/4.9.1/../../../../msp430-elf/lib/large\libc.a(lib_a-locale.o)
 .data.lc_ctype_charset
                0x00001d0c       0x20 c:/ti/ccsv6/tools/compiler/gcc_msp430_4.9.14r1_167/bin/../lib/gcc/msp430-elf/4.9.1/../../../../msp430-elf/lib/large\libc.a(lib_a-locale.o)
 .data.lconv    0x00001d2c       0x36 c:/ti/ccsv6/tools/compiler/gcc_msp430_4.9.14r1_167/bin/../lib/gcc/msp430-elf/4.9.1/../../../../msp430-elf/lib/large\libc.a(lib_a-locale.o)
 .data.__mb_cur_max
                0x00001d62        0x2 c:/ti/ccsv6/tools/compiler/gcc_msp430_4.9.14r1_167/bin/../lib/gcc/msp430-elf/4.9.1/../../../../msp430-elf/lib/large\libc.a(lib_a-locale.o)
                0x00001d62                __mb_cur_max
 .data          0x00001d64        0x0 c:/ti/ccsv6/tools/compiler/gcc_msp430_4.9.14r1_167/bin/../lib/gcc/msp430-elf/4.9.1/../../../../msp430-elf/lib/large\libc.a(lib_a-malloc.o)
 .data          0x00001d64        0x0 c:/ti/ccsv6/tools/compiler/gcc_msp430_4.9.14r1_167/bin/../lib/gcc/msp430-elf/4.9.1/../../../../msp430-elf/lib/large\libc.a(lib_a-memchr.o)
 .data          0x00001d64        0x0 c:/ti/ccsv6/tools/compiler/gcc_msp430_4.9.14r1_167/bin/../lib/gcc/msp430-elf/4.9.1/../../../../msp430-elf/lib/large\libc.a(lib_a-memcpy.o)
 .data          0x00001d64        0x0 c:/ti/ccsv6/tools/compiler/gcc_msp430_4.9.14r1_167/bin/../lib/gcc/msp430-elf/4.9.1/../../../../msp430-elf/lib/large\libc.a(lib_a-mprec.o)
 .data          0x00001d64        0x0 c:/ti/ccsv6/tools/compiler/gcc_msp430_4.9.14r1_167/bin/../lib/gcc/msp430-elf/4.9.1/../../../../msp430-elf/lib/large\libc.a(lib_a-nano-callocr.o)
 .data          0x00001d64        0x0 c:/ti/ccsv6/tools/compiler/gcc_msp430_4.9.14r1_167/bin/../lib/gcc/msp430-elf/4.9.1/../../../../msp430-elf/lib/large\libc.a(lib_a-nano-freer.o)
 .data          0x00001d64        0x0 c:/ti/ccsv6/tools/compiler/gcc_msp430_4.9.14r1_167/bin/../lib/gcc/msp430-elf/4.9.1/../../../../msp430-elf/lib/large\libc.a(lib_a-nano-mallocr.o)
 .data          0x00001d64        0x0 c:/ti/ccsv6/tools/compiler/gcc_msp430_4.9.14r1_167/bin/../lib/gcc/msp430-elf/4.9.1/../../../../msp430-elf/lib/large\libc.a(lib_a-s_fpclassify.o)
 .data          0x00001d64        0x0 c:/ti/ccsv6/tools/compiler/gcc_msp430_4.9.14r1_167/bin/../lib/gcc/msp430-elf/4.9.1/../../../../msp430-elf/lib/large\libc.a(lib_a-sbrkr.o)
 .data          0x00001d64        0x0 c:/ti/ccsv6/tools/compiler/gcc_msp430_4.9.14r1_167/bin/../lib/gcc/msp430-elf/4.9.1/../../../../msp430-elf/lib/large\libc.a(lib_a-strcmp.o)
 .data          0x00001d64        0x0 c:/ti/ccsv6/tools/compiler/gcc_msp430_4.9.14r1_167/bin/../lib/gcc/msp430-elf/4.9.1/../../../../msp430-elf/lib/large\libc.a(lib_a-strlen.o)
 .data          0x00001d64        0x0 c:/ti/ccsv6/tools/compiler/gcc_msp430_4.9.14r1_167/bin/../lib/gcc/msp430-elf/4.9.1/../../../../msp430-elf/lib/large\libc.a(lib_a-svfiprintf.o)
 .data          0x00001d64        0x0 c:/ti/ccsv6/tools/compiler/gcc_msp430_4.9.14r1_167/bin/../lib/gcc/msp430-elf/4.9.1/../../../../msp430-elf/lib/large\libc.a(lib_a-memmove.o)
 .data          0x00001d64        0x0 c:/ti/ccsv6/tools/compiler/gcc_msp430_4.9.14r1_167/bin/../lib/gcc/msp430-elf/4.9.1/../../../../msp430-elf/lib/large\libc.a(lib_a-nano-reallocr.o)
 .data          0x00001d64        0x0 c:/ti/ccsv6/tools/compiler/gcc_msp430_4.9.14r1_167/bin/../lib/gcc/msp430-elf/4.9.1/../../../../msp430-elf/lib/large\libc.a(lib_a-reent.o)
 .data          0x00001d64        0x0 c:/ti/ccsv6/tools/compiler/gcc_msp430_4.9.14r1_167/bin/../lib/gcc/msp430-elf/4.9.1/../../../../msp430-elf/lib/large\libc.a(lib_a-nano-msizer.o)
 .data          0x00001d64        0x0 c:/ti/ccsv6/tools/compiler/gcc_msp430_4.9.14r1_167/bin/../lib/gcc/msp430-elf/4.9.1/large\libgcc.a(_addsub_df.o)
 .data          0x00001d64        0x0 c:/ti/ccsv6/tools/compiler/gcc_msp430_4.9.14r1_167/bin/../lib/gcc/msp430-elf/4.9.1/large\libgcc.a(_mul_df.o)
 .data          0x00001d64        0x0 c:/ti/ccsv6/tools/compiler/gcc_msp430_4.9.14r1_167/bin/../lib/gcc/msp430-elf/4.9.1/large\libgcc.a(_div_df.o)
 .data          0x00001d64        0x0 c:/ti/ccsv6/tools/compiler/gcc_msp430_4.9.14r1_167/bin/../lib/gcc/msp430-elf/4.9.1/large\libgcc.a(_eq_df.o)
 .data          0x00001d64        0x0 c:/ti/ccsv6/tools/compiler/gcc_msp430_4.9.14r1_167/bin/../lib/gcc/msp430-elf/4.9.1/large\libgcc.a(_ne_df.o)
 .data          0x00001d64        0x0 c:/ti/ccsv6/tools/compiler/gcc_msp430_4.9.14r1_167/bin/../lib/gcc/msp430-elf/4.9.1/large\libgcc.a(_gt_df.o)
 .data          0x00001d64        0x0 c:/ti/ccsv6/tools/compiler/gcc_msp430_4.9.14r1_167/bin/../lib/gcc/msp430-elf/4.9.1/large\libgcc.a(_ge_df.o)
 .data          0x00001d64        0x0 c:/ti/ccsv6/tools/compiler/gcc_msp430_4.9.14r1_167/bin/../lib/gcc/msp430-elf/4.9.1/large\libgcc.a(_lt_df.o)
 .data          0x00001d64        0x0 c:/ti/ccsv6/tools/compiler/gcc_msp430_4.9.14r1_167/bin/../lib/gcc/msp430-elf/4.9.1/large\libgcc.a(_si_to_df.o)
 .data          0x00001d64        0x0 c:/ti/ccsv6/tools/compiler/gcc_msp430_4.9.14r1_167/bin/../lib/gcc/msp430-elf/4.9.1/large\libgcc.a(_df_to_si.o)
 .data          0x00001d64        0x0 c:/ti/ccsv6/tools/compiler/gcc_msp430_4.9.14r1_167/bin/../lib/gcc/msp430-elf/4.9.1/large\libgcc.a(_thenan_df.o)
 .data          0x00001d64        0x0 c:/ti/ccsv6/tools/compiler/gcc_msp430_4.9.14r1_167/bin/../lib/gcc/msp430-elf/4.9.1/large\libgcc.a(_usi_to_df.o)
 .data          0x00001d64        0x0 c:/ti/ccsv6/tools/compiler/gcc_msp430_4.9.14r1_167/bin/../lib/gcc/msp430-elf/4.9.1/large\libgcc.a(lib2divHI.o)
 .data          0x00001d64        0x0 c:/ti/ccsv6/tools/compiler/gcc_msp430_4.9.14r1_167/bin/../lib/gcc/msp430-elf/4.9.1/large\libgcc.a(lib2divSI.o)
 .data          0x00001d64        0x0 c:/ti/ccsv6/tools/compiler/gcc_msp430_4.9.14r1_167/bin/../lib/gcc/msp430-elf/4.9.1/large\libgcc.a(slli.o)
 .data          0x00001d64        0x0 c:/ti/ccsv6/tools/compiler/gcc_msp430_4.9.14r1_167/bin/../lib/gcc/msp430-elf/4.9.1/large\libgcc.a(srai.o)
 .data          0x00001d64        0x0 c:/ti/ccsv6/tools/compiler/gcc_msp430_4.9.14r1_167/bin/../lib/gcc/msp430-elf/4.9.1/large\libgcc.a(srli.o)
 .data          0x00001d64        0x0 c:/ti/ccsv6/tools/compiler/gcc_msp430_4.9.14r1_167/bin/../lib/gcc/msp430-elf/4.9.1/large\libgcc.a(lib2hw_mul.o)
 .data          0x00001d64        0x0 c:/ti/ccsv6/tools/compiler/gcc_msp430_4.9.14r1_167/bin/../lib/gcc/msp430-elf/4.9.1/large\libgcc.a(_muldi3.o)
 .data          0x00001d64        0x0 c:/ti/ccsv6/tools/compiler/gcc_msp430_4.9.14r1_167/bin/../lib/gcc/msp430-elf/4.9.1/large\libgcc.a(_lshrdi3.o)
 .data          0x00001d64        0x0 c:/ti/ccsv6/tools/compiler/gcc_msp430_4.9.14r1_167/bin/../lib/gcc/msp430-elf/4.9.1/large\libgcc.a(_ashldi3.o)
 .data          0x00001d64        0x0 c:/ti/ccsv6/tools/compiler/gcc_msp430_4.9.14r1_167/bin/../lib/gcc/msp430-elf/4.9.1/large\libgcc.a(_clzsi2.o)
 .data          0x00001d64        0x0 c:/ti/ccsv6/tools/compiler/gcc_msp430_4.9.14r1_167/bin/../lib/gcc/msp430-elf/4.9.1/large\libgcc.a(_pack_df.o)
 .data          0x00001d64        0x0 c:/ti/ccsv6/tools/compiler/gcc_msp430_4.9.14r1_167/bin/../lib/gcc/msp430-elf/4.9.1/large\libgcc.a(_unpack_df.o)
 .data          0x00001d64        0x0 c:/ti/ccsv6/tools/compiler/gcc_msp430_4.9.14r1_167/bin/../lib/gcc/msp430-elf/4.9.1/large\libgcc.a(_fpcmp_parts_df.o)
 .data          0x00001d64        0x0 c:/ti/ccsv6/tools/compiler/gcc_msp430_4.9.14r1_167/bin/../lib/gcc/msp430-elf/4.9.1/large\libgcc.a(lib2mul.o)
 .data          0x00001d64        0x0 c:/ti/ccsv6/tools/compiler/gcc_msp430_4.9.14r1_167/bin/../lib/gcc/msp430-elf/4.9.1/large\libgcc.a(_clz.o)
 .data          0x00001d64        0x0 c:/ti/ccsv6/tools/compiler/gcc_msp430_4.9.14r1_167/bin/../lib/gcc/msp430-elf/4.9.1/../../../../msp430-elf/lib/large\libcrt.a(crt_bss.o)
 .data          0x00001d64        0x0 c:/ti/ccsv6/tools/compiler/gcc_msp430_4.9.14r1_167/bin/../lib/gcc/msp430-elf/4.9.1/../../../../msp430-elf/lib/large\libcrt.a(crt_movedata.o)
 .data          0x00001d64        0x0 c:/ti/ccsv6/tools/compiler/gcc_msp430_4.9.14r1_167/bin/../lib/gcc/msp430-elf/4.9.1/../../../../msp430-elf/lib/large\libcrt.a(crt_main.o)
 .data          0x00001d64        0x4 c:/ti/ccsv6/tools/compiler/gcc_msp430_4.9.14r1_167/bin/../lib/gcc/msp430-elf/4.9.1/../../../../msp430-elf/lib/large\libnosys.a(sbrk.o)
 .data          0x00001d68        0x0 c:/ti/ccsv6/tools/compiler/gcc_msp430_4.9.14r1_167/bin/../lib/gcc/msp430-elf/4.9.1/../../../../msp430-elf/lib/large\libnosys.a(write.o)
 .data          0x00001d68       0x4b c:/ti/ccsv6/tools/compiler/gcc_msp430_4.9.14r1_167/bin/../lib/gcc/msp430-elf/4.9.1/../../../../msp430-elf/lib/large\libnosys.a(cio.o)
                0x00001d68                _CIOBUF_
                0x00001d68                __CIOBUF__
 .data          0x00001db3        0x0 c:/ti/ccsv6/tools/compiler/gcc_msp430_4.9.14r1_167/bin/../lib/gcc/msp430-elf/4.9.1/../../../../msp430-elf/lib/large\libc.a(lib_a-abort.o)
 .data          0x00001db3        0x0 c:/ti/ccsv6/tools/compiler/gcc_msp430_4.9.14r1_167/bin/../lib/gcc/msp430-elf/4.9.1/../../../../msp430-elf/lib/large\libc.a(lib_a-signal.o)
 .data          0x00001db3        0x0 c:/ti/ccsv6/tools/compiler/gcc_msp430_4.9.14r1_167/bin/../lib/gcc/msp430-elf/4.9.1/../../../../msp430-elf/lib/large\libc.a(lib_a-signalr.o)
 .data          0x00001db3        0x0 c:/ti/ccsv6/tools/compiler/gcc_msp430_4.9.14r1_167/bin/../lib/gcc/msp430-elf/4.9.1/../../../../msp430-elf/lib/large\libnosys.a(nosyscalls.o)
 .data          0x00001db3        0x0 c:/ti/ccsv6/tools/compiler/gcc_msp430_4.9.14r1_167/bin/../lib/gcc/msp430-elf/4.9.1/../../../../msp430-elf/lib/large\libc.a(lib_a-errno.o)
 .data          0x00001db3        0x0 c:/ti/ccsv6/tools/compiler/gcc_msp430_4.9.14r1_167/bin/../lib/gcc/msp430-elf/4.9.1/large/crtend.o
 .data          0x00001db3        0x0 c:/ti/ccsv6/tools/compiler/gcc_msp430_4.9.14r1_167/bin/../lib/gcc/msp430-elf/4.9.1/../../../../msp430-elf/lib/large/crtn.o
 *(.gnu.linkonce.d.*personality*)
 *(.data1)
 *(.got.plt)
 *(.got)
                0x00001db4                . = ALIGN (0x2)
 *fill*         0x00001db3        0x1 
 *(.sdata .sdata.* .gnu.linkonce.s.* D_2 D_1)
                0x00001db4                . = ALIGN (0x2)
                0x00001db4                _edata = .
                0x00001db4                PROVIDE (edata, .)
                0x00001db4                PROVIDE (__dataend, .)
                0x00005f40                PROVIDE (__romdatastart, LOADADDR (.data))
                0x000001b4                PROVIDE (__romdatacopysize, SIZEOF (.data))

.bss            0x00001db4       0x30 load address 0x000060f4
                0x00001db4                . = ALIGN (0x2)
                0x00001db4                PROVIDE (__bssstart, .)
 *(.lower.bss.* .lower.bss)
                0x00001db4                . = ALIGN (0x2)
 *(.either.bss.* .either.bss)
 *(.dynbss)
 *(.sbss .sbss.*)
 *(.bss .bss.* .gnu.linkonce.b.*)
 .bss           0x00001db4        0x0 c:/ti/ccsv6/tools/compiler/gcc_msp430_4.9.14r1_167/bin/../lib/gcc/msp430-elf/4.9.1/../../../../msp430-elf/lib/large/crt0.o
 .bss           0x00001db4       0x1e c:/ti/ccsv6/tools/compiler/gcc_msp430_4.9.14r1_167/bin/../lib/gcc/msp430-elf/4.9.1/large/crtbegin.o
 .bss           0x00001dd2        0x0 ./main.o
 .bss           0x00001dd2        0x0 c:/ti/ccsv6/tools/compiler/gcc_msp430_4.9.14r1_167/bin/../lib/gcc/msp430-elf/4.9.1/../../../../msp430-elf/lib/large\libc.a(lib_a-memset.o)
 .bss           0x00001dd2        0x0 c:/ti/ccsv6/tools/compiler/gcc_msp430_4.9.14r1_167/bin/../lib/gcc/msp430-elf/4.9.1/../../../../msp430-elf/lib/large\libc.a(lib_a-sprintf.o)
 .bss           0x00001dd2        0x0 c:/ti/ccsv6/tools/compiler/gcc_msp430_4.9.14r1_167/bin/../lib/gcc/msp430-elf/4.9.1/../../../../msp430-elf/lib/large\libc.a(lib_a-svfprintf.o)
 .bss           0x00001dd2        0x0 c:/ti/ccsv6/tools/compiler/gcc_msp430_4.9.14r1_167/bin/../lib/gcc/msp430-elf/4.9.1/../../../../msp430-elf/lib/large\libc.a(lib_a-dtoa.o)
 .bss           0x00001dd2        0x0 c:/ti/ccsv6/tools/compiler/gcc_msp430_4.9.14r1_167/bin/../lib/gcc/msp430-elf/4.9.1/../../../../msp430-elf/lib/large\libc.a(lib_a-impure.o)
 .bss           0x00001dd2        0x0 c:/ti/ccsv6/tools/compiler/gcc_msp430_4.9.14r1_167/bin/../lib/gcc/msp430-elf/4.9.1/../../../../msp430-elf/lib/large\libc.a(lib_a-locale.o)
 .bss._PathLocale
                0x00001dd2        0x4 c:/ti/ccsv6/tools/compiler/gcc_msp430_4.9.14r1_167/bin/../lib/gcc/msp430-elf/4.9.1/../../../../msp430-elf/lib/large\libc.a(lib_a-locale.o)
                0x00001dd2                _PathLocale
 .bss.__mlocale_changed
                0x00001dd6        0x2 c:/ti/ccsv6/tools/compiler/gcc_msp430_4.9.14r1_167/bin/../lib/gcc/msp430-elf/4.9.1/../../../../msp430-elf/lib/large\libc.a(lib_a-locale.o)
                0x00001dd6                __mlocale_changed
 .bss.__nlocale_changed
                0x00001dd8        0x2 c:/ti/ccsv6/tools/compiler/gcc_msp430_4.9.14r1_167/bin/../lib/gcc/msp430-elf/4.9.1/../../../../msp430-elf/lib/large\libc.a(lib_a-locale.o)
                0x00001dd8                __nlocale_changed
 .bss           0x00001dda        0x0 c:/ti/ccsv6/tools/compiler/gcc_msp430_4.9.14r1_167/bin/../lib/gcc/msp430-elf/4.9.1/../../../../msp430-elf/lib/large\libc.a(lib_a-malloc.o)
 .bss           0x00001dda        0x0 c:/ti/ccsv6/tools/compiler/gcc_msp430_4.9.14r1_167/bin/../lib/gcc/msp430-elf/4.9.1/../../../../msp430-elf/lib/large\libc.a(lib_a-memchr.o)
 .bss           0x00001dda        0x0 c:/ti/ccsv6/tools/compiler/gcc_msp430_4.9.14r1_167/bin/../lib/gcc/msp430-elf/4.9.1/../../../../msp430-elf/lib/large\libc.a(lib_a-memcpy.o)
 .bss           0x00001dda        0x0 c:/ti/ccsv6/tools/compiler/gcc_msp430_4.9.14r1_167/bin/../lib/gcc/msp430-elf/4.9.1/../../../../msp430-elf/lib/large\libc.a(lib_a-mprec.o)
 .bss           0x00001dda        0x0 c:/ti/ccsv6/tools/compiler/gcc_msp430_4.9.14r1_167/bin/../lib/gcc/msp430-elf/4.9.1/../../../../msp430-elf/lib/large\libc.a(lib_a-nano-callocr.o)
 .bss           0x00001dda        0x0 c:/ti/ccsv6/tools/compiler/gcc_msp430_4.9.14r1_167/bin/../lib/gcc/msp430-elf/4.9.1/../../../../msp430-elf/lib/large\libc.a(lib_a-nano-freer.o)
 .bss           0x00001dda        0x0 c:/ti/ccsv6/tools/compiler/gcc_msp430_4.9.14r1_167/bin/../lib/gcc/msp430-elf/4.9.1/../../../../msp430-elf/lib/large\libc.a(lib_a-nano-mallocr.o)
 .bss.__malloc_sbrk_start
                0x00001dda        0x4 c:/ti/ccsv6/tools/compiler/gcc_msp430_4.9.14r1_167/bin/../lib/gcc/msp430-elf/4.9.1/../../../../msp430-elf/lib/large\libc.a(lib_a-nano-mallocr.o)
                0x00001dda                __malloc_sbrk_start
 .bss.__malloc_free_list
                0x00001dde        0x4 c:/ti/ccsv6/tools/compiler/gcc_msp430_4.9.14r1_167/bin/../lib/gcc/msp430-elf/4.9.1/../../../../msp430-elf/lib/large\libc.a(lib_a-nano-mallocr.o)
                0x00001dde                __malloc_free_list
 .bss           0x00001de2        0x0 c:/ti/ccsv6/tools/compiler/gcc_msp430_4.9.14r1_167/bin/../lib/gcc/msp430-elf/4.9.1/../../../../msp430-elf/lib/large\libc.a(lib_a-s_fpclassify.o)
 .bss           0x00001de2        0x0 c:/ti/ccsv6/tools/compiler/gcc_msp430_4.9.14r1_167/bin/../lib/gcc/msp430-elf/4.9.1/../../../../msp430-elf/lib/large\libc.a(lib_a-sbrkr.o)
 .bss           0x00001de2        0x0 c:/ti/ccsv6/tools/compiler/gcc_msp430_4.9.14r1_167/bin/../lib/gcc/msp430-elf/4.9.1/../../../../msp430-elf/lib/large\libc.a(lib_a-strcmp.o)
 .bss           0x00001de2        0x0 c:/ti/ccsv6/tools/compiler/gcc_msp430_4.9.14r1_167/bin/../lib/gcc/msp430-elf/4.9.1/../../../../msp430-elf/lib/large\libc.a(lib_a-strlen.o)
 .bss           0x00001de2        0x0 c:/ti/ccsv6/tools/compiler/gcc_msp430_4.9.14r1_167/bin/../lib/gcc/msp430-elf/4.9.1/../../../../msp430-elf/lib/large\libc.a(lib_a-svfiprintf.o)
 .bss           0x00001de2        0x0 c:/ti/ccsv6/tools/compiler/gcc_msp430_4.9.14r1_167/bin/../lib/gcc/msp430-elf/4.9.1/../../../../msp430-elf/lib/large\libc.a(lib_a-memmove.o)
 .bss           0x00001de2        0x0 c:/ti/ccsv6/tools/compiler/gcc_msp430_4.9.14r1_167/bin/../lib/gcc/msp430-elf/4.9.1/../../../../msp430-elf/lib/large\libc.a(lib_a-nano-reallocr.o)
 .bss           0x00001de2        0x0 c:/ti/ccsv6/tools/compiler/gcc_msp430_4.9.14r1_167/bin/../lib/gcc/msp430-elf/4.9.1/../../../../msp430-elf/lib/large\libc.a(lib_a-reent.o)
 .bss           0x00001de2        0x0 c:/ti/ccsv6/tools/compiler/gcc_msp430_4.9.14r1_167/bin/../lib/gcc/msp430-elf/4.9.1/../../../../msp430-elf/lib/large\libc.a(lib_a-nano-msizer.o)
 .bss           0x00001de2        0x0 c:/ti/ccsv6/tools/compiler/gcc_msp430_4.9.14r1_167/bin/../lib/gcc/msp430-elf/4.9.1/large\libgcc.a(_addsub_df.o)
 .bss           0x00001de2        0x0 c:/ti/ccsv6/tools/compiler/gcc_msp430_4.9.14r1_167/bin/../lib/gcc/msp430-elf/4.9.1/large\libgcc.a(_mul_df.o)
 .bss           0x00001de2        0x0 c:/ti/ccsv6/tools/compiler/gcc_msp430_4.9.14r1_167/bin/../lib/gcc/msp430-elf/4.9.1/large\libgcc.a(_div_df.o)
 .bss           0x00001de2        0x0 c:/ti/ccsv6/tools/compiler/gcc_msp430_4.9.14r1_167/bin/../lib/gcc/msp430-elf/4.9.1/large\libgcc.a(_eq_df.o)
 .bss           0x00001de2        0x0 c:/ti/ccsv6/tools/compiler/gcc_msp430_4.9.14r1_167/bin/../lib/gcc/msp430-elf/4.9.1/large\libgcc.a(_ne_df.o)
 .bss           0x00001de2        0x0 c:/ti/ccsv6/tools/compiler/gcc_msp430_4.9.14r1_167/bin/../lib/gcc/msp430-elf/4.9.1/large\libgcc.a(_gt_df.o)
 .bss           0x00001de2        0x0 c:/ti/ccsv6/tools/compiler/gcc_msp430_4.9.14r1_167/bin/../lib/gcc/msp430-elf/4.9.1/large\libgcc.a(_ge_df.o)
 .bss           0x00001de2        0x0 c:/ti/ccsv6/tools/compiler/gcc_msp430_4.9.14r1_167/bin/../lib/gcc/msp430-elf/4.9.1/large\libgcc.a(_lt_df.o)
 .bss           0x00001de2        0x0 c:/ti/ccsv6/tools/compiler/gcc_msp430_4.9.14r1_167/bin/../lib/gcc/msp430-elf/4.9.1/large\libgcc.a(_si_to_df.o)
 .bss           0x00001de2        0x0 c:/ti/ccsv6/tools/compiler/gcc_msp430_4.9.14r1_167/bin/../lib/gcc/msp430-elf/4.9.1/large\libgcc.a(_df_to_si.o)
 .bss           0x00001de2        0x0 c:/ti/ccsv6/tools/compiler/gcc_msp430_4.9.14r1_167/bin/../lib/gcc/msp430-elf/4.9.1/large\libgcc.a(_thenan_df.o)
 .bss           0x00001de2        0x0 c:/ti/ccsv6/tools/compiler/gcc_msp430_4.9.14r1_167/bin/../lib/gcc/msp430-elf/4.9.1/large\libgcc.a(_usi_to_df.o)
 .bss           0x00001de2        0x0 c:/ti/ccsv6/tools/compiler/gcc_msp430_4.9.14r1_167/bin/../lib/gcc/msp430-elf/4.9.1/large\libgcc.a(lib2divHI.o)
 .bss           0x00001de2        0x0 c:/ti/ccsv6/tools/compiler/gcc_msp430_4.9.14r1_167/bin/../lib/gcc/msp430-elf/4.9.1/large\libgcc.a(lib2divSI.o)
 .bss           0x00001de2        0x0 c:/ti/ccsv6/tools/compiler/gcc_msp430_4.9.14r1_167/bin/../lib/gcc/msp430-elf/4.9.1/large\libgcc.a(slli.o)
 .bss           0x00001de2        0x0 c:/ti/ccsv6/tools/compiler/gcc_msp430_4.9.14r1_167/bin/../lib/gcc/msp430-elf/4.9.1/large\libgcc.a(srai.o)
 .bss           0x00001de2        0x0 c:/ti/ccsv6/tools/compiler/gcc_msp430_4.9.14r1_167/bin/../lib/gcc/msp430-elf/4.9.1/large\libgcc.a(srli.o)
 .bss           0x00001de2        0x0 c:/ti/ccsv6/tools/compiler/gcc_msp430_4.9.14r1_167/bin/../lib/gcc/msp430-elf/4.9.1/large\libgcc.a(lib2hw_mul.o)
 .bss           0x00001de2        0x0 c:/ti/ccsv6/tools/compiler/gcc_msp430_4.9.14r1_167/bin/../lib/gcc/msp430-elf/4.9.1/large\libgcc.a(_muldi3.o)
 .bss           0x00001de2        0x0 c:/ti/ccsv6/tools/compiler/gcc_msp430_4.9.14r1_167/bin/../lib/gcc/msp430-elf/4.9.1/large\libgcc.a(_lshrdi3.o)
 .bss           0x00001de2        0x0 c:/ti/ccsv6/tools/compiler/gcc_msp430_4.9.14r1_167/bin/../lib/gcc/msp430-elf/4.9.1/large\libgcc.a(_ashldi3.o)
 .bss           0x00001de2        0x0 c:/ti/ccsv6/tools/compiler/gcc_msp430_4.9.14r1_167/bin/../lib/gcc/msp430-elf/4.9.1/large\libgcc.a(_clzsi2.o)
 .bss           0x00001de2        0x0 c:/ti/ccsv6/tools/compiler/gcc_msp430_4.9.14r1_167/bin/../lib/gcc/msp430-elf/4.9.1/large\libgcc.a(_pack_df.o)
 .bss           0x00001de2        0x0 c:/ti/ccsv6/tools/compiler/gcc_msp430_4.9.14r1_167/bin/../lib/gcc/msp430-elf/4.9.1/large\libgcc.a(_unpack_df.o)
 .bss           0x00001de2        0x0 c:/ti/ccsv6/tools/compiler/gcc_msp430_4.9.14r1_167/bin/../lib/gcc/msp430-elf/4.9.1/large\libgcc.a(_fpcmp_parts_df.o)
 .bss           0x00001de2        0x0 c:/ti/ccsv6/tools/compiler/gcc_msp430_4.9.14r1_167/bin/../lib/gcc/msp430-elf/4.9.1/large\libgcc.a(lib2mul.o)
 .bss           0x00001de2        0x0 c:/ti/ccsv6/tools/compiler/gcc_msp430_4.9.14r1_167/bin/../lib/gcc/msp430-elf/4.9.1/large\libgcc.a(_clz.o)
 .bss           0x00001de2        0x0 c:/ti/ccsv6/tools/compiler/gcc_msp430_4.9.14r1_167/bin/../lib/gcc/msp430-elf/4.9.1/../../../../msp430-elf/lib/large\libcrt.a(crt_bss.o)
 .bss           0x00001de2        0x0 c:/ti/ccsv6/tools/compiler/gcc_msp430_4.9.14r1_167/bin/../lib/gcc/msp430-elf/4.9.1/../../../../msp430-elf/lib/large\libcrt.a(crt_movedata.o)
 .bss           0x00001de2        0x0 c:/ti/ccsv6/tools/compiler/gcc_msp430_4.9.14r1_167/bin/../lib/gcc/msp430-elf/4.9.1/../../../../msp430-elf/lib/large\libcrt.a(crt_main.o)
 .bss           0x00001de2        0x0 c:/ti/ccsv6/tools/compiler/gcc_msp430_4.9.14r1_167/bin/../lib/gcc/msp430-elf/4.9.1/../../../../msp430-elf/lib/large\libnosys.a(sbrk.o)
 .bss           0x00001de2        0x0 c:/ti/ccsv6/tools/compiler/gcc_msp430_4.9.14r1_167/bin/../lib/gcc/msp430-elf/4.9.1/../../../../msp430-elf/lib/large\libnosys.a(write.o)
 .bss           0x00001de2        0x0 c:/ti/ccsv6/tools/compiler/gcc_msp430_4.9.14r1_167/bin/../lib/gcc/msp430-elf/4.9.1/../../../../msp430-elf/lib/large\libnosys.a(cio.o)
 .bss           0x00001de2        0x0 c:/ti/ccsv6/tools/compiler/gcc_msp430_4.9.14r1_167/bin/../lib/gcc/msp430-elf/4.9.1/../../../../msp430-elf/lib/large\libc.a(lib_a-abort.o)
 .bss           0x00001de2        0x0 c:/ti/ccsv6/tools/compiler/gcc_msp430_4.9.14r1_167/bin/../lib/gcc/msp430-elf/4.9.1/../../../../msp430-elf/lib/large\libc.a(lib_a-signal.o)
 .bss           0x00001de2        0x0 c:/ti/ccsv6/tools/compiler/gcc_msp430_4.9.14r1_167/bin/../lib/gcc/msp430-elf/4.9.1/../../../../msp430-elf/lib/large\libc.a(lib_a-signalr.o)
 .bss           0x00001de2        0x0 c:/ti/ccsv6/tools/compiler/gcc_msp430_4.9.14r1_167/bin/../lib/gcc/msp430-elf/4.9.1/../../../../msp430-elf/lib/large\libnosys.a(nosyscalls.o)
 .bss           0x00001de2        0x0 c:/ti/ccsv6/tools/compiler/gcc_msp430_4.9.14r1_167/bin/../lib/gcc/msp430-elf/4.9.1/../../../../msp430-elf/lib/large\libc.a(lib_a-errno.o)
 .bss           0x00001de2        0x0 c:/ti/ccsv6/tools/compiler/gcc_msp430_4.9.14r1_167/bin/../lib/gcc/msp430-elf/4.9.1/large/crtend.o
 .bss           0x00001de2        0x0 c:/ti/ccsv6/tools/compiler/gcc_msp430_4.9.14r1_167/bin/../lib/gcc/msp430-elf/4.9.1/../../../../msp430-elf/lib/large/crtn.o
                0x00001de2                . = ALIGN (0x2)
 *(COMMON)
 COMMON         0x00001de2        0x2 c:/ti/ccsv6/tools/compiler/gcc_msp430_4.9.14r1_167/bin/../lib/gcc/msp430-elf/4.9.1/../../../../msp430-elf/lib/large\libc.a(lib_a-reent.o)
                0x00001de2                errno
                0x00001de4                PROVIDE (__bssend, .)
                0x00000030                PROVIDE (__bsssize, SIZEOF (.bss))

.noinit         0x00001de4        0x0 load address 0x000060f4
                0x00001de4                . = ALIGN (0x2)
                0x00001de4                PROVIDE (__noinit_start, .)
 *(.noinit)
                0x00001de4                . = ALIGN (0x2)
                0x00001de4                PROVIDE (__noinit_end, .)
                0x00001de4                _end = .
                0x00001de4                PROVIDE (end, .)

.stack          0x00005c00        0x0
                0x00005c00                PROVIDE (__stack, .)
 *(.stack)

.lowtext        0x000060f4       0x98
                0x000060f4                PROVIDE (_start, .)
                0x000060f4                . = ALIGN (0x2)
 *(SORT(.crt_*))
 .crt_0000start
                0x000060f4        0xa c:/ti/ccsv6/tools/compiler/gcc_msp430_4.9.14r1_167/bin/../lib/gcc/msp430-elf/4.9.1/../../../../msp430-elf/lib/large/crt0.o
                0x000060f4                __crt0_start
 .crt_0100init_bss
                0x000060fe       0x10 c:/ti/ccsv6/tools/compiler/gcc_msp430_4.9.14r1_167/bin/../lib/gcc/msp430-elf/4.9.1/../../../../msp430-elf/lib/large\libcrt.a(crt_bss.o)
                0x000060fe                __crt0_init_bss
 .crt_0300movedata
                0x0000610e       0x14 c:/ti/ccsv6/tools/compiler/gcc_msp430_4.9.14r1_167/bin/../lib/gcc/msp430-elf/4.9.1/../../../../msp430-elf/lib/large\libcrt.a(crt_movedata.o)
                0x0000610e                __crt0_movedata
 .crt_0700call_init_then_main
                0x00006122        0xa c:/ti/ccsv6/tools/compiler/gcc_msp430_4.9.14r1_167/bin/../lib/gcc/msp430-elf/4.9.1/../../../../msp430-elf/lib/large\libcrt.a(crt_main.o)
                0x00006122                __crt0_call_init_then_main
 .crt_0900main_init
                0x0000612c       0x40 c:/ti/ccsv6/tools/compiler/gcc_msp430_4.9.14r1_167/bin/../lib/gcc/msp430-elf/4.9.1/../../../../msp430-elf/lib/large/crt0.o
                0x0000612c                _msp430_run_init_array
                0x0000613c                _msp430_run_preinit_array
                0x0000614c                _msp430_run_fini_array
 *(.lowtext)
 .lowtext       0x0000616c       0x20 ./main.o
                0x0000616c                USCI_A1_ISR

.text           0x0000618c     0x8618
                0x0000618c                . = ALIGN (0x2)
 *(.lower.text.* .lower.text)
                0x0000618c                . = ALIGN (0x2)
 *(.text .stub .text.* .gnu.linkonce.t.* .text:*)
 .text          0x0000618c        0x0 c:/ti/ccsv6/tools/compiler/gcc_msp430_4.9.14r1_167/bin/../lib/gcc/msp430-elf/4.9.1/../../../../msp430-elf/lib/large/crt0.o
 .text          0x0000618c      0x16a c:/ti/ccsv6/tools/compiler/gcc_msp430_4.9.14r1_167/bin/../lib/gcc/msp430-elf/4.9.1/large/crtbegin.o
 .text          0x000062f6       0xdc ./main.o
                0x000062f6                msp430_uart_putc
                0x0000630a                msp430_uart_puts
                0x00006336                main
 .text          0x000063d2        0x0 c:/ti/ccsv6/tools/compiler/gcc_msp430_4.9.14r1_167/bin/../lib/gcc/msp430-elf/4.9.1/../../../../msp430-elf/lib/large\libc.a(lib_a-memset.o)
 .text.memset   0x000063d2       0x1a c:/ti/ccsv6/tools/compiler/gcc_msp430_4.9.14r1_167/bin/../lib/gcc/msp430-elf/4.9.1/../../../../msp430-elf/lib/large\libc.a(lib_a-memset.o)
                0x000063d2                memset
 .text          0x000063ec        0x0 c:/ti/ccsv6/tools/compiler/gcc_msp430_4.9.14r1_167/bin/../lib/gcc/msp430-elf/4.9.1/../../../../msp430-elf/lib/large\libc.a(lib_a-sprintf.o)
 .text._sprintf_r
                0x000063ec       0x3e c:/ti/ccsv6/tools/compiler/gcc_msp430_4.9.14r1_167/bin/../lib/gcc/msp430-elf/4.9.1/../../../../msp430-elf/lib/large\libc.a(lib_a-sprintf.o)
                0x000063ec                _sprintf_r
 .text.sprintf  0x0000642a       0x42 c:/ti/ccsv6/tools/compiler/gcc_msp430_4.9.14r1_167/bin/../lib/gcc/msp430-elf/4.9.1/../../../../msp430-elf/lib/large\libc.a(lib_a-sprintf.o)
                0x0000642a                sprintf
 .text          0x0000646c        0x0 c:/ti/ccsv6/tools/compiler/gcc_msp430_4.9.14r1_167/bin/../lib/gcc/msp430-elf/4.9.1/../../../../msp430-elf/lib/large\libc.a(lib_a-svfprintf.o)
 .text._svfprintf_r
                0x0000646c     0x1d24 c:/ti/ccsv6/tools/compiler/gcc_msp430_4.9.14r1_167/bin/../lib/gcc/msp430-elf/4.9.1/../../../../msp430-elf/lib/large\libc.a(lib_a-svfprintf.o)
                0x0000646c                _svfprintf_r
 .text          0x00008190        0x0 c:/ti/ccsv6/tools/compiler/gcc_msp430_4.9.14r1_167/bin/../lib/gcc/msp430-elf/4.9.1/../../../../msp430-elf/lib/large\libc.a(lib_a-dtoa.o)
 .text.quorem   0x00008190      0x33a c:/ti/ccsv6/tools/compiler/gcc_msp430_4.9.14r1_167/bin/../lib/gcc/msp430-elf/4.9.1/../../../../msp430-elf/lib/large\libc.a(lib_a-dtoa.o)
 .text._dtoa_r  0x000084ca     0x14ca c:/ti/ccsv6/tools/compiler/gcc_msp430_4.9.14r1_167/bin/../lib/gcc/msp430-elf/4.9.1/../../../../msp430-elf/lib/large\libc.a(lib_a-dtoa.o)
                0x000084ca                _dtoa_r
 .text          0x00009994        0x0 c:/ti/ccsv6/tools/compiler/gcc_msp430_4.9.14r1_167/bin/../lib/gcc/msp430-elf/4.9.1/../../../../msp430-elf/lib/large\libc.a(lib_a-impure.o)
 .text          0x00009994        0x0 c:/ti/ccsv6/tools/compiler/gcc_msp430_4.9.14r1_167/bin/../lib/gcc/msp430-elf/4.9.1/../../../../msp430-elf/lib/large\libc.a(lib_a-locale.o)
 .text._setlocale_r
                0x00009994       0x46 c:/ti/ccsv6/tools/compiler/gcc_msp430_4.9.14r1_167/bin/../lib/gcc/msp430-elf/4.9.1/../../../../msp430-elf/lib/large\libc.a(lib_a-locale.o)
                0x00009994                _setlocale_r
 .text.__locale_charset
                0x000099da        0x6 c:/ti/ccsv6/tools/compiler/gcc_msp430_4.9.14r1_167/bin/../lib/gcc/msp430-elf/4.9.1/../../../../msp430-elf/lib/large\libc.a(lib_a-locale.o)
                0x000099da                __locale_charset
 .text.__locale_mb_cur_max
                0x000099e0        0x8 c:/ti/ccsv6/tools/compiler/gcc_msp430_4.9.14r1_167/bin/../lib/gcc/msp430-elf/4.9.1/../../../../msp430-elf/lib/large\libc.a(lib_a-locale.o)
                0x000099e0                __locale_mb_cur_max
 .text.__locale_msgcharset
                0x000099e8        0x6 c:/ti/ccsv6/tools/compiler/gcc_msp430_4.9.14r1_167/bin/../lib/gcc/msp430-elf/4.9.1/../../../../msp430-elf/lib/large\libc.a(lib_a-locale.o)
                0x000099e8                __locale_msgcharset
 .text.__locale_cjk_lang
                0x000099ee        0x4 c:/ti/ccsv6/tools/compiler/gcc_msp430_4.9.14r1_167/bin/../lib/gcc/msp430-elf/4.9.1/../../../../msp430-elf/lib/large\libc.a(lib_a-locale.o)
                0x000099ee                __locale_cjk_lang
 .text._localeconv_r
                0x000099f2        0x6 c:/ti/ccsv6/tools/compiler/gcc_msp430_4.9.14r1_167/bin/../lib/gcc/msp430-elf/4.9.1/../../../../msp430-elf/lib/large\libc.a(lib_a-locale.o)
                0x000099f2                _localeconv_r
 .text.setlocale
                0x000099f8       0x10 c:/ti/ccsv6/tools/compiler/gcc_msp430_4.9.14r1_167/bin/../lib/gcc/msp430-elf/4.9.1/../../../../msp430-elf/lib/large\libc.a(lib_a-locale.o)
                0x000099f8                setlocale
 .text.localeconv
                0x00009a08        0x6 c:/ti/ccsv6/tools/compiler/gcc_msp430_4.9.14r1_167/bin/../lib/gcc/msp430-elf/4.9.1/../../../../msp430-elf/lib/large\libc.a(lib_a-locale.o)
                0x00009a08                localeconv
 .text          0x00009a0e        0x0 c:/ti/ccsv6/tools/compiler/gcc_msp430_4.9.14r1_167/bin/../lib/gcc/msp430-elf/4.9.1/../../../../msp430-elf/lib/large\libc.a(lib_a-malloc.o)
 .text.malloc   0x00009a0e        0xc c:/ti/ccsv6/tools/compiler/gcc_msp430_4.9.14r1_167/bin/../lib/gcc/msp430-elf/4.9.1/../../../../msp430-elf/lib/large\libc.a(lib_a-malloc.o)
                0x00009a0e                malloc
 .text.free     0x00009a1a        0xc c:/ti/ccsv6/tools/compiler/gcc_msp430_4.9.14r1_167/bin/../lib/gcc/msp430-elf/4.9.1/../../../../msp430-elf/lib/large\libc.a(lib_a-malloc.o)
                0x00009a1a                free
 .text          0x00009a26        0x0 c:/ti/ccsv6/tools/compiler/gcc_msp430_4.9.14r1_167/bin/../lib/gcc/msp430-elf/4.9.1/../../../../msp430-elf/lib/large\libc.a(lib_a-memchr.o)
 .text.memchr   0x00009a26       0x1e c:/ti/ccsv6/tools/compiler/gcc_msp430_4.9.14r1_167/bin/../lib/gcc/msp430-elf/4.9.1/../../../../msp430-elf/lib/large\libc.a(lib_a-memchr.o)
                0x00009a26                memchr
 .text          0x00009a44        0x0 c:/ti/ccsv6/tools/compiler/gcc_msp430_4.9.14r1_167/bin/../lib/gcc/msp430-elf/4.9.1/../../../../msp430-elf/lib/large\libc.a(lib_a-memcpy.o)
 .text.memcpy   0x00009a44       0x2c c:/ti/ccsv6/tools/compiler/gcc_msp430_4.9.14r1_167/bin/../lib/gcc/msp430-elf/4.9.1/../../../../msp430-elf/lib/large\libc.a(lib_a-memcpy.o)
                0x00009a44                memcpy
 .text          0x00009a70        0x0 c:/ti/ccsv6/tools/compiler/gcc_msp430_4.9.14r1_167/bin/../lib/gcc/msp430-elf/4.9.1/../../../../msp430-elf/lib/large\libc.a(lib_a-mprec.o)
 .text._Balloc  0x00009a70       0xec c:/ti/ccsv6/tools/compiler/gcc_msp430_4.9.14r1_167/bin/../lib/gcc/msp430-elf/4.9.1/../../../../msp430-elf/lib/large\libc.a(lib_a-mprec.o)
                0x00009a70                _Balloc
 .text._Bfree   0x00009b5c       0x72 c:/ti/ccsv6/tools/compiler/gcc_msp430_4.9.14r1_167/bin/../lib/gcc/msp430-elf/4.9.1/../../../../msp430-elf/lib/large\libc.a(lib_a-mprec.o)
                0x00009b5c                _Bfree
 .text.__multadd
                0x00009bce      0x15a c:/ti/ccsv6/tools/compiler/gcc_msp430_4.9.14r1_167/bin/../lib/gcc/msp430-elf/4.9.1/../../../../msp430-elf/lib/large\libc.a(lib_a-mprec.o)
                0x00009bce                __multadd
 .text.__s2b    0x00009d28       0xf4 c:/ti/ccsv6/tools/compiler/gcc_msp430_4.9.14r1_167/bin/../lib/gcc/msp430-elf/4.9.1/../../../../msp430-elf/lib/large\libc.a(lib_a-mprec.o)
                0x00009d28                __s2b
 .text.__hi0bits
                0x00009e1c       0x7a c:/ti/ccsv6/tools/compiler/gcc_msp430_4.9.14r1_167/bin/../lib/gcc/msp430-elf/4.9.1/../../../../msp430-elf/lib/large\libc.a(lib_a-mprec.o)
                0x00009e1c                __hi0bits
 .text.__lo0bits
                0x00009e96       0xcc c:/ti/ccsv6/tools/compiler/gcc_msp430_4.9.14r1_167/bin/../lib/gcc/msp430-elf/4.9.1/../../../../msp430-elf/lib/large\libc.a(lib_a-mprec.o)
                0x00009e96                __lo0bits
 .text.__i2b    0x00009f62       0x22 c:/ti/ccsv6/tools/compiler/gcc_msp430_4.9.14r1_167/bin/../lib/gcc/msp430-elf/4.9.1/../../../../msp430-elf/lib/large\libc.a(lib_a-mprec.o)
                0x00009f62                __i2b
 .text.__multiply
                0x00009f84      0x2d6 c:/ti/ccsv6/tools/compiler/gcc_msp430_4.9.14r1_167/bin/../lib/gcc/msp430-elf/4.9.1/../../../../msp430-elf/lib/large\libc.a(lib_a-mprec.o)
                0x00009f84                __multiply
 .text.__pow5mult
                0x0000a25a       0xce c:/ti/ccsv6/tools/compiler/gcc_msp430_4.9.14r1_167/bin/../lib/gcc/msp430-elf/4.9.1/../../../../msp430-elf/lib/large\libc.a(lib_a-mprec.o)
                0x0000a25a                __pow5mult
 .text.__lshift
                0x0000a328      0x172 c:/ti/ccsv6/tools/compiler/gcc_msp430_4.9.14r1_167/bin/../lib/gcc/msp430-elf/4.9.1/../../../../msp430-elf/lib/large\libc.a(lib_a-mprec.o)
                0x0000a328                __lshift
 .text.__mcmp   0x0000a49a       0x86 c:/ti/ccsv6/tools/compiler/gcc_msp430_4.9.14r1_167/bin/../lib/gcc/msp430-elf/4.9.1/../../../../msp430-elf/lib/large\libc.a(lib_a-mprec.o)
                0x0000a49a                __mcmp
 .text.__mdiff  0x0000a520      0x218 c:/ti/ccsv6/tools/compiler/gcc_msp430_4.9.14r1_167/bin/../lib/gcc/msp430-elf/4.9.1/../../../../msp430-elf/lib/large\libc.a(lib_a-mprec.o)
                0x0000a520                __mdiff
 .text.__ulp    0x0000a738       0xb2 c:/ti/ccsv6/tools/compiler/gcc_msp430_4.9.14r1_167/bin/../lib/gcc/msp430-elf/4.9.1/../../../../msp430-elf/lib/large\libc.a(lib_a-mprec.o)
                0x0000a738                __ulp
 .text.__b2d    0x0000a7ea      0x18c c:/ti/ccsv6/tools/compiler/gcc_msp430_4.9.14r1_167/bin/../lib/gcc/msp430-elf/4.9.1/../../../../msp430-elf/lib/large\libc.a(lib_a-mprec.o)
                0x0000a7ea                __b2d
 .text.__d2b    0x0000a976      0x184 c:/ti/ccsv6/tools/compiler/gcc_msp430_4.9.14r1_167/bin/../lib/gcc/msp430-elf/4.9.1/../../../../msp430-elf/lib/large\libc.a(lib_a-mprec.o)
                0x0000a976                __d2b
 .text.__ratio  0x0000aafa       0xb8 c:/ti/ccsv6/tools/compiler/gcc_msp430_4.9.14r1_167/bin/../lib/gcc/msp430-elf/4.9.1/../../../../msp430-elf/lib/large\libc.a(lib_a-mprec.o)
                0x0000aafa                __ratio
 .text._mprec_log10
                0x0000abb2       0x68 c:/ti/ccsv6/tools/compiler/gcc_msp430_4.9.14r1_167/bin/../lib/gcc/msp430-elf/4.9.1/../../../../msp430-elf/lib/large\libc.a(lib_a-mprec.o)
                0x0000abb2                _mprec_log10
 .text.__copybits
                0x0000ac1a       0x8a c:/ti/ccsv6/tools/compiler/gcc_msp430_4.9.14r1_167/bin/../lib/gcc/msp430-elf/4.9.1/../../../../msp430-elf/lib/large\libc.a(lib_a-mprec.o)
                0x0000ac1a                __copybits
 .text.__any_on
                0x0000aca4       0xb0 c:/ti/ccsv6/tools/compiler/gcc_msp430_4.9.14r1_167/bin/../lib/gcc/msp430-elf/4.9.1/../../../../msp430-elf/lib/large\libc.a(lib_a-mprec.o)
                0x0000aca4                __any_on
 .text          0x0000ad54        0x0 c:/ti/ccsv6/tools/compiler/gcc_msp430_4.9.14r1_167/bin/../lib/gcc/msp430-elf/4.9.1/../../../../msp430-elf/lib/large\libc.a(lib_a-nano-callocr.o)
 .text._calloc_r
                0x0000ad54       0x44 c:/ti/ccsv6/tools/compiler/gcc_msp430_4.9.14r1_167/bin/../lib/gcc/msp430-elf/4.9.1/../../../../msp430-elf/lib/large\libc.a(lib_a-nano-callocr.o)
                0x0000ad54                _calloc_r
 .text          0x0000ad98        0x0 c:/ti/ccsv6/tools/compiler/gcc_msp430_4.9.14r1_167/bin/../lib/gcc/msp430-elf/4.9.1/../../../../msp430-elf/lib/large\libc.a(lib_a-nano-freer.o)
 .text._free_r  0x0000ad98      0x12e c:/ti/ccsv6/tools/compiler/gcc_msp430_4.9.14r1_167/bin/../lib/gcc/msp430-elf/4.9.1/../../../../msp430-elf/lib/large\libc.a(lib_a-nano-freer.o)
                0x0000ad98                _free_r
 .text          0x0000aec6        0x0 c:/ti/ccsv6/tools/compiler/gcc_msp430_4.9.14r1_167/bin/../lib/gcc/msp430-elf/4.9.1/../../../../msp430-elf/lib/large\libc.a(lib_a-nano-mallocr.o)
 .text._malloc_r
                0x0000aec6      0x14c c:/ti/ccsv6/tools/compiler/gcc_msp430_4.9.14r1_167/bin/../lib/gcc/msp430-elf/4.9.1/../../../../msp430-elf/lib/large\libc.a(lib_a-nano-mallocr.o)
                0x0000aec6                _malloc_r
 .text          0x0000b012        0x0 c:/ti/ccsv6/tools/compiler/gcc_msp430_4.9.14r1_167/bin/../lib/gcc/msp430-elf/4.9.1/../../../../msp430-elf/lib/large\libc.a(lib_a-s_fpclassify.o)
 .text.__fpclassifyd
                0x0000b012       0x7a c:/ti/ccsv6/tools/compiler/gcc_msp430_4.9.14r1_167/bin/../lib/gcc/msp430-elf/4.9.1/../../../../msp430-elf/lib/large\libc.a(lib_a-s_fpclassify.o)
                0x0000b012                __fpclassifyd
 .text          0x0000b08c        0x0 c:/ti/ccsv6/tools/compiler/gcc_msp430_4.9.14r1_167/bin/../lib/gcc/msp430-elf/4.9.1/../../../../msp430-elf/lib/large\libc.a(lib_a-sbrkr.o)
 .text._sbrk_r  0x0000b08c       0x28 c:/ti/ccsv6/tools/compiler/gcc_msp430_4.9.14r1_167/bin/../lib/gcc/msp430-elf/4.9.1/../../../../msp430-elf/lib/large\libc.a(lib_a-sbrkr.o)
                0x0000b08c                _sbrk_r
 .text          0x0000b0b4        0x0 c:/ti/ccsv6/tools/compiler/gcc_msp430_4.9.14r1_167/bin/../lib/gcc/msp430-elf/4.9.1/../../../../msp430-elf/lib/large\libc.a(lib_a-strcmp.o)
 .text.strcmp   0x0000b0b4       0x22 c:/ti/ccsv6/tools/compiler/gcc_msp430_4.9.14r1_167/bin/../lib/gcc/msp430-elf/4.9.1/../../../../msp430-elf/lib/large\libc.a(lib_a-strcmp.o)
                0x0000b0b4                strcmp
 .text          0x0000b0d6        0x0 c:/ti/ccsv6/tools/compiler/gcc_msp430_4.9.14r1_167/bin/../lib/gcc/msp430-elf/4.9.1/../../../../msp430-elf/lib/large\libc.a(lib_a-strlen.o)
 .text.strlen   0x0000b0d6       0x16 c:/ti/ccsv6/tools/compiler/gcc_msp430_4.9.14r1_167/bin/../lib/gcc/msp430-elf/4.9.1/../../../../msp430-elf/lib/large\libc.a(lib_a-strlen.o)
                0x0000b0d6                strlen
 .text          0x0000b0ec        0x0 c:/ti/ccsv6/tools/compiler/gcc_msp430_4.9.14r1_167/bin/../lib/gcc/msp430-elf/4.9.1/../../../../msp430-elf/lib/large\libc.a(lib_a-svfiprintf.o)
 .text.__ssprint_r
                0x0000b0ec      0x1b2 c:/ti/ccsv6/tools/compiler/gcc_msp430_4.9.14r1_167/bin/../lib/gcc/msp430-elf/4.9.1/../../../../msp430-elf/lib/large\libc.a(lib_a-svfiprintf.o)
                0x0000b0ec                __ssprint_r
 .text._svfiprintf_r
                0x0000b29e      0xdf0 c:/ti/ccsv6/tools/compiler/gcc_msp430_4.9.14r1_167/bin/../lib/gcc/msp430-elf/4.9.1/../../../../msp430-elf/lib/large\libc.a(lib_a-svfiprintf.o)
                0x0000b29e                _svfiprintf_r
 .text          0x0000c08e        0x0 c:/ti/ccsv6/tools/compiler/gcc_msp430_4.9.14r1_167/bin/../lib/gcc/msp430-elf/4.9.1/../../../../msp430-elf/lib/large\libc.a(lib_a-memmove.o)
 .text.memmove  0x0000c08e       0x5e c:/ti/ccsv6/tools/compiler/gcc_msp430_4.9.14r1_167/bin/../lib/gcc/msp430-elf/4.9.1/../../../../msp430-elf/lib/large\libc.a(lib_a-memmove.o)
                0x0000c08e                memmove
 .text          0x0000c0ec        0x0 c:/ti/ccsv6/tools/compiler/gcc_msp430_4.9.14r1_167/bin/../lib/gcc/msp430-elf/4.9.1/../../../../msp430-elf/lib/large\libc.a(lib_a-nano-reallocr.o)
 .text._realloc_r
                0x0000c0ec       0x68 c:/ti/ccsv6/tools/compiler/gcc_msp430_4.9.14r1_167/bin/../lib/gcc/msp430-elf/4.9.1/../../../../msp430-elf/lib/large\libc.a(lib_a-nano-reallocr.o)
                0x0000c0ec                _realloc_r
 .text          0x0000c154        0x0 c:/ti/ccsv6/tools/compiler/gcc_msp430_4.9.14r1_167/bin/../lib/gcc/msp430-elf/4.9.1/../../../../msp430-elf/lib/large\libc.a(lib_a-reent.o)
 .text.cleanup_glue
                0x0000c154       0x22 c:/ti/ccsv6/tools/compiler/gcc_msp430_4.9.14r1_167/bin/../lib/gcc/msp430-elf/4.9.1/../../../../msp430-elf/lib/large\libc.a(lib_a-reent.o)
                0x0000c154                cleanup_glue
 .text._reclaim_reent
                0x0000c176      0x138 c:/ti/ccsv6/tools/compiler/gcc_msp430_4.9.14r1_167/bin/../lib/gcc/msp430-elf/4.9.1/../../../../msp430-elf/lib/large\libc.a(lib_a-reent.o)
                0x0000c176                _reclaim_reent
 .text          0x0000c2ae        0x0 c:/ti/ccsv6/tools/compiler/gcc_msp430_4.9.14r1_167/bin/../lib/gcc/msp430-elf/4.9.1/../../../../msp430-elf/lib/large\libc.a(lib_a-nano-msizer.o)
 .text._malloc_usable_size_r
                0x0000c2ae       0x32 c:/ti/ccsv6/tools/compiler/gcc_msp430_4.9.14r1_167/bin/../lib/gcc/msp430-elf/4.9.1/../../../../msp430-elf/lib/large\libc.a(lib_a-nano-msizer.o)
                0x0000c2ae                _malloc_usable_size_r
 .text          0x0000c2e0        0x0 c:/ti/ccsv6/tools/compiler/gcc_msp430_4.9.14r1_167/bin/../lib/gcc/msp430-elf/4.9.1/large\libgcc.a(_addsub_df.o)
 .text._fpadd_parts
                0x0000c2e0      0x640 c:/ti/ccsv6/tools/compiler/gcc_msp430_4.9.14r1_167/bin/../lib/gcc/msp430-elf/4.9.1/large\libgcc.a(_addsub_df.o)
 .text.__adddf3
                0x0000c920       0x64 c:/ti/ccsv6/tools/compiler/gcc_msp430_4.9.14r1_167/bin/../lib/gcc/msp430-elf/4.9.1/large\libgcc.a(_addsub_df.o)
                0x0000c920                __mspabi_addd
 .text.__subdf3
                0x0000c984       0x68 c:/ti/ccsv6/tools/compiler/gcc_msp430_4.9.14r1_167/bin/../lib/gcc/msp430-elf/4.9.1/large\libgcc.a(_addsub_df.o)
                0x0000c984                __mspabi_subd
 .text          0x0000c9ec        0x0 c:/ti/ccsv6/tools/compiler/gcc_msp430_4.9.14r1_167/bin/../lib/gcc/msp430-elf/4.9.1/large\libgcc.a(_mul_df.o)
 .text.__muldf3
                0x0000c9ec      0x4f0 c:/ti/ccsv6/tools/compiler/gcc_msp430_4.9.14r1_167/bin/../lib/gcc/msp430-elf/4.9.1/large\libgcc.a(_mul_df.o)
                0x0000c9ec                __mspabi_mpyd
 .text          0x0000cedc        0x0 c:/ti/ccsv6/tools/compiler/gcc_msp430_4.9.14r1_167/bin/../lib/gcc/msp430-elf/4.9.1/large\libgcc.a(_div_df.o)
 .text.__divdf3
                0x0000cedc      0x2e6 c:/ti/ccsv6/tools/compiler/gcc_msp430_4.9.14r1_167/bin/../lib/gcc/msp430-elf/4.9.1/large\libgcc.a(_div_df.o)
                0x0000cedc                __mspabi_divd
 .text          0x0000d1c2        0x0 c:/ti/ccsv6/tools/compiler/gcc_msp430_4.9.14r1_167/bin/../lib/gcc/msp430-elf/4.9.1/large\libgcc.a(_eq_df.o)
 .text.__eqdf2  0x0000d1c2       0x76 c:/ti/ccsv6/tools/compiler/gcc_msp430_4.9.14r1_167/bin/../lib/gcc/msp430-elf/4.9.1/large\libgcc.a(_eq_df.o)
                0x0000d1c2                __eqdf2
 .text          0x0000d238        0x0 c:/ti/ccsv6/tools/compiler/gcc_msp430_4.9.14r1_167/bin/../lib/gcc/msp430-elf/4.9.1/large\libgcc.a(_ne_df.o)
 .text.__nedf2  0x0000d238       0x76 c:/ti/ccsv6/tools/compiler/gcc_msp430_4.9.14r1_167/bin/../lib/gcc/msp430-elf/4.9.1/large\libgcc.a(_ne_df.o)
                0x0000d238                __nedf2
 .text          0x0000d2ae        0x0 c:/ti/ccsv6/tools/compiler/gcc_msp430_4.9.14r1_167/bin/../lib/gcc/msp430-elf/4.9.1/large\libgcc.a(_gt_df.o)
 .text.__gtdf2  0x0000d2ae       0x76 c:/ti/ccsv6/tools/compiler/gcc_msp430_4.9.14r1_167/bin/../lib/gcc/msp430-elf/4.9.1/large\libgcc.a(_gt_df.o)
                0x0000d2ae                __gtdf2
 .text          0x0000d324        0x0 c:/ti/ccsv6/tools/compiler/gcc_msp430_4.9.14r1_167/bin/../lib/gcc/msp430-elf/4.9.1/large\libgcc.a(_ge_df.o)
 .text.__gedf2  0x0000d324       0x76 c:/ti/ccsv6/tools/compiler/gcc_msp430_4.9.14r1_167/bin/../lib/gcc/msp430-elf/4.9.1/large\libgcc.a(_ge_df.o)
                0x0000d324                __gedf2
 .text          0x0000d39a        0x0 c:/ti/ccsv6/tools/compiler/gcc_msp430_4.9.14r1_167/bin/../lib/gcc/msp430-elf/4.9.1/large\libgcc.a(_lt_df.o)
 .text.__ltdf2  0x0000d39a       0x76 c:/ti/ccsv6/tools/compiler/gcc_msp430_4.9.14r1_167/bin/../lib/gcc/msp430-elf/4.9.1/large\libgcc.a(_lt_df.o)
                0x0000d39a                __ltdf2
 .text          0x0000d410        0x0 c:/ti/ccsv6/tools/compiler/gcc_msp430_4.9.14r1_167/bin/../lib/gcc/msp430-elf/4.9.1/large\libgcc.a(_si_to_df.o)
 .text.__floatsidf
                0x0000d410       0xa8 c:/ti/ccsv6/tools/compiler/gcc_msp430_4.9.14r1_167/bin/../lib/gcc/msp430-elf/4.9.1/large\libgcc.a(_si_to_df.o)
                0x0000d410                __mspabi_fltlid
 .text          0x0000d4b8        0x0 c:/ti/ccsv6/tools/compiler/gcc_msp430_4.9.14r1_167/bin/../lib/gcc/msp430-elf/4.9.1/large\libgcc.a(_df_to_si.o)
 .text.__fixdfsi
                0x0000d4b8       0xa2 c:/ti/ccsv6/tools/compiler/gcc_msp430_4.9.14r1_167/bin/../lib/gcc/msp430-elf/4.9.1/large\libgcc.a(_df_to_si.o)
                0x0000d4b8                __mspabi_fixdli
 .text          0x0000d55a        0x0 c:/ti/ccsv6/tools/compiler/gcc_msp430_4.9.14r1_167/bin/../lib/gcc/msp430-elf/4.9.1/large\libgcc.a(_thenan_df.o)
 .text          0x0000d55a        0x0 c:/ti/ccsv6/tools/compiler/gcc_msp430_4.9.14r1_167/bin/../lib/gcc/msp430-elf/4.9.1/large\libgcc.a(_usi_to_df.o)
 .text.__floatunsidf
                0x0000d55a       0x6a c:/ti/ccsv6/tools/compiler/gcc_msp430_4.9.14r1_167/bin/../lib/gcc/msp430-elf/4.9.1/large\libgcc.a(_usi_to_df.o)
                0x0000d55a                __mspabi_fltuld
 .text          0x0000d5c4        0x0 c:/ti/ccsv6/tools/compiler/gcc_msp430_4.9.14r1_167/bin/../lib/gcc/msp430-elf/4.9.1/large\libgcc.a(lib2divHI.o)
 .text.udivmodhi4
                0x0000d5c4       0x40 c:/ti/ccsv6/tools/compiler/gcc_msp430_4.9.14r1_167/bin/../lib/gcc/msp430-elf/4.9.1/large\libgcc.a(lib2divHI.o)
                0x0000d5c4                udivmodhi4
 .text.__divhi3
                0x0000d604       0x50 c:/ti/ccsv6/tools/compiler/gcc_msp430_4.9.14r1_167/bin/../lib/gcc/msp430-elf/4.9.1/large\libgcc.a(lib2divHI.o)
                0x0000d604                __mspabi_divi
 .text.__modhi3
                0x0000d654       0x32 c:/ti/ccsv6/tools/compiler/gcc_msp430_4.9.14r1_167/bin/../lib/gcc/msp430-elf/4.9.1/large\libgcc.a(lib2divHI.o)
                0x0000d654                __mspabi_remi
 .text.__udivhi3
                0x0000d686        0x8 c:/ti/ccsv6/tools/compiler/gcc_msp430_4.9.14r1_167/bin/../lib/gcc/msp430-elf/4.9.1/large\libgcc.a(lib2divHI.o)
                0x0000d686                __mspabi_divu
 .text.__umodhi3
                0x0000d68e        0x8 c:/ti/ccsv6/tools/compiler/gcc_msp430_4.9.14r1_167/bin/../lib/gcc/msp430-elf/4.9.1/large\libgcc.a(lib2divHI.o)
                0x0000d68e                __mspabi_remu
 .text          0x0000d696        0x0 c:/ti/ccsv6/tools/compiler/gcc_msp430_4.9.14r1_167/bin/../lib/gcc/msp430-elf/4.9.1/large\libgcc.a(lib2divSI.o)
 .text.udivmodsi4
                0x0000d696       0x86 c:/ti/ccsv6/tools/compiler/gcc_msp430_4.9.14r1_167/bin/../lib/gcc/msp430-elf/4.9.1/large\libgcc.a(lib2divSI.o)
                0x0000d696                udivmodsi4
 .text.__divsi3
                0x0000d71c       0x8c c:/ti/ccsv6/tools/compiler/gcc_msp430_4.9.14r1_167/bin/../lib/gcc/msp430-elf/4.9.1/large\libgcc.a(lib2divSI.o)
                0x0000d71c                __mspabi_divli
 .text.__modsi3
                0x0000d7a8       0x68 c:/ti/ccsv6/tools/compiler/gcc_msp430_4.9.14r1_167/bin/../lib/gcc/msp430-elf/4.9.1/large\libgcc.a(lib2divSI.o)
                0x0000d7a8                __mspabi_remli
 .text.__udivsi3
                0x0000d810       0x12 c:/ti/ccsv6/tools/compiler/gcc_msp430_4.9.14r1_167/bin/../lib/gcc/msp430-elf/4.9.1/large\libgcc.a(lib2divSI.o)
                0x0000d810                __mspabi_divlu
 .text.__umodsi3
                0x0000d822       0x12 c:/ti/ccsv6/tools/compiler/gcc_msp430_4.9.14r1_167/bin/../lib/gcc/msp430-elf/4.9.1/large\libgcc.a(lib2divSI.o)
                0x0000d822                __mspabi_remul
 .text          0x0000d834       0x74 c:/ti/ccsv6/tools/compiler/gcc_msp430_4.9.14r1_167/bin/../lib/gcc/msp430-elf/4.9.1/large\libgcc.a(slli.o)
                0x0000d834                __mspabi_slli_15
                0x0000d836                __mspabi_slli_14
                0x0000d838                __mspabi_slli_13
                0x0000d83a                __mspabi_slli_12
                0x0000d83c                __mspabi_slli_11
                0x0000d83e                __mspabi_slli_10
                0x0000d840                __mspabi_slli_9
                0x0000d842                __mspabi_slli_8
                0x0000d844                __mspabi_slli_7
                0x0000d846                __mspabi_slli_6
                0x0000d848                __mspabi_slli_5
                0x0000d84a                __mspabi_slli_4
                0x0000d84c                __mspabi_slli_3
                0x0000d84e                __mspabi_slli_2
                0x0000d850                __mspabi_slli_1
                0x0000d858                __mspabi_slli
                0x0000d85e                __mspabi_slll_15
                0x0000d862                __mspabi_slll_14
                0x0000d866                __mspabi_slll_13
                0x0000d86a                __mspabi_slll_12
                0x0000d86e                __mspabi_slll_11
                0x0000d872                __mspabi_slll_10
                0x0000d876                __mspabi_slll_9
                0x0000d87a                __mspabi_slll_8
                0x0000d87e                __mspabi_slll_7
                0x0000d882                __mspabi_slll_6
                0x0000d886                __mspabi_slll_5
                0x0000d88a                __mspabi_slll_4
                0x0000d88e                __mspabi_slll_3
                0x0000d892                __mspabi_slll_2
                0x0000d896                __mspabi_slll_1
                0x0000d8a2                __mspabi_slll
 .text          0x0000d8a8       0x74 c:/ti/ccsv6/tools/compiler/gcc_msp430_4.9.14r1_167/bin/../lib/gcc/msp430-elf/4.9.1/large\libgcc.a(srai.o)
                0x0000d8a8                __mspabi_srai_15
                0x0000d8aa                __mspabi_srai_14
                0x0000d8ac                __mspabi_srai_13
                0x0000d8ae                __mspabi_srai_12
                0x0000d8b0                __mspabi_srai_11
                0x0000d8b2                __mspabi_srai_10
                0x0000d8b4                __mspabi_srai_9
                0x0000d8b6                __mspabi_srai_8
                0x0000d8b8                __mspabi_srai_7
                0x0000d8ba                __mspabi_srai_6
                0x0000d8bc                __mspabi_srai_5
                0x0000d8be                __mspabi_srai_4
                0x0000d8c0                __mspabi_srai_3
                0x0000d8c2                __mspabi_srai_2
                0x0000d8c4                __mspabi_srai_1
                0x0000d8cc                __mspabi_srai
                0x0000d8d2                __mspabi_sral_15
                0x0000d8d6                __mspabi_sral_14
                0x0000d8da                __mspabi_sral_13
                0x0000d8de                __mspabi_sral_12
                0x0000d8e2                __mspabi_sral_11
                0x0000d8e6                __mspabi_sral_10
                0x0000d8ea                __mspabi_sral_9
                0x0000d8ee                __mspabi_sral_8
                0x0000d8f2                __mspabi_sral_7
                0x0000d8f6                __mspabi_sral_6
                0x0000d8fa                __mspabi_sral_5
                0x0000d8fe                __mspabi_sral_4
                0x0000d902                __mspabi_sral_3
                0x0000d906                __mspabi_sral_2
                0x0000d90a                __mspabi_sral_1
                0x0000d916                __mspabi_sral
 .text          0x0000d91c       0xb4 c:/ti/ccsv6/tools/compiler/gcc_msp430_4.9.14r1_167/bin/../lib/gcc/msp430-elf/4.9.1/large\libgcc.a(srli.o)
                0x0000d91c                __mspabi_srli_15
                0x0000d920                __mspabi_srli_14
                0x0000d924                __mspabi_srli_13
                0x0000d928                __mspabi_srli_12
                0x0000d92c                __mspabi_srli_11
                0x0000d930                __mspabi_srli_10
                0x0000d934                __mspabi_srli_9
                0x0000d938                __mspabi_srli_8
                0x0000d93c                __mspabi_srli_7
                0x0000d940                __mspabi_srli_6
                0x0000d944                __mspabi_srli_5
                0x0000d948                __mspabi_srli_4
                0x0000d94c                __mspabi_srli_3
                0x0000d950                __mspabi_srli_2
                0x0000d954                __mspabi_srli_1
                0x0000d960                __mspabi_srli
                0x0000d966                __mspabi_srll_15
                0x0000d96c                __mspabi_srll_14
                0x0000d972                __mspabi_srll_13
                0x0000d978                __mspabi_srll_12
                0x0000d97e                __mspabi_srll_11
                0x0000d984                __mspabi_srll_10
                0x0000d98a                __mspabi_srll_9
                0x0000d990                __mspabi_srll_8
                0x0000d996                __mspabi_srll_7
                0x0000d99c                __mspabi_srll_6
                0x0000d9a2                __mspabi_srll_5
                0x0000d9a8                __mspabi_srll_4
                0x0000d9ae                __mspabi_srll_3
                0x0000d9b4                __mspabi_srll_2
                0x0000d9ba                __mspabi_srll_1
                0x0000d9ca                __mspabi_srll
 .text          0x0000d9d0        0x0 c:/ti/ccsv6/tools/compiler/gcc_msp430_4.9.14r1_167/bin/../lib/gcc/msp430-elf/4.9.1/large\libgcc.a(lib2hw_mul.o)
 .text.__mulhi2
                0x0000d9d0       0x18 c:/ti/ccsv6/tools/compiler/gcc_msp430_4.9.14r1_167/bin/../lib/gcc/msp430-elf/4.9.1/large\libgcc.a(lib2hw_mul.o)
                0x0000d9d0                __mulhi2
 .text.__mulsihi2
                0x0000d9e8       0x1c c:/ti/ccsv6/tools/compiler/gcc_msp430_4.9.14r1_167/bin/../lib/gcc/msp430-elf/4.9.1/large\libgcc.a(lib2hw_mul.o)
                0x0000d9e8                __mulsihi2
 .text.__umulsihi2
                0x0000da04       0x1c c:/ti/ccsv6/tools/compiler/gcc_msp430_4.9.14r1_167/bin/../lib/gcc/msp430-elf/4.9.1/large\libgcc.a(lib2hw_mul.o)
                0x0000da04                __umulsihi2
 .text.__mulsi2
                0x0000da20       0x30 c:/ti/ccsv6/tools/compiler/gcc_msp430_4.9.14r1_167/bin/../lib/gcc/msp430-elf/4.9.1/large\libgcc.a(lib2hw_mul.o)
                0x0000da20                __mulsi2
 .text.__mulsi2_hw32
                0x0000da50       0x24 c:/ti/ccsv6/tools/compiler/gcc_msp430_4.9.14r1_167/bin/../lib/gcc/msp430-elf/4.9.1/large\libgcc.a(lib2hw_mul.o)
                0x0000da50                __mulsi2_hw32
 .text.__muldisi2_hw32
                0x0000da74       0x2c c:/ti/ccsv6/tools/compiler/gcc_msp430_4.9.14r1_167/bin/../lib/gcc/msp430-elf/4.9.1/large\libgcc.a(lib2hw_mul.o)
                0x0000da74                __muldisi2_hw32
 .text.__umuldisi2_hw32
                0x0000daa0       0x2c c:/ti/ccsv6/tools/compiler/gcc_msp430_4.9.14r1_167/bin/../lib/gcc/msp430-elf/4.9.1/large\libgcc.a(lib2hw_mul.o)
                0x0000daa0                __umuldisi2_hw32
 .text.__mulhi2_f5
                0x0000dacc       0x18 c:/ti/ccsv6/tools/compiler/gcc_msp430_4.9.14r1_167/bin/../lib/gcc/msp430-elf/4.9.1/large\libgcc.a(lib2hw_mul.o)
                0x0000dacc                __mulhi2_f5
 .text.__mulsihi2_f5
                0x0000dae4       0x1c c:/ti/ccsv6/tools/compiler/gcc_msp430_4.9.14r1_167/bin/../lib/gcc/msp430-elf/4.9.1/large\libgcc.a(lib2hw_mul.o)
                0x0000dae4                __mulsihi2_f5
 .text.__umulsihi2_f5
                0x0000db00       0x1c c:/ti/ccsv6/tools/compiler/gcc_msp430_4.9.14r1_167/bin/../lib/gcc/msp430-elf/4.9.1/large\libgcc.a(lib2hw_mul.o)
                0x0000db00                __umulsihi2_f5
 .text.__mulsi2_f5
                0x0000db1c       0x24 c:/ti/ccsv6/tools/compiler/gcc_msp430_4.9.14r1_167/bin/../lib/gcc/msp430-elf/4.9.1/large\libgcc.a(lib2hw_mul.o)
                0x0000db1c                __mulsi2_f5
 .text.__muldisi2_f5
                0x0000db40       0x2c c:/ti/ccsv6/tools/compiler/gcc_msp430_4.9.14r1_167/bin/../lib/gcc/msp430-elf/4.9.1/large\libgcc.a(lib2hw_mul.o)
                0x0000db40                __muldisi2_f5
 .text.__umuldisi2_f5
                0x0000db6c       0x2c c:/ti/ccsv6/tools/compiler/gcc_msp430_4.9.14r1_167/bin/../lib/gcc/msp430-elf/4.9.1/large\libgcc.a(lib2hw_mul.o)
                0x0000db6c                __umuldisi2_f5
 .text          0x0000db98        0x0 c:/ti/ccsv6/tools/compiler/gcc_msp430_4.9.14r1_167/bin/../lib/gcc/msp430-elf/4.9.1/large\libgcc.a(_muldi3.o)
 .text.__muldi3
                0x0000db98      0x14a c:/ti/ccsv6/tools/compiler/gcc_msp430_4.9.14r1_167/bin/../lib/gcc/msp430-elf/4.9.1/large\libgcc.a(_muldi3.o)
                0x0000db98                __mspabi_mpyll
 .text          0x0000dce2        0x0 c:/ti/ccsv6/tools/compiler/gcc_msp430_4.9.14r1_167/bin/../lib/gcc/msp430-elf/4.9.1/large\libgcc.a(_lshrdi3.o)
 .text.__lshrdi3
                0x0000dce2       0x8a c:/ti/ccsv6/tools/compiler/gcc_msp430_4.9.14r1_167/bin/../lib/gcc/msp430-elf/4.9.1/large\libgcc.a(_lshrdi3.o)
                0x0000dce2                __lshrdi3
 .text          0x0000dd6c        0x0 c:/ti/ccsv6/tools/compiler/gcc_msp430_4.9.14r1_167/bin/../lib/gcc/msp430-elf/4.9.1/large\libgcc.a(_ashldi3.o)
 .text.__ashldi3
                0x0000dd6c       0x82 c:/ti/ccsv6/tools/compiler/gcc_msp430_4.9.14r1_167/bin/../lib/gcc/msp430-elf/4.9.1/large\libgcc.a(_ashldi3.o)
                0x0000dd6c                __ashldi3
 .text          0x0000ddee        0x0 c:/ti/ccsv6/tools/compiler/gcc_msp430_4.9.14r1_167/bin/../lib/gcc/msp430-elf/4.9.1/large\libgcc.a(_clzsi2.o)
 .text.__clzsi2
                0x0000ddee       0x54 c:/ti/ccsv6/tools/compiler/gcc_msp430_4.9.14r1_167/bin/../lib/gcc/msp430-elf/4.9.1/large\libgcc.a(_clzsi2.o)
                0x0000ddee                __clzsi2
 .text          0x0000de42        0x0 c:/ti/ccsv6/tools/compiler/gcc_msp430_4.9.14r1_167/bin/../lib/gcc/msp430-elf/4.9.1/large\libgcc.a(_pack_df.o)
 .text.__pack_d
                0x0000de42      0x2a8 c:/ti/ccsv6/tools/compiler/gcc_msp430_4.9.14r1_167/bin/../lib/gcc/msp430-elf/4.9.1/large\libgcc.a(_pack_df.o)
                0x0000de42                __pack_d
 .text          0x0000e0ea        0x0 c:/ti/ccsv6/tools/compiler/gcc_msp430_4.9.14r1_167/bin/../lib/gcc/msp430-elf/4.9.1/large\libgcc.a(_unpack_df.o)
 .text.__unpack_d
                0x0000e0ea      0x168 c:/ti/ccsv6/tools/compiler/gcc_msp430_4.9.14r1_167/bin/../lib/gcc/msp430-elf/4.9.1/large\libgcc.a(_unpack_df.o)
                0x0000e0ea                __unpack_d
 .text          0x0000e252        0x0 c:/ti/ccsv6/tools/compiler/gcc_msp430_4.9.14r1_167/bin/../lib/gcc/msp430-elf/4.9.1/large\libgcc.a(_fpcmp_parts_df.o)
 .text.__fpcmp_parts_d
                0x0000e252       0xe2 c:/ti/ccsv6/tools/compiler/gcc_msp430_4.9.14r1_167/bin/../lib/gcc/msp430-elf/4.9.1/large\libgcc.a(_fpcmp_parts_df.o)
                0x0000e252                __fpcmp_parts_d
 .text          0x0000e334        0x0 c:/ti/ccsv6/tools/compiler/gcc_msp430_4.9.14r1_167/bin/../lib/gcc/msp430-elf/4.9.1/large\libgcc.a(lib2mul.o)
 .text.__mulhi3
                0x0000e334       0x2a c:/ti/ccsv6/tools/compiler/gcc_msp430_4.9.14r1_167/bin/../lib/gcc/msp430-elf/4.9.1/large\libgcc.a(lib2mul.o)
                0x0000e334                __mspabi_mpyi
 .text.__mulqi3
                0x0000e35e       0x36 c:/ti/ccsv6/tools/compiler/gcc_msp430_4.9.14r1_167/bin/../lib/gcc/msp430-elf/4.9.1/large\libgcc.a(lib2mul.o)
                0x0000e35e                __mulqi3
 .text.__mulsi3
                0x0000e394       0x4a c:/ti/ccsv6/tools/compiler/gcc_msp430_4.9.14r1_167/bin/../lib/gcc/msp430-elf/4.9.1/large\libgcc.a(lib2mul.o)
                0x0000e394                __mspabi_mpyl
 .text          0x0000e3de        0x0 c:/ti/ccsv6/tools/compiler/gcc_msp430_4.9.14r1_167/bin/../lib/gcc/msp430-elf/4.9.1/large\libgcc.a(_clz.o)
 .text          0x0000e3de        0x0 c:/ti/ccsv6/tools/compiler/gcc_msp430_4.9.14r1_167/bin/../lib/gcc/msp430-elf/4.9.1/../../../../msp430-elf/lib/large\libcrt.a(crt_bss.o)
 .text          0x0000e3de        0x0 c:/ti/ccsv6/tools/compiler/gcc_msp430_4.9.14r1_167/bin/../lib/gcc/msp430-elf/4.9.1/../../../../msp430-elf/lib/large\libcrt.a(crt_movedata.o)
 .text          0x0000e3de        0x0 c:/ti/ccsv6/tools/compiler/gcc_msp430_4.9.14r1_167/bin/../lib/gcc/msp430-elf/4.9.1/../../../../msp430-elf/lib/large\libcrt.a(crt_main.o)
 .text          0x0000e3de       0x40 c:/ti/ccsv6/tools/compiler/gcc_msp430_4.9.14r1_167/bin/../lib/gcc/msp430-elf/4.9.1/../../../../msp430-elf/lib/large\libnosys.a(sbrk.o)
                0x0000e3de                sbrk
                0x0000e3de                _sbrk
 .text          0x0000e41e       0x98 c:/ti/ccsv6/tools/compiler/gcc_msp430_4.9.14r1_167/bin/../lib/gcc/msp430-elf/4.9.1/../../../../msp430-elf/lib/large\libnosys.a(write.o)
                0x0000e41e                write
 .text          0x0000e4b6        0x4 c:/ti/ccsv6/tools/compiler/gcc_msp430_4.9.14r1_167/bin/../lib/gcc/msp430-elf/4.9.1/../../../../msp430-elf/lib/large\libnosys.a(cio.o)
                0x0000e4b6                _libgloss_cio_hook
                0x0000e4b6                C$$IO$$
 .text          0x0000e4ba        0x0 c:/ti/ccsv6/tools/compiler/gcc_msp430_4.9.14r1_167/bin/../lib/gcc/msp430-elf/4.9.1/../../../../msp430-elf/lib/large\libc.a(lib_a-abort.o)
 .text.abort    0x0000e4ba        0xe c:/ti/ccsv6/tools/compiler/gcc_msp430_4.9.14r1_167/bin/../lib/gcc/msp430-elf/4.9.1/../../../../msp430-elf/lib/large\libc.a(lib_a-abort.o)
                0x0000e4ba                abort
 .text          0x0000e4c8        0x0 c:/ti/ccsv6/tools/compiler/gcc_msp430_4.9.14r1_167/bin/../lib/gcc/msp430-elf/4.9.1/../../../../msp430-elf/lib/large\libc.a(lib_a-signal.o)
 .text._init_signal_r
                0x0000e4c8       0x48 c:/ti/ccsv6/tools/compiler/gcc_msp430_4.9.14r1_167/bin/../lib/gcc/msp430-elf/4.9.1/../../../../msp430-elf/lib/large\libc.a(lib_a-signal.o)
                0x0000e4c8                _init_signal_r
 .text._signal_r
                0x0000e510       0x6c c:/ti/ccsv6/tools/compiler/gcc_msp430_4.9.14r1_167/bin/../lib/gcc/msp430-elf/4.9.1/../../../../msp430-elf/lib/large\libc.a(lib_a-signal.o)
                0x0000e510                _signal_r
 .text._raise_r
                0x0000e57c       0x8c c:/ti/ccsv6/tools/compiler/gcc_msp430_4.9.14r1_167/bin/../lib/gcc/msp430-elf/4.9.1/../../../../msp430-elf/lib/large\libc.a(lib_a-signal.o)
                0x0000e57c                _raise_r
 .text.__sigtramp_r
                0x0000e608       0x88 c:/ti/ccsv6/tools/compiler/gcc_msp430_4.9.14r1_167/bin/../lib/gcc/msp430-elf/4.9.1/../../../../msp430-elf/lib/large\libc.a(lib_a-signal.o)
                0x0000e608                __sigtramp_r
 .text.raise    0x0000e690        0xc c:/ti/ccsv6/tools/compiler/gcc_msp430_4.9.14r1_167/bin/../lib/gcc/msp430-elf/4.9.1/../../../../msp430-elf/lib/large\libc.a(lib_a-signal.o)
                0x0000e690                raise
 .text.signal   0x0000e69c       0x10 c:/ti/ccsv6/tools/compiler/gcc_msp430_4.9.14r1_167/bin/../lib/gcc/msp430-elf/4.9.1/../../../../msp430-elf/lib/large\libc.a(lib_a-signal.o)
                0x0000e69c                signal
 .text._init_signal
                0x0000e6ac        0xa c:/ti/ccsv6/tools/compiler/gcc_msp430_4.9.14r1_167/bin/../lib/gcc/msp430-elf/4.9.1/../../../../msp430-elf/lib/large\libc.a(lib_a-signal.o)
                0x0000e6ac                _init_signal
 .text.__sigtramp
                0x0000e6b6        0xc c:/ti/ccsv6/tools/compiler/gcc_msp430_4.9.14r1_167/bin/../lib/gcc/msp430-elf/4.9.1/../../../../msp430-elf/lib/large\libc.a(lib_a-signal.o)
                0x0000e6b6                __sigtramp
 .text          0x0000e6c2        0x0 c:/ti/ccsv6/tools/compiler/gcc_msp430_4.9.14r1_167/bin/../lib/gcc/msp430-elf/4.9.1/../../../../msp430-elf/lib/large\libc.a(lib_a-signalr.o)
 .text._kill_r  0x0000e6c2       0x28 c:/ti/ccsv6/tools/compiler/gcc_msp430_4.9.14r1_167/bin/../lib/gcc/msp430-elf/4.9.1/../../../../msp430-elf/lib/large\libc.a(lib_a-signalr.o)
                0x0000e6c2                _kill_r
 .text._getpid_r
                0x0000e6ea        0x6 c:/ti/ccsv6/tools/compiler/gcc_msp430_4.9.14r1_167/bin/../lib/gcc/msp430-elf/4.9.1/../../../../msp430-elf/lib/large\libc.a(lib_a-signalr.o)
                0x0000e6ea                _getpid_r
 .text          0x0000e6f0       0x6e c:/ti/ccsv6/tools/compiler/gcc_msp430_4.9.14r1_167/bin/../lib/gcc/msp430-elf/4.9.1/../../../../msp430-elf/lib/large\libnosys.a(nosyscalls.o)
                0x0000e6f0                exit
                0x0000e6f0                _exit
                0x0000e6f4                open
                0x0000e704                close
                0x0000e714                read
                0x0000e724                fstat
                0x0000e734                lseek
                0x0000e744                kill
                0x0000e754                isatty
                0x0000e754                _isatty
                0x0000e758                getpid
 .text          0x0000e75e        0x0 c:/ti/ccsv6/tools/compiler/gcc_msp430_4.9.14r1_167/bin/../lib/gcc/msp430-elf/4.9.1/../../../../msp430-elf/lib/large\libc.a(lib_a-errno.o)
 .text.__errno  0x0000e75e        0x6 c:/ti/ccsv6/tools/compiler/gcc_msp430_4.9.14r1_167/bin/../lib/gcc/msp430-elf/4.9.1/../../../../msp430-elf/lib/large\libc.a(lib_a-errno.o)
                0x0000e75e                __errno
 .text          0x0000e764       0x24 c:/ti/ccsv6/tools/compiler/gcc_msp430_4.9.14r1_167/bin/../lib/gcc/msp430-elf/4.9.1/large/crtend.o
 .text          0x0000e788        0x0 c:/ti/ccsv6/tools/compiler/gcc_msp430_4.9.14r1_167/bin/../lib/gcc/msp430-elf/4.9.1/../../../../msp430-elf/lib/large/crtn.o
 *(.text.*personality*)
 *(.gnu.warning)
 *(.interp .hash .dynsym .dynstr .gnu.version*)
                0x0000e788                PROVIDE (__etext, .)
                0x0000e788                PROVIDE (_etext, .)
                0x0000e788                PROVIDE (etext, .)
                0x0000e788                . = ALIGN (0x2)
 *(.init)
 .init          0x0000e788        0x0 c:/ti/ccsv6/tools/compiler/gcc_msp430_4.9.14r1_167/bin/../lib/gcc/msp430-elf/4.9.1/../../../../msp430-elf/lib/large/crt0.o
                0x0000e788                __msp430_init
 .init          0x0000e788        0x4 c:/ti/ccsv6/tools/compiler/gcc_msp430_4.9.14r1_167/bin/../lib/gcc/msp430-elf/4.9.1/large/crtbegin.o
 .init          0x0000e78c        0x4 c:/ti/ccsv6/tools/compiler/gcc_msp430_4.9.14r1_167/bin/../lib/gcc/msp430-elf/4.9.1/large/crtend.o
 .init          0x0000e790        0xa c:/ti/ccsv6/tools/compiler/gcc_msp430_4.9.14r1_167/bin/../lib/gcc/msp430-elf/4.9.1/../../../../msp430-elf/lib/large/crtn.o
                0x0000e79a                __msp430_init_end
 *(.fini)
 .fini          0x0000e79a        0x4 c:/ti/ccsv6/tools/compiler/gcc_msp430_4.9.14r1_167/bin/../lib/gcc/msp430-elf/4.9.1/../../../../msp430-elf/lib/large/crt0.o
                0x0000e79a                __msp430_fini
 .fini          0x0000e79e        0x4 c:/ti/ccsv6/tools/compiler/gcc_msp430_4.9.14r1_167/bin/../lib/gcc/msp430-elf/4.9.1/large/crtbegin.o
 .fini          0x0000e7a2        0x2 c:/ti/ccsv6/tools/compiler/gcc_msp430_4.9.14r1_167/bin/../lib/gcc/msp430-elf/4.9.1/../../../../msp430-elf/lib/large/crtn.o
                0x0000e7a4                __msp430_fini_end
 *(.tm_clone_table)
 .tm_clone_table
                0x0000e7a4        0x0 c:/ti/ccsv6/tools/compiler/gcc_msp430_4.9.14r1_167/bin/../lib/gcc/msp430-elf/4.9.1/large/crtbegin.o
 .tm_clone_table
                0x0000e7a4        0x0 c:/ti/ccsv6/tools/compiler/gcc_msp430_4.9.14r1_167/bin/../lib/gcc/msp430-elf/4.9.1/large/crtend.o
                0x0000e7a4                __TMC_END__

.upper.text     0x00010000        0x0
                0x00010000                . = ALIGN (0x2)
 *(.upper.text.* .upper.text)

.infoA

.infoB

.infoC

.infoD

.upper          0x00001de4        0x0
 *(.upper.bss.* .upper.bss)
 *(.upper.data.* .upper.data)
                0x00000001                ASSERT ((SIZEOF (.upper) == 0x0), This MCU does not support placing read/write data into high memory)

.MP430.attributes
                0x00000000      0x5d7
 *(.MSP430.attributes)
 .MSP430.attributes
                0x00000000       0x17 c:/ti/ccsv6/tools/compiler/gcc_msp430_4.9.14r1_167/bin/../lib/gcc/msp430-elf/4.9.1/../../../../msp430-elf/lib/large/crt0.o
 .MSP430.attributes
                0x00000017       0x17 c:/ti/ccsv6/tools/compiler/gcc_msp430_4.9.14r1_167/bin/../lib/gcc/msp430-elf/4.9.1/large/crtbegin.o
 .MSP430.attributes
                0x0000002e       0x17 ./main.o
 .MSP430.attributes
                0x00000045       0x17 c:/ti/ccsv6/tools/compiler/gcc_msp430_4.9.14r1_167/bin/../lib/gcc/msp430-elf/4.9.1/../../../../msp430-elf/lib/large\libc.a(lib_a-memset.o)
 .MSP430.attributes
                0x0000005c       0x17 c:/ti/ccsv6/tools/compiler/gcc_msp430_4.9.14r1_167/bin/../lib/gcc/msp430-elf/4.9.1/../../../../msp430-elf/lib/large\libc.a(lib_a-sprintf.o)
 .MSP430.attributes
                0x00000073       0x17 c:/ti/ccsv6/tools/compiler/gcc_msp430_4.9.14r1_167/bin/../lib/gcc/msp430-elf/4.9.1/../../../../msp430-elf/lib/large\libc.a(lib_a-svfprintf.o)
 .MSP430.attributes
                0x0000008a       0x17 c:/ti/ccsv6/tools/compiler/gcc_msp430_4.9.14r1_167/bin/../lib/gcc/msp430-elf/4.9.1/../../../../msp430-elf/lib/large\libc.a(lib_a-dtoa.o)
 .MSP430.attributes
                0x000000a1       0x17 c:/ti/ccsv6/tools/compiler/gcc_msp430_4.9.14r1_167/bin/../lib/gcc/msp430-elf/4.9.1/../../../../msp430-elf/lib/large\libc.a(lib_a-impure.o)
 .MSP430.attributes
                0x000000b8       0x17 c:/ti/ccsv6/tools/compiler/gcc_msp430_4.9.14r1_167/bin/../lib/gcc/msp430-elf/4.9.1/../../../../msp430-elf/lib/large\libc.a(lib_a-locale.o)
 .MSP430.attributes
                0x000000cf       0x17 c:/ti/ccsv6/tools/compiler/gcc_msp430_4.9.14r1_167/bin/../lib/gcc/msp430-elf/4.9.1/../../../../msp430-elf/lib/large\libc.a(lib_a-malloc.o)
 .MSP430.attributes
                0x000000e6       0x17 c:/ti/ccsv6/tools/compiler/gcc_msp430_4.9.14r1_167/bin/../lib/gcc/msp430-elf/4.9.1/../../../../msp430-elf/lib/large\libc.a(lib_a-memchr.o)
 .MSP430.attributes
                0x000000fd       0x17 c:/ti/ccsv6/tools/compiler/gcc_msp430_4.9.14r1_167/bin/../lib/gcc/msp430-elf/4.9.1/../../../../msp430-elf/lib/large\libc.a(lib_a-memcpy.o)
 .MSP430.attributes
                0x00000114       0x17 c:/ti/ccsv6/tools/compiler/gcc_msp430_4.9.14r1_167/bin/../lib/gcc/msp430-elf/4.9.1/../../../../msp430-elf/lib/large\libc.a(lib_a-mprec.o)
 .MSP430.attributes
                0x0000012b       0x17 c:/ti/ccsv6/tools/compiler/gcc_msp430_4.9.14r1_167/bin/../lib/gcc/msp430-elf/4.9.1/../../../../msp430-elf/lib/large\libc.a(lib_a-nano-callocr.o)
 .MSP430.attributes
                0x00000142       0x17 c:/ti/ccsv6/tools/compiler/gcc_msp430_4.9.14r1_167/bin/../lib/gcc/msp430-elf/4.9.1/../../../../msp430-elf/lib/large\libc.a(lib_a-nano-freer.o)
 .MSP430.attributes
                0x00000159       0x17 c:/ti/ccsv6/tools/compiler/gcc_msp430_4.9.14r1_167/bin/../lib/gcc/msp430-elf/4.9.1/../../../../msp430-elf/lib/large\libc.a(lib_a-nano-mallocr.o)
 .MSP430.attributes
                0x00000170       0x17 c:/ti/ccsv6/tools/compiler/gcc_msp430_4.9.14r1_167/bin/../lib/gcc/msp430-elf/4.9.1/../../../../msp430-elf/lib/large\libc.a(lib_a-s_fpclassify.o)
 .MSP430.attributes
                0x00000187       0x17 c:/ti/ccsv6/tools/compiler/gcc_msp430_4.9.14r1_167/bin/../lib/gcc/msp430-elf/4.9.1/../../../../msp430-elf/lib/large\libc.a(lib_a-sbrkr.o)
 .MSP430.attributes
                0x0000019e       0x17 c:/ti/ccsv6/tools/compiler/gcc_msp430_4.9.14r1_167/bin/../lib/gcc/msp430-elf/4.9.1/../../../../msp430-elf/lib/large\libc.a(lib_a-strcmp.o)
 .MSP430.attributes
                0x000001b5       0x17 c:/ti/ccsv6/tools/compiler/gcc_msp430_4.9.14r1_167/bin/../lib/gcc/msp430-elf/4.9.1/../../../../msp430-elf/lib/large\libc.a(lib_a-strlen.o)
 .MSP430.attributes
                0x000001cc       0x17 c:/ti/ccsv6/tools/compiler/gcc_msp430_4.9.14r1_167/bin/../lib/gcc/msp430-elf/4.9.1/../../../../msp430-elf/lib/large\libc.a(lib_a-svfiprintf.o)
 .MSP430.attributes
                0x000001e3       0x17 c:/ti/ccsv6/tools/compiler/gcc_msp430_4.9.14r1_167/bin/../lib/gcc/msp430-elf/4.9.1/../../../../msp430-elf/lib/large\libc.a(lib_a-memmove.o)
 .MSP430.attributes
                0x000001fa       0x17 c:/ti/ccsv6/tools/compiler/gcc_msp430_4.9.14r1_167/bin/../lib/gcc/msp430-elf/4.9.1/../../../../msp430-elf/lib/large\libc.a(lib_a-nano-reallocr.o)
 .MSP430.attributes
                0x00000211       0x17 c:/ti/ccsv6/tools/compiler/gcc_msp430_4.9.14r1_167/bin/../lib/gcc/msp430-elf/4.9.1/../../../../msp430-elf/lib/large\libc.a(lib_a-reent.o)
 .MSP430.attributes
                0x00000228       0x17 c:/ti/ccsv6/tools/compiler/gcc_msp430_4.9.14r1_167/bin/../lib/gcc/msp430-elf/4.9.1/../../../../msp430-elf/lib/large\libc.a(lib_a-nano-msizer.o)
 .MSP430.attributes
                0x0000023f       0x17 c:/ti/ccsv6/tools/compiler/gcc_msp430_4.9.14r1_167/bin/../lib/gcc/msp430-elf/4.9.1/large\libgcc.a(_addsub_df.o)
 .MSP430.attributes
                0x00000256       0x17 c:/ti/ccsv6/tools/compiler/gcc_msp430_4.9.14r1_167/bin/../lib/gcc/msp430-elf/4.9.1/large\libgcc.a(_mul_df.o)
 .MSP430.attributes
                0x0000026d       0x17 c:/ti/ccsv6/tools/compiler/gcc_msp430_4.9.14r1_167/bin/../lib/gcc/msp430-elf/4.9.1/large\libgcc.a(_div_df.o)
 .MSP430.attributes
                0x00000284       0x17 c:/ti/ccsv6/tools/compiler/gcc_msp430_4.9.14r1_167/bin/../lib/gcc/msp430-elf/4.9.1/large\libgcc.a(_eq_df.o)
 .MSP430.attributes
                0x0000029b       0x17 c:/ti/ccsv6/tools/compiler/gcc_msp430_4.9.14r1_167/bin/../lib/gcc/msp430-elf/4.9.1/large\libgcc.a(_ne_df.o)
 .MSP430.attributes
                0x000002b2       0x17 c:/ti/ccsv6/tools/compiler/gcc_msp430_4.9.14r1_167/bin/../lib/gcc/msp430-elf/4.9.1/large\libgcc.a(_gt_df.o)
 .MSP430.attributes
                0x000002c9       0x17 c:/ti/ccsv6/tools/compiler/gcc_msp430_4.9.14r1_167/bin/../lib/gcc/msp430-elf/4.9.1/large\libgcc.a(_ge_df.o)
 .MSP430.attributes
                0x000002e0       0x17 c:/ti/ccsv6/tools/compiler/gcc_msp430_4.9.14r1_167/bin/../lib/gcc/msp430-elf/4.9.1/large\libgcc.a(_lt_df.o)
 .MSP430.attributes
                0x000002f7       0x17 c:/ti/ccsv6/tools/compiler/gcc_msp430_4.9.14r1_167/bin/../lib/gcc/msp430-elf/4.9.1/large\libgcc.a(_si_to_df.o)
 .MSP430.attributes
                0x0000030e       0x17 c:/ti/ccsv6/tools/compiler/gcc_msp430_4.9.14r1_167/bin/../lib/gcc/msp430-elf/4.9.1/large\libgcc.a(_df_to_si.o)
 .MSP430.attributes
                0x00000325       0x17 c:/ti/ccsv6/tools/compiler/gcc_msp430_4.9.14r1_167/bin/../lib/gcc/msp430-elf/4.9.1/large\libgcc.a(_thenan_df.o)
 .MSP430.attributes