<?xml version="1.0"?>
<link_info>
   <banner>MSP430 Linker PC v4.4.4</banner>
   <copyright>Copyright (c) 2003-2015 Texas Instruments Incorporated</copyright>
   <link_time>0x56078791</link_time>
   <link_errors>0x0</link_errors>
   <output_file>MSP430_Micron_SPI_Flash.out</output_file>
   <entry_point>
      <name>_c_int00_noargs</name>
      <address>0x5c00</address>
   </entry_point>
   <input_file_list>
      <input_file id="fl-2">
         <path>.\</path>
         <kind>object</kind>
         <file>N25Q.obj</file>
         <name>N25Q.obj</name>
      </input_file>
      <input_file id="fl-3">
         <path>.\</path>
         <kind>object</kind>
         <file>Serialize.obj</file>
         <name>Serialize.obj</name>
      </input_file>
      <input_file id="fl-4">
         <path>.\</path>
         <kind>object</kind>
         <file>main.obj</file>
         <name>main.obj</name>
      </input_file>
      <input_file id="fl-5">
         <path>.\SPI_FFS\</path>
         <kind>object</kind>
         <file>spiffs_cache.obj</file>
         <name>spiffs_cache.obj</name>
      </input_file>
      <input_file id="fl-6">
         <path>.\SPI_FFS\</path>
         <kind>object</kind>
         <file>spiffs_check.obj</file>
         <name>spiffs_check.obj</name>
      </input_file>
      <input_file id="fl-7">
         <path>.\SPI_FFS\</path>
         <kind>object</kind>
         <file>spiffs_gc.obj</file>
         <name>spiffs_gc.obj</name>
      </input_file>
      <input_file id="fl-8">
         <path>.\SPI_FFS\</path>
         <kind>object</kind>
         <file>spiffs_hal.obj</file>
         <name>spiffs_hal.obj</name>
      </input_file>
      <input_file id="fl-9">
         <path>.\SPI_FFS\</path>
         <kind>object</kind>
         <file>spiffs_hydrogen.obj</file>
         <name>spiffs_hydrogen.obj</name>
      </input_file>
      <input_file id="fl-a">
         <path>.\SPI_FFS\</path>
         <kind>object</kind>
         <file>spiffs_nucleus.obj</file>
         <name>spiffs_nucleus.obj</name>
      </input_file>
      <input_file id="fl-3f">
         <path>C:\ti\ccsv6\tools\compiler\ti-cgt-msp430_4.4.4\lib\</path>
         <kind>archive</kind>
         <file>rts430x_lc_rd_eabi.lib</file>
         <name>boot.obj</name>
      </input_file>
      <input_file id="fl-40">
         <path>C:\ti\ccsv6\tools\compiler\ti-cgt-msp430_4.4.4\lib\</path>
         <kind>archive</kind>
         <file>rts430x_lc_rd_eabi.lib</file>
         <name>boot_special.obj</name>
      </input_file>
      <input_file id="fl-41">
         <path>C:\ti\ccsv6\tools\compiler\ti-cgt-msp430_4.4.4\lib\</path>
         <kind>archive</kind>
         <file>rts430x_lc_rd_eabi.lib</file>
         <name>clock.obj</name>
      </input_file>
      <input_file id="fl-42">
         <path>C:\ti\ccsv6\tools\compiler\ti-cgt-msp430_4.4.4\lib\</path>
         <kind>archive</kind>
         <file>rts430x_lc_rd_eabi.lib</file>
         <name>copy_decompress_none.obj</name>
      </input_file>
      <input_file id="fl-43">
         <path>C:\ti\ccsv6\tools\compiler\ti-cgt-msp430_4.4.4\lib\</path>
         <kind>archive</kind>
         <file>rts430x_lc_rd_eabi.lib</file>
         <name>copy_decompress_rle.obj</name>
      </input_file>
      <input_file id="fl-44">
         <path>C:\ti\ccsv6\tools\compiler\ti-cgt-msp430_4.4.4\lib\</path>
         <kind>archive</kind>
         <file>rts430x_lc_rd_eabi.lib</file>
         <name>copy_zero_init.obj</name>
      </input_file>
      <input_file id="fl-45">
         <path>C:\ti\ccsv6\tools\compiler\ti-cgt-msp430_4.4.4\lib\</path>
         <kind>archive</kind>
         <file>rts430x_lc_rd_eabi.lib</file>
         <name>div16s.obj</name>
      </input_file>
      <input_file id="fl-46">
         <path>C:\ti\ccsv6\tools\compiler\ti-cgt-msp430_4.4.4\lib\</path>
         <kind>archive</kind>
         <file>rts430x_lc_rd_eabi.lib</file>
         <name>div16u.obj</name>
      </input_file>
      <input_file id="fl-47">
         <path>C:\ti\ccsv6\tools\compiler\ti-cgt-msp430_4.4.4\lib\</path>
         <kind>archive</kind>
         <file>rts430x_lc_rd_eabi.lib</file>
         <name>div32u.obj</name>
      </input_file>
      <input_file id="fl-48">
         <path>C:\ti\ccsv6\tools\compiler\ti-cgt-msp430_4.4.4\lib\</path>
         <kind>archive</kind>
         <file>rts430x_lc_rd_eabi.lib</file>
         <name>exit.obj</name>
      </input_file>
      <input_file id="fl-49">
         <path>C:\ti\ccsv6\tools\compiler\ti-cgt-msp430_4.4.4\lib\</path>
         <kind>archive</kind>
         <file>rts430x_lc_rd_eabi.lib</file>
         <name>exit_gvars.obj</name>
      </input_file>
      <input_file id="fl-4a">
         <path>C:\ti\ccsv6\tools\compiler\ti-cgt-msp430_4.4.4\lib\</path>
         <kind>archive</kind>
         <file>rts430x_lc_rd_eabi.lib</file>
         <name>fputs.obj</name>
      </input_file>
      <input_file id="fl-4b">
         <path>C:\ti\ccsv6\tools\compiler\ti-cgt-msp430_4.4.4\lib\</path>
         <kind>archive</kind>
         <file>rts430x_lc_rd_eabi.lib</file>
         <name>int41.obj</name>
      </input_file>
      <input_file id="fl-4c">
         <path>C:\ti\ccsv6\tools\compiler\ti-cgt-msp430_4.4.4\lib\</path>
         <kind>archive</kind>
         <file>rts430x_lc_rd_eabi.lib</file>
         <name>int42.obj</name>
      </input_file>
      <input_file id="fl-4d">
         <path>C:\ti\ccsv6\tools\compiler\ti-cgt-msp430_4.4.4\lib\</path>
         <kind>archive</kind>
         <file>rts430x_lc_rd_eabi.lib</file>
         <name>int43.obj</name>
      </input_file>
      <input_file id="fl-4e">
         <path>C:\ti\ccsv6\tools\compiler\ti-cgt-msp430_4.4.4\lib\</path>
         <kind>archive</kind>
         <file>rts430x_lc_rd_eabi.lib</file>
         <name>int44.obj</name>
      </input_file>
      <input_file id="fl-4f">
         <path>C:\ti\ccsv6\tools\compiler\ti-cgt-msp430_4.4.4\lib\</path>
         <kind>archive</kind>
         <file>rts430x_lc_rd_eabi.lib</file>
         <name>int45.obj</name>
      </input_file>
      <input_file id="fl-50">
         <path>C:\ti\ccsv6\tools\compiler\ti-cgt-msp430_4.4.4\lib\</path>
         <kind>archive</kind>
         <file>rts430x_lc_rd_eabi.lib</file>
         <name>int47.obj</name>
      </input_file>
      <input_file id="fl-51">
         <path>C:\ti\ccsv6\tools\compiler\ti-cgt-msp430_4.4.4\lib\</path>
         <kind>archive</kind>
         <file>rts430x_lc_rd_eabi.lib</file>
         <name>int48.obj</name>
      </input_file>
      <input_file id="fl-52">
         <path>C:\ti\ccsv6\tools\compiler\ti-cgt-msp430_4.4.4\lib\</path>
         <kind>archive</kind>
         <file>rts430x_lc_rd_eabi.lib</file>
         <name>int49.obj</name>
      </input_file>
      <input_file id="fl-53">
         <path>C:\ti\ccsv6\tools\compiler\ti-cgt-msp430_4.4.4\lib\</path>
         <kind>archive</kind>
         <file>rts430x_lc_rd_eabi.lib</file>
         <name>int50.obj</name>
      </input_file>
      <input_file id="fl-54">
         <path>C:\ti\ccsv6\tools\compiler\ti-cgt-msp430_4.4.4\lib\</path>
         <kind>archive</kind>
         <file>rts430x_lc_rd_eabi.lib</file>
         <name>int51.obj</name>
      </input_file>
      <input_file id="fl-55">
         <path>C:\ti\ccsv6\tools\compiler\ti-cgt-msp430_4.4.4\lib\</path>
         <kind>archive</kind>
         <file>rts430x_lc_rd_eabi.lib</file>
         <name>int52.obj</name>
      </input_file>
      <input_file id="fl-56">
         <path>C:\ti\ccsv6\tools\compiler\ti-cgt-msp430_4.4.4\lib\</path>
         <kind>archive</kind>
         <file>rts430x_lc_rd_eabi.lib</file>
         <name>int53.obj</name>
      </input_file>
      <input_file id="fl-57">
         <path>C:\ti\ccsv6\tools\compiler\ti-cgt-msp430_4.4.4\lib\</path>
         <kind>archive</kind>
         <file>rts430x_lc_rd_eabi.lib</file>
         <name>int54.obj</name>
      </input_file>
      <input_file id="fl-58">
         <path>C:\ti\ccsv6\tools\compiler\ti-cgt-msp430_4.4.4\lib\</path>
         <kind>archive</kind>
         <file>rts430x_lc_rd_eabi.lib</file>
         <name>int55.obj</name>
      </input_file>
      <input_file id="fl-59">
         <path>C:\ti\ccsv6\tools\compiler\ti-cgt-msp430_4.4.4\lib\</path>
         <kind>archive</kind>
         <file>rts430x_lc_rd_eabi.lib</file>
         <name>int56.obj</name>
      </input_file>
      <input_file id="fl-5a">
         <path>C:\ti\ccsv6\tools\compiler\ti-cgt-msp430_4.4.4\lib\</path>
         <kind>archive</kind>
         <file>rts430x_lc_rd_eabi.lib</file>
         <name>int57.obj</name>
      </input_file>
      <input_file id="fl-5b">
         <path>C:\ti\ccsv6\tools\compiler\ti-cgt-msp430_4.4.4\lib\</path>
         <kind>archive</kind>
         <file>rts430x_lc_rd_eabi.lib</file>
         <name>int58.obj</name>
      </input_file>
      <input_file id="fl-5c">
         <path>C:\ti\ccsv6\tools\compiler\ti-cgt-msp430_4.4.4\lib\</path>
         <kind>archive</kind>
         <file>rts430x_lc_rd_eabi.lib</file>
         <name>int59.obj</name>
      </input_file>
      <input_file id="fl-5d">
         <path>C:\ti\ccsv6\tools\compiler\ti-cgt-msp430_4.4.4\lib\</path>
         <kind>archive</kind>
         <file>rts430x_lc_rd_eabi.lib</file>
         <name>int60.obj</name>
      </input_file>
      <input_file id="fl-5e">
         <path>C:\ti\ccsv6\tools\compiler\ti-cgt-msp430_4.4.4\lib\</path>
         <kind>archive</kind>
         <file>rts430x_lc_rd_eabi.lib</file>
         <name>int61.obj</name>
      </input_file>
      <input_file id="fl-5f">
         <path>C:\ti\ccsv6\tools\compiler\ti-cgt-msp430_4.4.4\lib\</path>
         <kind>archive</kind>
         <file>rts430x_lc_rd_eabi.lib</file>
         <name>int62.obj</name>
      </input_file>
      <input_file id="fl-60">
         <path>C:\ti\ccsv6\tools\compiler\ti-cgt-msp430_4.4.4\lib\</path>
         <kind>archive</kind>
         <file>rts430x_lc_rd_eabi.lib</file>
         <name>isr_trap.obj</name>
      </input_file>
      <input_file id="fl-61">
         <path>C:\ti\ccsv6\tools\compiler\ti-cgt-msp430_4.4.4\lib\</path>
         <kind>archive</kind>
         <file>rts430x_lc_rd_eabi.lib</file>
         <name>lowlev.obj</name>
      </input_file>
      <input_file id="fl-62">
         <path>C:\ti\ccsv6\tools\compiler\ti-cgt-msp430_4.4.4\lib\</path>
         <kind>archive</kind>
         <file>rts430x_lc_rd_eabi.lib</file>
         <name>lsl16.obj</name>
      </input_file>
      <input_file id="fl-63">
         <path>C:\ti\ccsv6\tools\compiler\ti-cgt-msp430_4.4.4\lib\</path>
         <kind>archive</kind>
         <file>rts430x_lc_rd_eabi.lib</file>
         <name>lsl32.obj</name>
      </input_file>
      <input_file id="fl-64">
         <path>C:\ti\ccsv6\tools\compiler\ti-cgt-msp430_4.4.4\lib\</path>
         <kind>archive</kind>
         <file>rts430x_lc_rd_eabi.lib</file>
         <name>lsr16.obj</name>
      </input_file>
      <input_file id="fl-65">
         <path>C:\ti\ccsv6\tools\compiler\ti-cgt-msp430_4.4.4\lib\</path>
         <kind>archive</kind>
         <file>rts430x_lc_rd_eabi.lib</file>
         <name>lsr32.obj</name>
      </input_file>
      <input_file id="fl-66">
         <path>C:\ti\ccsv6\tools\compiler\ti-cgt-msp430_4.4.4\lib\</path>
         <kind>archive</kind>
         <file>rts430x_lc_rd_eabi.lib</file>
         <name>memchr.obj</name>
      </input_file>
      <input_file id="fl-67">
         <path>C:\ti\ccsv6\tools\compiler\ti-cgt-msp430_4.4.4\lib\</path>
         <kind>archive</kind>
         <file>rts430x_lc_rd_eabi.lib</file>
         <name>memcpy.obj</name>
      </input_file>
      <input_file id="fl-68">
         <path>C:\ti\ccsv6\tools\compiler\ti-cgt-msp430_4.4.4\lib\</path>
         <kind>archive</kind>
         <file>rts430x_lc_rd_eabi.lib</file>
         <name>memset.obj</name>
      </input_file>
      <input_file id="fl-69">
         <path>C:\ti\ccsv6\tools\compiler\ti-cgt-msp430_4.4.4\lib\</path>
         <kind>archive</kind>
         <file>rts430x_lc_rd_eabi.lib</file>
         <name>mpu_init.obj</name>
      </input_file>
      <input_file id="fl-6a">
         <path>C:\ti\ccsv6\tools\compiler\ti-cgt-msp430_4.4.4\lib\</path>
         <kind>archive</kind>
         <file>rts430x_lc_rd_eabi.lib</file>
         <name>mult16.obj</name>
      </input_file>
      <input_file id="fl-6b">
         <path>C:\ti\ccsv6\tools\compiler\ti-cgt-msp430_4.4.4\lib\</path>
         <kind>archive</kind>
         <file>rts430x_lc_rd_eabi.lib</file>
         <name>mult1632_f5hw.obj</name>
      </input_file>
      <input_file id="fl-6c">
         <path>C:\ti\ccsv6\tools\compiler\ti-cgt-msp430_4.4.4\lib\</path>
         <kind>archive</kind>
         <file>rts430x_lc_rd_eabi.lib</file>
         <name>mult16_f5hw.obj</name>
      </input_file>
      <input_file id="fl-6d">
         <path>C:\ti\ccsv6\tools\compiler\ti-cgt-msp430_4.4.4\lib\</path>
         <kind>archive</kind>
         <file>rts430x_lc_rd_eabi.lib</file>
         <name>mult32.obj</name>
      </input_file>
      <input_file id="fl-6e">
         <path>C:\ti\ccsv6\tools\compiler\ti-cgt-msp430_4.4.4\lib\</path>
         <kind>archive</kind>
         <file>rts430x_lc_rd_eabi.lib</file>
         <name>mult3264_f5hw.obj</name>
      </input_file>
      <input_file id="fl-6f">
         <path>C:\ti\ccsv6\tools\compiler\ti-cgt-msp430_4.4.4\lib\</path>
         <kind>archive</kind>
         <file>rts430x_lc_rd_eabi.lib</file>
         <name>mult32_f5hw.obj</name>
      </input_file>
      <input_file id="fl-70">
         <path>C:\ti\ccsv6\tools\compiler\ti-cgt-msp430_4.4.4\lib\</path>
         <kind>archive</kind>
         <file>rts430x_lc_rd_eabi.lib</file>
         <name>mult64_f5hw.obj</name>
      </input_file>
      <input_file id="fl-71">
         <path>C:\ti\ccsv6\tools\compiler\ti-cgt-msp430_4.4.4\lib\</path>
         <kind>archive</kind>
         <file>rts430x_lc_rd_eabi.lib</file>
         <name>pre_init.obj</name>
      </input_file>
      <input_file id="fl-72">
         <path>C:\ti\ccsv6\tools\compiler\ti-cgt-msp430_4.4.4\lib\</path>
         <kind>archive</kind>
         <file>rts430x_lc_rd_eabi.lib</file>
         <name>printf.obj</name>
      </input_file>
      <input_file id="fl-73">
         <path>C:\ti\ccsv6\tools\compiler\ti-cgt-msp430_4.4.4\lib\</path>
         <kind>archive</kind>
         <file>rts430x_lc_rd_eabi.lib</file>
         <name>strchr.obj</name>
      </input_file>
      <input_file id="fl-74">
         <path>C:\ti\ccsv6\tools\compiler\ti-cgt-msp430_4.4.4\lib\</path>
         <kind>archive</kind>
         <file>rts430x_lc_rd_eabi.lib</file>
         <name>strcmp.obj</name>
      </input_file>
      <input_file id="fl-75">
         <path>C:\ti\ccsv6\tools\compiler\ti-cgt-msp430_4.4.4\lib\</path>
         <kind>archive</kind>
         <file>rts430x_lc_rd_eabi.lib</file>
         <name>strcpy.obj</name>
      </input_file>
      <input_file id="fl-76">
         <path>C:\ti\ccsv6\tools\compiler\ti-cgt-msp430_4.4.4\lib\</path>
         <kind>archive</kind>
         <file>rts430x_lc_rd_eabi.lib</file>
         <name>strlen.obj</name>
      </input_file>
      <input_file id="fl-77">
         <path>C:\ti\ccsv6\tools\compiler\ti-cgt-msp430_4.4.4\lib\</path>
         <kind>archive</kind>
         <file>rts430x_lc_rd_eabi.lib</file>
         <name>strncpy.obj</name>
      </input_file>
      <input_file id="fl-78">
         <path>C:\ti\ccsv6\tools\compiler\ti-cgt-msp430_4.4.4\lib\</path>
         <kind>archive</kind>
         <file>rts430x_lc_rd_eabi.lib</file>
         <name>trgdrv.obj</name>
      </input_file>
      <input_file id="fl-79">
         <path>C:\ti\ccsv6\tools\compiler\ti-cgt-msp430_4.4.4\lib\</path>
         <kind>archive</kind>
         <file>rts430x_lc_rd_eabi.lib</file>
         <name>trgmsg.obj</name>
      </input_file>
      <input_file id="fl-7a">
         <path>C:\ti\ccsv6\tools\compiler\ti-cgt-msp430_4.4.4\lib\</path>
         <kind>archive</kind>
         <file>rts430x_lc_rd_eabi.lib</file>
         <name>vla_alloc.obj</name>
      </input_file>
      <input_file id="fl-7b">
         <path>C:\ti\ccsv6\tools\compiler\ti-cgt-msp430_4.4.4\lib\</path>
         <kind>archive</kind>
         <file>rts430x_lc_rd_eabi.lib</file>
         <name>_io_perm.obj</name>
      </input_file>
      <input_file id="fl-7c">
         <path>C:\ti\ccsv6\tools\compiler\ti-cgt-msp430_4.4.4\lib\</path>
         <kind>archive</kind>
         <file>rts430x_lc_rd_eabi.lib</file>
         <name>_lock.obj</name>
      </input_file>
      <input_file id="fl-7d">
         <path>C:\ti\ccsv6\tools\compiler\ti-cgt-msp430_4.4.4\lib\</path>
         <kind>archive</kind>
         <file>rts430x_lc_rd_eabi.lib</file>
         <name>_printfi_nf.obj</name>
      </input_file>
      <input_file id="fl-7e">
         <path>C:\ti\ccsv6\tools\compiler\ti-cgt-msp430_4.4.4\lib\</path>
         <kind>archive</kind>
         <file>rts430x_lc_rd_eabi.lib</file>
         <name>args_main.obj</name>
      </input_file>
      <input_file id="fl-7f">
         <path>C:\ti\ccsv6\tools\compiler\ti-cgt-msp430_4.4.4\lib\</path>
         <kind>archive</kind>
         <file>rts430x_lc_rd_eabi.lib</file>
         <name>atoi.obj</name>
      </input_file>
      <input_file id="fl-80">
         <path>C:\ti\ccsv6\tools\compiler\ti-cgt-msp430_4.4.4\lib\</path>
         <kind>archive</kind>
         <file>rts430x_lc_rd_eabi.lib</file>
         <name>autoinit_wdt.obj</name>
      </input_file>
      <input_file id="fl-81">
         <path>C:\ti\ccsv6\tools\compiler\ti-cgt-msp430_4.4.4\lib\</path>
         <kind>archive</kind>
         <file>rts430x_lc_rd_eabi.lib</file>
         <name>ctype.obj</name>
      </input_file>
      <input_file id="fl-82">
         <path>C:\ti\ccsv6\tools\compiler\ti-cgt-msp430_4.4.4\lib\</path>
         <kind>archive</kind>
         <file>rts430x_lc_rd_eabi.lib</file>
         <name>defs.obj</name>
      </input_file>
      <input_file id="fl-83">
         <path>C:\ti\ccsv6\tools\compiler\ti-cgt-msp430_4.4.4\lib\</path>
         <kind>archive</kind>
         <file>rts430x_lc_rd_eabi.lib</file>
         <name>div64u.obj</name>
      </input_file>
      <input_file id="fl-84">
         <path>C:\ti\ccsv6\tools\compiler\ti-cgt-msp430_4.4.4\lib\</path>
         <kind>archive</kind>
         <file>rts430x_lc_rd_eabi.lib</file>
         <name>error.obj</name>
      </input_file>
      <input_file id="fl-85">
         <path>C:\ti\ccsv6\tools\compiler\ti-cgt-msp430_4.4.4\lib\</path>
         <kind>archive</kind>
         <file>rts430x_lc_rd_eabi.lib</file>
         <name>fflush.obj</name>
      </input_file>
      <input_file id="fl-86">
         <path>C:\ti\ccsv6\tools\compiler\ti-cgt-msp430_4.4.4\lib\</path>
         <kind>archive</kind>
         <file>rts430x_lc_rd_eabi.lib</file>
         <name>fprintf.obj</name>
      </input_file>
      <input_file id="fl-87">
         <path>C:\ti\ccsv6\tools\compiler\ti-cgt-msp430_4.4.4\lib\</path>
         <kind>archive</kind>
         <file>rts430x_lc_rd_eabi.lib</file>
         <name>fputc.obj</name>
      </input_file>
      <input_file id="fl-88">
         <path>C:\ti\ccsv6\tools\compiler\ti-cgt-msp430_4.4.4\lib\</path>
         <kind>archive</kind>
         <file>rts430x_lc_rd_eabi.lib</file>
         <name>fseek.obj</name>
      </input_file>
      <input_file id="fl-89">
         <path>C:\ti\ccsv6\tools\compiler\ti-cgt-msp430_4.4.4\lib\</path>
         <kind>archive</kind>
         <file>rts430x_lc_rd_eabi.lib</file>
         <name>lsl64.obj</name>
      </input_file>
      <input_file id="fl-8a">
         <path>C:\ti\ccsv6\tools\compiler\ti-cgt-msp430_4.4.4\lib\</path>
         <kind>archive</kind>
         <file>rts430x_lc_rd_eabi.lib</file>
         <name>lsr64.obj</name>
      </input_file>
      <input_file id="fl-8b">
         <path>C:\ti\ccsv6\tools\compiler\ti-cgt-msp430_4.4.4\lib\</path>
         <kind>archive</kind>
         <file>rts430x_lc_rd_eabi.lib</file>
         <name>memccpy.obj</name>
      </input_file>
      <input_file id="fl-8c">
         <path>C:\ti\ccsv6\tools\compiler\ti-cgt-msp430_4.4.4\lib\</path>
         <kind>archive</kind>
         <file>rts430x_lc_rd_eabi.lib</file>
         <name>memory.obj</name>
      </input_file>
      <input_file id="fl-8d">
         <path>C:\ti\ccsv6\tools\compiler\ti-cgt-msp430_4.4.4\lib\</path>
         <kind>archive</kind>
         <file>rts430x_lc_rd_eabi.lib</file>
         <name>setvbuf.obj</name>
      </input_file>
      <input_file id="fl-8e">
         <path>C:\ti\ccsv6\tools\compiler\ti-cgt-msp430_4.4.4\lib\</path>
         <kind>archive</kind>
         <file>rts430x_lc_rd_eabi.lib</file>
         <name>fopen.obj</name>
      </input_file>
      <input_file id="fl-8f">
         <path>C:\ti\ccsv6\tools\compiler\ti-cgt-msp430_4.4.4\lib\</path>
         <kind>archive</kind>
         <file>rts430x_lc_rd_eabi.lib</file>
         <name>fclose.obj</name>
      </input_file>
      <input_file id="fl-90">
         <path>C:\ti\ccsv6\tools\compiler\ti-cgt-msp430_4.4.4\lib\</path>
         <kind>archive</kind>
         <file>rts430x_lc_rd_eabi.lib</file>
         <name>remove.obj</name>
      </input_file>
   </input_file_list>
   <object_component_list>
      <object_component id="oc-1f8">
         <name>.common:fdo</name>
         <uninitialized>true</uninitialized>
         <run_address>0x24e8</run_address>
         <size>0x4</size>
      </object_component>
      <object_component id="oc-5b4">
         <name>.common:clkReset$1</name>
         <uninitialized>true</uninitialized>
         <run_address>0x24e0</run_address>
         <size>0x4</size>
      </object_component>
      <object_component id="oc-18b">
         <name>.common:flashDeviceObject</name>
         <uninitialized>true</uninitialized>
         <run_address>0x2280</run_address>
         <size>0xb8</size>
      </object_component>
      <object_component id="oc-2a6">
         <name>.common:fs</name>
         <uninitialized>true</uninitialized>
         <run_address>0x2458</run_address>
         <size>0x6e</size>
      </object_component>
      <object_component id="oc-3a8">
         <name>.common:spiffs_work_buf</name>
         <uninitialized>true</uninitialized>
         <run_address>0x2080</run_address>
         <size>0x200</size>
      </object_component>
      <object_component id="oc-3a9">
         <name>.common:spiffs_fds</name>
         <uninitialized>true</uninitialized>
         <run_address>0x23d8</run_address>
         <size>0x80</size>
      </object_component>
      <object_component id="oc-3a7">
         <name>.common:spiffs_cache_buf</name>
         <uninitialized>true</uninitialized>
         <run_address>0x1c00</run_address>
         <size>0x480</size>
      </object_component>
      <object_component id="oc-6a6">
         <name>.common:parmbuf</name>
         <uninitialized>true</uninitialized>
         <run_address>0x24d8</run_address>
         <size>0x8</size>
      </object_component>
      <object_component id="oc-45b">
         <name>.common:curr_vla_pool</name>
         <uninitialized>true</uninitialized>
         <run_address>0x24e4</run_address>
         <size>0x4</size>
      </object_component>
      <object_component id="oc-5cf">
         <name>.common:pool$1</name>
         <uninitialized>true</uninitialized>
         <run_address>0x24c6</run_address>
         <size>0x12</size>
      </object_component>
      <object_component id="oc-6fc">
         <name>.common:__TI_tmpnams</name>
         <uninitialized>true</uninitialized>
         <run_address>0x2338</run_address>
         <size>0xa0</size>
      </object_component>
      <object_component id="oc-5e1">
         <name>.common:sys_free</name>
         <uninitialized>true</uninitialized>
         <run_address>0x24f0</run_address>
         <size>0x4</size>
      </object_component>
      <object_component id="oc-6bc">
         <name>.common:sys_base</name>
         <uninitialized>true</uninitialized>
         <run_address>0x24ec</run_address>
         <size>0x4</size>
      </object_component>
      <object_component id="oc-6bb">
         <name>.common:memsize</name>
         <uninitialized>true</uninitialized>
         <run_address>0x24f4</run_address>
         <size>0x2</size>
      </object_component>
      <object_component id="oc-d3">
         <name>.sysmem</name>
         <uninitialized>true</uninitialized>
         <run_address>0x24f8</run_address>
         <size>0x6</size>
         <input_file_ref idref="fl-8c"/>
      </object_component>
      <object_component id="oc-7d0">
         <name>.sysmem</name>
         <uninitialized>true</uninitialized>
         <run_address>0x24f8</run_address>
         <size>0x0</size>
      </object_component>
      <object_component id="oc-cf">
         <name>.stack</name>
         <uninitialized>true</uninitialized>
         <run_address>0x5818</run_address>
         <size>0x4</size>
         <input_file_ref idref="fl-3f"/>
      </object_component>
      <object_component id="oc-7cf">
         <name>.stack</name>
         <uninitialized>true</uninitialized>
         <run_address>0x5818</run_address>
         <size>0x0</size>
      </object_component>
      <object_component id="oc-18e">
         <name>.text:Driver_Init</name>
         <load_address>0x10000</load_address>
         <run_address>0x10000</run_address>
         <size>0xfe6</size>
         <input_file_ref idref="fl-2"/>
      </object_component>
      <object_component id="oc-55e">
         <name>.text:spiffs_object_append</name>
         <load_address>0x10fe6</load_address>
         <run_address>0x10fe6</run_address>
         <size>0xb80</size>
         <input_file_ref idref="fl-a"/>
      </object_component>
      <object_component id="oc-558">
         <name>.text:spiffs_object_modify</name>
         <load_address>0x11b66</load_address>
         <run_address>0x11b66</run_address>
         <size>0x93c</size>
         <input_file_ref idref="fl-a"/>
      </object_component>
      <object_component id="oc-629">
         <name>.text:spiffs_gc_clean</name>
         <load_address>0x124a2</load_address>
         <run_address>0x124a2</run_address>
         <size>0x926</size>
         <input_file_ref idref="fl-7"/>
      </object_component>
      <object_component id="oc-3d7">
         <name>.text:spiffs_object_truncate</name>
         <load_address>0x12dc8</load_address>
         <run_address>0x12dc8</run_address>
         <size>0x8f4</size>
         <input_file_ref idref="fl-a"/>
      </object_component>
      <object_component id="oc-4d2">
         <name>.text:spiffs_obj_lu_find_entry_visitor</name>
         <load_address>0x136bc</load_address>
         <run_address>0x136bc</run_address>
         <size>0x498</size>
         <input_file_ref idref="fl-a"/>
      </object_component>
      <object_component id="oc-623">
         <name>.text:spiffs_gc_find_candidate</name>
         <load_address>0x13b54</load_address>
         <run_address>0x13b54</run_address>
         <size>0x480</size>
         <input_file_ref idref="fl-7"/>
      </object_component>
      <object_component id="oc-2b0">
         <name>.text:SPIFFS_write</name>
         <load_address>0x13fd4</load_address>
         <run_address>0x13fd4</run_address>
         <size>0x3fa</size>
         <input_file_ref idref="fl-9"/>
      </object_component>
      <object_component id="oc-40b">
         <name>.text:spiffs_object_read</name>
         <load_address>0x143ce</load_address>
         <run_address>0x143ce</run_address>
         <size>0x3ac</size>
         <input_file_ref idref="fl-a"/>
      </object_component>
      <object_component id="oc-53a">
         <name>.text:spiffs_page_allocate_data</name>
         <load_address>0x1477a</load_address>
         <run_address>0x1477a</run_address>
         <size>0x3a8</size>
         <input_file_ref idref="fl-a"/>
      </object_component>
      <object_component id="oc-724">
         <name>.text:__mspabi_divull</name>
         <load_address>0x14b22</load_address>
         <run_address>0x14b22</run_address>
         <size>0x39a</size>
         <input_file_ref idref="fl-83"/>
      </object_component>
      <object_component id="oc-4ec">
         <name>.text:spiffs_gc_check</name>
         <load_address>0x14ebc</load_address>
         <run_address>0x14ebc</run_address>
         <size>0x36a</size>
         <input_file_ref idref="fl-7"/>
      </object_component>
      <object_component id="oc-63d">
         <name>.text:spiffs_gc_quick</name>
         <load_address>0x15226</load_address>
         <run_address>0x15226</run_address>
         <size>0x356</size>
         <input_file_ref idref="fl-7"/>
      </object_component>
      <object_component id="oc-3cb">
         <name>.text:spiffs_object_create</name>
         <load_address>0x1557c</load_address>
         <run_address>0x1557c</run_address>
         <size>0x2e6</size>
         <input_file_ref idref="fl-a"/>
      </object_component>
      <object_component id="oc-546">
         <name>.text:spiffs_page_move</name>
         <load_address>0x15862</load_address>
         <run_address>0x15862</run_address>
         <size>0x2ca</size>
         <input_file_ref idref="fl-a"/>
      </object_component>
      <object_component id="oc-3c5">
         <name>.text:spiffs_obj_lu_find_free_obj_id</name>
         <load_address>0x15b2c</load_address>
         <run_address>0x15b2c</run_address>
         <size>0x25c</size>
         <input_file_ref idref="fl-a"/>
      </object_component>
      <object_component id="oc-37b">
         <name>.text:_setfield</name>
         <load_address>0x15d88</load_address>
         <run_address>0x15d88</run_address>
         <size>0x214</size>
         <input_file_ref idref="fl-7d"/>
      </object_component>
      <object_component id="oc-298">
         <name>.text:__TI_printfi_nofloat</name>
         <load_address>0x15f9c</load_address>
         <run_address>0x15f9c</run_address>
         <size>0x1f4</size>
         <input_file_ref idref="fl-7d"/>
      </object_component>
      <object_component id="oc-62f">
         <name>.text:spiffs_gc_erase_page_stats</name>
         <load_address>0x16190</load_address>
         <run_address>0x16190</run_address>
         <size>0x1ee</size>
         <input_file_ref idref="fl-7"/>
      </object_component>
      <object_component id="oc-3d1">
         <name>.text:spiffs_object_open_by_page</name>
         <load_address>0x1637e</load_address>
         <run_address>0x1637e</run_address>
         <size>0x1ec</size>
         <input_file_ref idref="fl-a"/>
      </object_component>
      <object_component id="oc-528">
         <name>.text:spiffs_object_update_index_hdr</name>
         <load_address>0x1656a</load_address>
         <run_address>0x1656a</run_address>
         <size>0x1dc</size>
         <input_file_ref idref="fl-a"/>
      </object_component>
      <object_component id="oc-2aa">
         <name>.text:SPIFFS_open</name>
         <load_address>0x16746</load_address>
         <run_address>0x16746</run_address>
         <size>0x1c8</size>
         <input_file_ref idref="fl-9"/>
      </object_component>
      <object_component id="oc-356">
         <name>.text:__vla_alloc</name>
         <load_address>0x1690e</load_address>
         <run_address>0x1690e</run_address>
         <size>0x198</size>
         <input_file_ref idref="fl-7a"/>
      </object_component>
      <object_component id="oc-515">
         <name>.text:spiffs_phys_rd</name>
         <load_address>0x16aa6</load_address>
         <run_address>0x16aa6</run_address>
         <size>0x198</size>
         <input_file_ref idref="fl-5"/>
      </object_component>
      <object_component id="oc-5fb">
         <name>.text:_getarg_diouxp</name>
         <load_address>0x16c3e</load_address>
         <run_address>0x16c3e</run_address>
         <size>0x188</size>
         <input_file_ref idref="fl-7d"/>
      </object_component>
      <object_component id="oc-4c3">
         <name>.text:spiffs_obj_lu_scan</name>
         <load_address>0x16dc6</load_address>
         <run_address>0x16dc6</run_address>
         <size>0x184</size>
         <input_file_ref idref="fl-a"/>
      </object_component>
      <object_component id="oc-51c">
         <name>.text:spiffs_page_index_check</name>
         <load_address>0x16f4a</load_address>
         <run_address>0x16f4a</run_address>
         <size>0x176</size>
         <input_file_ref idref="fl-a"/>
      </object_component>
      <object_component id="oc-534">
         <name>.text:spiffs_page_data_check</name>
         <load_address>0x170c0</load_address>
         <run_address>0x170c0</run_address>
         <size>0x168</size>
         <input_file_ref idref="fl-a"/>
      </object_component>
      <object_component id="oc-3aa">
         <name>.text:SPIFFS_mount</name>
         <load_address>0x17228</load_address>
         <run_address>0x17228</run_address>
         <size>0x164</size>
         <input_file_ref idref="fl-9"/>
      </object_component>
      <object_component id="oc-4e0">
         <name>.text:spiffs_obj_lu_find_free_obj_id_bitmap_v</name>
         <load_address>0x1738c</load_address>
         <run_address>0x1738c</run_address>
         <size>0x164</size>
         <input_file_ref idref="fl-a"/>
      </object_component>
      <object_component id="oc-2c2">
         <name>.text:SPIFFS_read</name>
         <load_address>0x174f0</load_address>
         <run_address>0x174f0</run_address>
         <size>0x162</size>
         <input_file_ref idref="fl-9"/>
      </object_component>
      <object_component id="oc-4da">
         <name>.text:spiffs_obj_lu_find_free_obj_id_compact_v</name>
         <load_address>0x17652</load_address>
         <run_address>0x17652</run_address>
         <size>0x162</size>
         <input_file_ref idref="fl-a"/>
      </object_component>
      <object_component id="oc-522">
         <name>.text:spiffs_page_delete</name>
         <load_address>0x177b4</load_address>
         <run_address>0x177b4</run_address>
         <size>0x154</size>
         <input_file_ref idref="fl-a"/>
      </object_component>
      <object_component id="oc-4a0">
         <name>.text:_pproc_diouxp</name>
         <load_address>0x17908</load_address>
         <run_address>0x17908</run_address>
         <size>0x148</size>
         <input_file_ref idref="fl-7d"/>
      </object_component>
      <object_component id="oc-5d1">
         <name>.text:realloc</name>
         <load_address>0x17a50</load_address>
         <run_address>0x17a50</run_address>
         <size>0x144</size>
         <input_file_ref idref="fl-8c"/>
      </object_component>
      <object_component id="oc-26d">
         <name>.text:FlashOTPProgram</name>
         <load_address>0x17b94</load_address>
         <run_address>0x17b94</run_address>
         <size>0x140</size>
         <input_file_ref idref="fl-2"/>
      </object_component>
      <object_component id="oc-6e1">
         <name>.text:spiffs_erase_block</name>
         <load_address>0x17cd4</load_address>
         <run_address>0x17cd4</run_address>
         <size>0x13c</size>
         <input_file_ref idref="fl-a"/>
      </object_component>
      <object_component id="oc-659">
         <name>.text:spiffs_obj_lu_find_id_and_span_v</name>
         <load_address>0x17e10</load_address>
         <run_address>0x17e10</run_address>
         <size>0x138</size>
         <input_file_ref idref="fl-a"/>
      </object_component>
      <object_component id="oc-4fd">
         <name>.text:spiffs_phys_wr</name>
         <load_address>0x17f48</load_address>
         <run_address>0x17f48</run_address>
         <size>0x126</size>
         <input_file_ref idref="fl-5"/>
      </object_component>
      <object_component id="oc-4cc">
         <name>.text:spiffs_object_find_object_index_header_by_name_v</name>
         <load_address>0x1806e</load_address>
         <run_address>0x1806e</run_address>
         <size>0x11e</size>
         <input_file_ref idref="fl-a"/>
      </object_component>
      <object_component id="oc-52e">
         <name>.text:spiffs_obj_lu_find_id_and_span</name>
         <load_address>0x1818c</load_address>
         <run_address>0x1818c</run_address>
         <size>0x112</size>
         <input_file_ref idref="fl-a"/>
      </object_component>
      <object_component id="oc-122">
         <name>.text:main</name>
         <load_address>0x1829e</load_address>
         <run_address>0x1829e</run_address>
         <size>0x100</size>
         <input_file_ref idref="fl-4"/>
      </object_component>
      <object_component id="oc-3b9">
         <name>.text:spiffs_object_find_object_index_header_by_name</name>
         <load_address>0x1839e</load_address>
         <run_address>0x1839e</run_address>
         <size>0xfc</size>
         <input_file_ref idref="fl-a"/>
      </object_component>
      <object_component id="oc-375">
         <name>.text:_pproc_fwp</name>
         <load_address>0x1849a</load_address>
         <run_address>0x1849a</run_address>
         <size>0xfa</size>
         <input_file_ref idref="fl-7d"/>
      </object_component>
      <object_component id="oc-1d3">
         <name>.text:fputs</name>
         <load_address>0x18594</load_address>
         <run_address>0x18594</run_address>
         <size>0xf0</size>
         <input_file_ref idref="fl-4a"/>
      </object_component>
      <object_component id="oc-4bd">
         <name>.text:spiffs_cache_init</name>
         <load_address>0x18684</load_address>
         <run_address>0x18684</run_address>
         <size>0xea</size>
         <input_file_ref idref="fl-5"/>
      </object_component>
      <object_component id="oc-41a">
         <name>.text:setvbuf</name>
         <load_address>0x1876e</load_address>
         <run_address>0x1876e</run_address>
         <size>0xe0</size>
         <input_file_ref idref="fl-8d"/>
      </object_component>
      <object_component id="oc-565">
         <name>.text:spiffs_cache_page_free</name>
         <load_address>0x1884e</load_address>
         <run_address>0x1884e</run_address>
         <size>0xd6</size>
         <input_file_ref idref="fl-5"/>
      </object_component>
      <object_component id="oc-436">
         <name>.text:FlashGenProgram</name>
         <load_address>0x18924</load_address>
         <run_address>0x18924</run_address>
         <size>0xd2</size>
         <input_file_ref idref="fl-2"/>
      </object_component>
      <object_component id="oc-261">
         <name>.text:FlashLockSector</name>
         <load_address>0x189f6</load_address>
         <run_address>0x189f6</run_address>
         <size>0xd2</size>
         <input_file_ref idref="fl-2"/>
      </object_component>
      <object_component id="oc-19a">
         <name>.text:test_spiffs</name>
         <load_address>0x18ac8</load_address>
         <run_address>0x18ac8</run_address>
         <size>0xd2</size>
         <input_file_ref idref="fl-8"/>
      </object_component>
      <object_component id="oc-404">
         <name>.text:spiffs_fflush_cache</name>
         <load_address>0x18b9a</load_address>
         <run_address>0x18b9a</run_address>
         <size>0xd0</size>
         <input_file_ref idref="fl-9"/>
      </object_component>
      <object_component id="oc-312">
         <name>.text:FlashDataProgram</name>
         <load_address>0x18c6a</load_address>
         <run_address>0x18c6a</run_address>
         <size>0xce</size>
         <input_file_ref idref="fl-2"/>
      </object_component>
      <object_component id="oc-3f0">
         <name>.text:spiffs_hydro_write</name>
         <load_address>0x18d38</load_address>
         <run_address>0x18d38</run_address>
         <size>0xce</size>
         <input_file_ref idref="fl-9"/>
      </object_component>
      <object_component id="oc-35c">
         <name>.text:__vla_dealloc</name>
         <load_address>0x18e06</load_address>
         <run_address>0x18e06</run_address>
         <size>0xc6</size>
         <input_file_ref idref="fl-7a"/>
      </object_component>
      <object_component id="oc-540">
         <name>.text:spiffs_phys_cpy</name>
         <load_address>0x18ecc</load_address>
         <run_address>0x18ecc</run_address>
         <size>0xc2</size>
         <input_file_ref idref="fl-a"/>
      </object_component>
      <object_component id="oc-470">
         <name>.text:malloc</name>
         <load_address>0x18f8e</load_address>
         <run_address>0x18f8e</run_address>
         <size>0xba</size>
         <input_file_ref idref="fl-8c"/>
      </object_component>
      <object_component id="oc-213">
         <name>.text:FlashSectorErase</name>
         <load_address>0x19048</load_address>
         <run_address>0x19048</run_address>
         <size>0xb8</size>
         <input_file_ref idref="fl-2"/>
      </object_component>
      <object_component id="oc-219">
         <name>.text:FlashSubSectorErase</name>
         <load_address>0x19100</load_address>
         <run_address>0x19100</run_address>
         <size>0xb8</size>
         <input_file_ref idref="fl-2"/>
      </object_component>
      <object_component id="oc-279">
         <name>.text:FlashDieErase</name>
         <load_address>0x191b8</load_address>
         <run_address>0x191b8</run_address>
         <size>0xb0</size>
         <input_file_ref idref="fl-2"/>
      </object_component>
      <object_component id="oc-56c">
         <name>.text:spiffs_cache_page_remove_oldest</name>
         <load_address>0x19268</load_address>
         <run_address>0x19268</run_address>
         <size>0xb0</size>
         <input_file_ref idref="fl-5"/>
      </object_component>
      <object_component id="oc-45e">
         <name>.text:_Z21free_dead_allocationsPv</name>
         <load_address>0x19318</load_address>
         <run_address>0x19318</run_address>
         <size>0xa8</size>
         <input_file_ref idref="fl-7a"/>
      </object_component>
      <object_component id="oc-381">
         <name>.text:_pproc_str</name>
         <load_address>0x193c0</load_address>
         <run_address>0x193c0</run_address>
         <size>0xa8</size>
         <input_file_ref idref="fl-7d"/>
      </object_component>
      <object_component id="oc-692">
         <name>.text:HOSTlseek</name>
         <load_address>0x19468</load_address>
         <run_address>0x19468</run_address>
         <size>0x9e</size>
         <input_file_ref idref="fl-78"/>
      </object_component>
      <object_component id="oc-601">
         <name>.text:_ltostr</name>
         <load_address>0x19506</load_address>
         <run_address>0x19506</run_address>
         <size>0x9e</size>
         <input_file_ref idref="fl-7d"/>
      </object_component>
      <object_component id="oc-509">
         <name>.text:spiffs_cb_object_event</name>
         <load_address>0x195a4</load_address>
         <run_address>0x195a4</run_address>
         <size>0x96</size>
         <input_file_ref idref="fl-a"/>
      </object_component>
      <object_component id="oc-368">
         <name>.text:fputc</name>
         <load_address>0x1963a</load_address>
         <run_address>0x1963a</run_address>
         <size>0x90</size>
         <input_file_ref idref="fl-87"/>
      </object_component>
      <object_component id="oc-64b">
         <name>.text:spiffs_cache_page_get</name>
         <load_address>0x196ca</load_address>
         <run_address>0x196ca</run_address>
         <size>0x90</size>
         <input_file_ref idref="fl-5"/>
      </object_component>
      <object_component id="oc-481">
         <name>.text:free</name>
         <load_address>0x1975a</load_address>
         <run_address>0x1975a</run_address>
         <size>0x8e</size>
         <input_file_ref idref="fl-8c"/>
      </object_component>
      <object_component id="oc-2a0">
         <name>.text:my_spiffs_mount</name>
         <load_address>0x197e8</load_address>
         <run_address>0x197e8</run_address>
         <size>0x8e</size>
         <input_file_ref idref="fl-8"/>
      </object_component>
      <object_component id="oc-4f2">
         <name>.text:spiffs_obj_lu_find_free</name>
         <load_address>0x19876</load_address>
         <run_address>0x19876</run_address>
         <size>0x8a</size>
         <input_file_ref idref="fl-a"/>
      </object_component>
      <object_component id="oc-6cd">
         <name>.text:_div</name>
         <load_address>0x19900</load_address>
         <run_address>0x19900</run_address>
         <size>0x88</size>
         <input_file_ref idref="fl-7d"/>
      </object_component>
      <object_component id="oc-572">
         <name>.text:spiffs_cache_page_allocate</name>
         <load_address>0x19988</load_address>
         <run_address>0x19988</run_address>
         <size>0x88</size>
         <input_file_ref idref="fl-5"/>
      </object_component>
      <object_component id="oc-1fb">
         <name>.text:FlashReadDeviceIdentification</name>
         <load_address>0x19a10</load_address>
         <run_address>0x19a10</run_address>
         <size>0x86</size>
         <input_file_ref idref="fl-2"/>
      </object_component>
      <object_component id="oc-3e5">
         <name>.text:spiffs_cache_page_get_by_fd</name>
         <load_address>0x19a96</load_address>
         <run_address>0x19a96</run_address>
         <size>0x86</size>
         <input_file_ref idref="fl-5"/>
      </object_component>
      <object_component id="oc-20d">
         <name>.text:DataRead</name>
         <load_address>0x19b1c</load_address>
         <run_address>0x19b1c</run_address>
         <size>0x84</size>
         <input_file_ref idref="fl-2"/>
      </object_component>
      <object_component id="oc-2d7">
         <name>.text:__TI_wrt_ok</name>
         <load_address>0x19ba0</load_address>
         <run_address>0x19ba0</run_address>
         <size>0x7e</size>
         <input_file_ref idref="fl-7b"/>
      </object_component>
      <object_component id="oc-305">
         <name>.text:Serialize_SPI</name>
         <load_address>0x19c1e</load_address>
         <run_address>0x19c1e</run_address>
         <size>0x7c</size>
         <input_file_ref idref="fl-3"/>
      </object_component>
      <object_component id="oc-319">
         <name>.text:FlashDataRead</name>
         <load_address>0x19c9a</load_address>
         <run_address>0x19c9a</run_address>
         <size>0x7a</size>
         <input_file_ref idref="fl-2"/>
      </object_component>
      <object_component id="oc-69e">
         <name>.text:HOSTrename</name>
         <load_address>0x19d14</load_address>
         <run_address>0x19d14</run_address>
         <size>0x74</size>
         <input_file_ref idref="fl-78"/>
      </object_component>
      <object_component id="oc-66e">
         <name>.text:__TI_closefile</name>
         <load_address>0x19d88</load_address>
         <run_address>0x19d88</run_address>
         <size>0x70</size>
         <input_file_ref idref="fl-8f"/>
      </object_component>
      <object_component id="oc-67a">
         <name>.text:HOSTopen</name>
         <load_address>0x19df8</load_address>
         <run_address>0x19df8</run_address>
         <size>0x6e</size>
         <input_file_ref idref="fl-78"/>
      </object_component>
      <object_component id="oc-108">
         <name>.text:_auto_init_hold_wdt</name>
         <load_address>0x19e66</load_address>
         <run_address>0x19e66</run_address>
         <size>0x6c</size>
         <input_file_ref idref="fl-80"/>
      </object_component>
      <object_component id="oc-68c">
         <name>.text:HOSTwrite</name>
         <load_address>0x19ed2</load_address>
         <run_address>0x19ed2</run_address>
         <size>0x6a</size>
         <input_file_ref idref="fl-78"/>
      </object_component>
      <object_component id="oc-414">
         <name>.text:fseek</name>
         <load_address>0x19f3c</load_address>
         <run_address>0x19f3c</run_address>
         <size>0x6a</size>
         <input_file_ref idref="fl-88"/>
      </object_component>
      <object_component id="oc-273">
         <name>.text:FlashOTPRead</name>
         <load_address>0x19fa6</load_address>
         <run_address>0x19fa6</run_address>
         <size>0x68</size>
         <input_file_ref idref="fl-2"/>
      </object_component>
      <object_component id="oc-686">
         <name>.text:HOSTread</name>
         <load_address>0x1a00e</load_address>
         <run_address>0x1a00e</run_address>
         <size>0x68</size>
         <input_file_ref idref="fl-78"/>
      </object_component>
      <object_component id="oc-e3">
         <name>.text:__TI_decompress_rle_core</name>
         <load_address>0x1a076</load_address>
         <run_address>0x1a076</run_address>
         <size>0x68</size>
         <input_file_ref idref="fl-43"/>
      </object_component>
      <object_component id="oc-635">
         <name>.text:spiffs_gc_erase_block</name>
         <load_address>0x1a0de</load_address>
         <run_address>0x1a0de</run_address>
         <size>0x66</size>
         <input_file_ref idref="fl-7"/>
      </object_component>
      <object_component id="oc-2e9">
         <name>.text:__TI_doflush</name>
         <load_address>0x1a144</load_address>
         <run_address>0x1a144</run_address>
         <size>0x64</size>
         <input_file_ref idref="fl-85"/>
      </object_component>
      <object_component id="oc-27f">
         <name>.text:FlashEnter4ByteAddressMode</name>
         <load_address>0x1a1a8</load_address>
         <run_address>0x1a1a8</run_address>
         <size>0x62</size>
         <input_file_ref idref="fl-2"/>
      </object_component>
      <object_component id="oc-285">
         <name>.text:FlashExit4ByteAddressMode</name>
         <load_address>0x1a20a</load_address>
         <run_address>0x1a20a</run_address>
         <size>0x62</size>
         <input_file_ref idref="fl-2"/>
      </object_component>
      <object_component id="oc-492">
         <name>.text:atoi</name>
         <load_address>0x1a26c</load_address>
         <run_address>0x1a26c</run_address>
         <size>0x62</size>
         <input_file_ref idref="fl-7f"/>
      </object_component>
      <object_component id="oc-6f6">
         <name>.text:close</name>
         <load_address>0x1a2ce</load_address>
         <run_address>0x1a2ce</run_address>
         <size>0x5a</size>
         <input_file_ref idref="fl-61"/>
      </object_component>
      <object_component id="oc-730">
         <name>.text:getdevice</name>
         <load_address>0x1a328</load_address>
         <run_address>0x1a328</run_address>
         <size>0x5a</size>
         <input_file_ref idref="fl-61"/>
      </object_component>
      <object_component id="oc-344">
         <name>.text</name>
         <load_address>0x1a382</load_address>
         <run_address>0x1a382</run_address>
         <size>0x58</size>
         <input_file_ref idref="fl-47"/>
      </object_component>
      <object_component id="oc-5ae">
         <name>.text:HOSTclock</name>
         <load_address>0x1a3da</load_address>
         <run_address>0x1a3da</run_address>
         <size>0x56</size>
         <input_file_ref idref="fl-78"/>
      </object_component>
      <object_component id="oc-3f6">
         <name>.text:spiffs_cache_fd_release</name>
         <load_address>0x1a430</load_address>
         <run_address>0x1a430</run_address>
         <size>0x56</size>
         <input_file_ref idref="fl-5"/>
      </object_component>
      <object_component id="oc-445">
         <name>.text:FlashTimeOut</name>
         <load_address>0x1a486</load_address>
         <run_address>0x1a486</run_address>
         <size>0x52</size>
         <input_file_ref idref="fl-2"/>
      </object_component>
      <object_component id="oc-320">
         <name>.text:IsFlashBusy</name>
         <load_address>0x1a4d8</load_address>
         <run_address>0x1a4d8</run_address>
         <size>0x52</size>
         <input_file_ref idref="fl-2"/>
      </object_component>
      <object_component id="oc-207">
         <name>.text:DataProgram</name>
         <load_address>0x1a52a</load_address>
         <run_address>0x1a52a</run_address>
         <size>0x50</size>
         <input_file_ref idref="fl-2"/>
      </object_component>
      <object_component id="oc-488">
         <name>.text:fprintf</name>
         <load_address>0x1a57a</load_address>
         <run_address>0x1a57a</run_address>
         <size>0x50</size>
         <input_file_ref idref="fl-86"/>
      </object_component>
      <object_component id="oc-24f">
         <name>.text:FlashWriteNVConfigurationRegister</name>
         <load_address>0x1a5ca</load_address>
         <run_address>0x1a5ca</run_address>
         <size>0x4c</size>
         <input_file_ref idref="fl-2"/>
      </object_component>
      <object_component id="oc-680">
         <name>.text:HOSTclose</name>
         <load_address>0x1a616</load_address>
         <run_address>0x1a616</run_address>
         <size>0x4c</size>
         <input_file_ref idref="fl-78"/>
      </object_component>
      <object_component id="oc-194">
         <name>.text:printf</name>
         <load_address>0x1a662</load_address>
         <run_address>0x1a662</run_address>
         <size>0x4a</size>
         <input_file_ref idref="fl-72"/>
      </object_component>
      <object_component id="oc-3b3">
         <name>.text:spiffs_fd_find_new</name>
         <load_address>0x1a6ac</load_address>
         <run_address>0x1a6ac</run_address>
         <size>0x4a</size>
         <input_file_ref idref="fl-a"/>
      </object_component>
      <object_component id="oc-643">
         <name>.text:spiffs_obj_lu_find_id</name>
         <load_address>0x1a6f6</load_address>
         <run_address>0x1a6f6</run_address>
         <size>0x4a</size>
         <input_file_ref idref="fl-a"/>
      </object_component>
      <object_component id="oc-34e">
         <name>.text:FlashWriteStatusRegister</name>
         <load_address>0x1a740</load_address>
         <run_address>0x1a740</run_address>
         <size>0x48</size>
         <input_file_ref idref="fl-2"/>
      </object_component>
      <object_component id="oc-698">
         <name>.text:HOSTunlink</name>
         <load_address>0x1a788</load_address>
         <run_address>0x1a788</run_address>
         <size>0x46</size>
         <input_file_ref idref="fl-78"/>
      </object_component>
      <object_component id="oc-36f">
         <name>.text:_pproc_fflags</name>
         <load_address>0x1a7ce</load_address>
         <run_address>0x1a7ce</run_address>
         <size>0x46</size>
         <input_file_ref idref="fl-7d"/>
      </object_component>
      <object_component id="oc-2bc">
         <name>.text:SPIFFS_close</name>
         <load_address>0x1a814</load_address>
         <run_address>0x1a814</run_address>
         <size>0x44</size>
         <input_file_ref idref="fl-9"/>
      </object_component>
      <object_component id="oc-464">
         <name>.text:_Z18init_curr_vla_poolv</name>
         <load_address>0x1a858</load_address>
         <run_address>0x1a858</run_address>
         <size>0x44</size>
         <input_file_ref idref="fl-7a"/>
      </object_component>
      <object_component id="oc-46a">
         <name>.text:_Z31increase_curr_vla_pool_capacityv</name>
         <load_address>0x1a89c</load_address>
         <run_address>0x1a89c</run_address>
         <size>0x44</size>
         <input_file_ref idref="fl-7a"/>
      </object_component>
      <object_component id="oc-255">
         <name>.text:FlashWriteVolatileConfigurationRegister</name>
         <load_address>0x1a8e0</load_address>
         <run_address>0x1a8e0</run_address>
         <size>0x42</size>
         <input_file_ref idref="fl-2"/>
      </object_component>
      <object_component id="oc-25b">
         <name>.text:FlashWriteVolatileEnhancedConfigurationRegister</name>
         <load_address>0x1a922</load_address>
         <run_address>0x1a922</run_address>
         <size>0x42</size>
         <input_file_ref idref="fl-2"/>
      </object_component>
      <object_component id="oc-326">
         <name>.text:fill_addr_vect</name>
         <load_address>0x1a964</load_address>
         <run_address>0x1a964</run_address>
         <size>0x42</size>
         <input_file_ref idref="fl-2"/>
      </object_component>
      <object_component id="oc-5db">
         <name>.text:minit</name>
         <load_address>0x1a9a6</load_address>
         <run_address>0x1a9a6</run_address>
         <size>0x42</size>
         <input_file_ref idref="fl-8c"/>
      </object_component>
      <object_component id="oc-30b">
         <name>.text:l_lsl_const</name>
         <load_address>0x1a9e8</load_address>
         <run_address>0x1a9e8</run_address>
         <size>0x3e</size>
         <input_file_ref idref="fl-63"/>
      </object_component>
      <object_component id="oc-43f">
         <name>.text:l_lsr_const</name>
         <load_address>0x1aa26</load_address>
         <run_address>0x1aa26</run_address>
         <size>0x3e</size>
         <input_file_ref idref="fl-65"/>
      </object_component>
      <object_component id="oc-57b">
         <name>.text:lseek</name>
         <load_address>0x1aa64</load_address>
         <run_address>0x1aa64</run_address>
         <size>0x3e</size>
         <input_file_ref idref="fl-61"/>
      </object_component>
      <object_component id="oc-3df">
         <name>.text:spiffs_fd_get</name>
         <load_address>0x1aaa2</load_address>
         <run_address>0x1aaa2</run_address>
         <size>0x3e</size>
         <input_file_ref idref="fl-a"/>
      </object_component>
      <object_component id="oc-225">
         <name>.text:FlashWriteEnable</name>
         <load_address>0x1aae0</load_address>
         <run_address>0x1aae0</run_address>
         <size>0x3c</size>
         <input_file_ref idref="fl-2"/>
      </object_component>
      <object_component id="oc-3bf">
         <name>.text:spiffs_fd_return</name>
         <load_address>0x1ab1c</load_address>
         <run_address>0x1ab1c</run_address>
         <size>0x3c</size>
         <input_file_ref idref="fl-a"/>
      </object_component>
      <object_component id="oc-2ef">
         <name>.text:write</name>
         <load_address>0x1ab58</load_address>
         <run_address>0x1ab58</run_address>
         <size>0x3c</size>
         <input_file_ref idref="fl-61"/>
      </object_component>
      <object_component id="oc-249">
         <name>.text:FlashReadFlagStatusRegister</name>
         <load_address>0x1ab94</load_address>
         <run_address>0x1ab94</run_address>
         <size>0x3a</size>
         <input_file_ref idref="fl-2"/>
      </object_component>
      <object_component id="oc-237">
         <name>.text:FlashReadNVConfigurationRegister</name>
         <load_address>0x1abce</load_address>
         <run_address>0x1abce</run_address>
         <size>0x3a</size>
         <input_file_ref idref="fl-2"/>
      </object_component>
      <object_component id="oc-201">
         <name>.text:FlashReadStatusRegister</name>
         <load_address>0x1ac08</load_address>
         <run_address>0x1ac08</run_address>
         <size>0x3a</size>
         <input_file_ref idref="fl-2"/>
      </object_component>
      <object_component id="oc-23d">
         <name>.text:FlashReadVolatileConfigurationRegister</name>
         <load_address>0x1ac42</load_address>
         <run_address>0x1ac42</run_address>
         <size>0x3a</size>
         <input_file_ref idref="fl-2"/>
      </object_component>
      <object_component id="oc-243">
         <name>.text:FlashReadVolatileEnhancedConfigurationRegister</name>
         <load_address>0x1ac7c</load_address>
         <run_address>0x1ac7c</run_address>
         <size>0x3a</size>
         <input_file_ref idref="fl-2"/>
      </object_component>
      <object_component id="oc-22b">
         <name>.text:FlashWriteDisable</name>
         <load_address>0x1acb6</load_address>
         <run_address>0x1acb6</run_address>
         <size>0x3a</size>
         <input_file_ref idref="fl-2"/>
      </object_component>
      <object_component id="oc-745">
         <name>.text:__mspabi_sllll</name>
         <load_address>0x1acf0</load_address>
         <run_address>0x1acf0</run_address>
         <size>0x3a</size>
         <input_file_ref idref="fl-89"/>
      </object_component>
      <object_component id="oc-71e">
         <name>.text:__mspabi_srlll</name>
         <load_address>0x1ad2a</load_address>
         <run_address>0x1ad2a</run_address>
         <size>0x3a</size>
         <input_file_ref idref="fl-8a"/>
      </object_component>
      <object_component id="oc-182">
         <name>.text:msp430_spi_init</name>
         <load_address>0x1ad64</load_address>
         <run_address>0x1ad64</run_address>
         <size>0x3a</size>
         <input_file_ref idref="fl-3"/>
      </object_component>
      <object_component id="oc-395">
         <name>.text:my_spiffs_read</name>
         <load_address>0x1ad9e</load_address>
         <run_address>0x1ad9e</run_address>
         <size>0x3a</size>
         <input_file_ref idref="fl-8"/>
      </object_component>
      <object_component id="oc-39b">
         <name>.text:my_spiffs_write</name>
         <load_address>0x1add8</load_address>
         <run_address>0x1add8</run_address>
         <size>0x3a</size>
         <input_file_ref idref="fl-8"/>
      </object_component>
      <object_component id="oc-3a1">
         <name>.text:my_spiffs_erase</name>
         <load_address>0x1ae12</load_address>
         <run_address>0x1ae12</run_address>
         <size>0x38</size>
         <input_file_ref idref="fl-8"/>
      </object_component>
      <object_component id="oc-583">
         <name>.text:__TI_cleanup</name>
         <load_address>0x1ae4a</load_address>
         <run_address>0x1ae4a</run_address>
         <size>0x36</size>
         <input_file_ref idref="fl-8e"/>
      </object_component>
      <object_component id="oc-6a9">
         <name>.text:__TI_writemsg</name>
         <load_address>0x1ae80</load_address>
         <run_address>0x1ae80</run_address>
         <size>0x36</size>
         <input_file_ref idref="fl-79"/>
      </object_component>
      <object_component id="oc-32c">
         <name>.text:WAIT_TILL_Instruction_EXECUTION_COMPLETE</name>
         <load_address>0x1aeb6</load_address>
         <run_address>0x1aeb6</run_address>
         <size>0x34</size>
         <input_file_ref idref="fl-2"/>
      </object_component>
      <object_component id="oc-6af">
         <name>.text:__TI_readmsg</name>
         <load_address>0x1aeea</load_address>
         <run_address>0x1aeea</run_address>
         <size>0x32</size>
         <input_file_ref idref="fl-79"/>
      </object_component>
      <object_component id="oc-3fc">
         <name>.text:spiffs_cache_page_allocate_by_fd</name>
         <load_address>0x1af1c</load_address>
         <run_address>0x1af1c</run_address>
         <size>0x32</size>
         <input_file_ref idref="fl-5"/>
      </object_component>
      <object_component id="oc-503">
         <name>.text:strncpy</name>
         <load_address>0x1af4e</load_address>
         <run_address>0x1af4e</run_address>
         <size>0x32</size>
         <input_file_ref idref="fl-77"/>
      </object_component>
      <object_component id="oc-176">
         <name>.text:msp430_init_uart</name>
         <load_address>0x1af80</load_address>
         <run_address>0x1af80</run_address>
         <size>0x30</size>
         <input_file_ref idref="fl-4"/>
      </object_component>
      <object_component id="oc-610">
         <name>.text:spiffs_obj_lu_scan_v</name>
         <load_address>0x1afb0</load_address>
         <run_address>0x1afb0</run_address>
         <size>0x30</size>
         <input_file_ref idref="fl-a"/>
      </object_component>
      <object_component id="oc-6fd">
         <name>.text:unlink</name>
         <load_address>0x1afe0</load_address>
         <run_address>0x1afe0</run_address>
         <size>0x30</size>
         <input_file_ref idref="fl-61"/>
      </object_component>
      <object_component id="oc-114">
         <name>.text:exit</name>
         <load_address>0x1b010</load_address>
         <run_address>0x1b010</run_address>
         <size>0x2e</size>
         <input_file_ref idref="fl-48"/>
      </object_component>
      <object_component id="oc-753">
         <name>.text:finddevice</name>
         <load_address>0x1b03e</load_address>
         <run_address>0x1b03e</run_address>
         <size>0x2e</size>
         <input_file_ref idref="fl-61"/>
      </object_component>
      <object_component id="oc-231">
         <name>.text:FlashClearFlagStatusRegister</name>
         <load_address>0x1b06c</load_address>
         <run_address>0x1b06c</run_address>
         <size>0x2c</size>
         <input_file_ref idref="fl-2"/>
      </object_component>
      <object_component id="oc-349">
         <name>.text</name>
         <load_address>0x1b098</load_address>
         <run_address>0x1b098</run_address>
         <size>0x2c</size>
         <input_file_ref idref="fl-45"/>
      </object_component>
      <object_component id="oc-17c">
         <name>.text:msp430_uart_puts</name>
         <load_address>0x1b0c4</load_address>
         <run_address>0x1b0c4</run_address>
         <size>0x28</size>
         <input_file_ref idref="fl-4"/>
      </object_component>
      <object_component id="oc-8d">
         <name>.text:decompress:ZI:__TI_zero_init</name>
         <load_address>0x1b0ec</load_address>
         <run_address>0x1b0ec</run_address>
         <size>0x24</size>
         <input_file_ref idref="fl-44"/>
      </object_component>
      <object_component id="oc-4f8">
         <name>.text</name>
         <load_address>0x1b110</load_address>
         <run_address>0x1b110</run_address>
         <size>0x22</size>
         <input_file_ref idref="fl-6f"/>
      </object_component>
      <object_component id="oc-170">
         <name>.text:puts</name>
         <load_address>0x1b132</load_address>
         <run_address>0x1b132</run_address>
         <size>0x20</size>
         <input_file_ref idref="fl-4a"/>
      </object_component>
      <object_component id="oc-4a6">
         <name>.text:memccpy</name>
         <load_address>0x1b152</load_address>
         <run_address>0x1b152</run_address>
         <size>0x1e</size>
         <input_file_ref idref="fl-8b"/>
      </object_component>
      <object_component id="oc-6e7">
         <name>.text:spiffs_cache_drop_page</name>
         <load_address>0x1b170</load_address>
         <run_address>0x1b170</run_address>
         <size>0x1c</size>
         <input_file_ref idref="fl-5"/>
      </object_component>
      <object_component id="oc-74d">
         <name>.text:strchr</name>
         <load_address>0x1b18c</load_address>
         <run_address>0x1b18c</run_address>
         <size>0x1c</size>
         <input_file_ref idref="fl-73"/>
      </object_component>
      <object_component id="oc-619">
         <name>.text:strcmp</name>
         <load_address>0x1b1a8</load_address>
         <run_address>0x1b1a8</run_address>
         <size>0x1c</size>
         <input_file_ref idref="fl-74"/>
      </object_component>
      <object_component id="oc-42d">
         <name>.text:ConfigureSpi</name>
         <load_address>0x1b1c4</load_address>
         <run_address>0x1b1c4</run_address>
         <size>0x1a</size>
         <input_file_ref idref="fl-3"/>
      </object_component>
      <object_component id="oc-2e3">
         <name>.text:memchr</name>
         <load_address>0x1b1de</load_address>
         <run_address>0x1b1de</run_address>
         <size>0x16</size>
         <input_file_ref idref="fl-66"/>
      </object_component>
      <object_component id="oc-498">
         <name>.text:memset</name>
         <load_address>0x1b1f4</load_address>
         <run_address>0x1b1f4</run_address>
         <size>0x16</size>
         <input_file_ref idref="fl-68"/>
      </object_component>
      <object_component id="oc-44e">
         <name>.text</name>
         <load_address>0x1b20a</load_address>
         <run_address>0x1b20a</run_address>
         <size>0x16</size>
         <input_file_ref idref="fl-46"/>
      </object_component>
      <object_component id="oc-3eb">
         <name>.text</name>
         <load_address>0x1b220</load_address>
         <run_address>0x1b220</run_address>
         <size>0x16</size>
         <input_file_ref idref="fl-6c"/>
      </object_component>
      <object_component id="oc-d6">
         <name>.text:memcpy</name>
         <load_address>0x1b236</load_address>
         <run_address>0x1b236</run_address>
         <size>0x14</size>
         <input_file_ref idref="fl-67"/>
      </object_component>
      <object_component id="oc-6b">
         <name>.text:decompress:none:__TI_decompress_none</name>
         <load_address>0x1b24a</load_address>
         <run_address>0x1b24a</run_address>
         <size>0x12</size>
         <input_file_ref idref="fl-42"/>
      </object_component>
      <object_component id="oc-70d">
         <name>.text:strcpy</name>
         <load_address>0x1b25c</load_address>
         <run_address>0x1b25c</run_address>
         <size>0x12</size>
         <input_file_ref idref="fl-75"/>
      </object_component>
      <object_component id="oc-21f">
         <name>.text:BlockOffset</name>
         <load_address>0x1b26e</load_address>
         <run_address>0x1b26e</run_address>
         <size>0x10</size>
         <input_file_ref idref="fl-2"/>
      </object_component>
      <object_component id="oc-740">
         <name>.text:l_lsr</name>
         <load_address>0x1b27e</load_address>
         <run_address>0x1b27e</run_address>
         <size>0x10</size>
         <input_file_ref idref="fl-65"/>
      </object_component>
      <object_component id="oc-1dd">
         <name>.text:msp430_uart_putc</name>
         <load_address>0x1b28e</load_address>
         <run_address>0x1b28e</run_address>
         <size>0xe</size>
         <input_file_ref idref="fl-4"/>
      </object_component>
      <object_component id="oc-2dd">
         <name>.text:strlen</name>
         <load_address>0x1b29c</load_address>
         <run_address>0x1b29c</run_address>
         <size>0xe</size>
         <input_file_ref idref="fl-76"/>
      </object_component>
      <object_component id="oc-2b6">
         <name>.text:SPIFFS_errno</name>
         <load_address>0x1b2aa</load_address>
         <run_address>0x1b2aa</run_address>
         <size>0xc</size>
         <input_file_ref idref="fl-9"/>
      </object_component>
      <object_component id="oc-267">
         <name>.text:FlashUnlockAllSector</name>
         <load_address>0x1b2b6</load_address>
         <run_address>0x1b2b6</run_address>
         <size>0xa</size>
         <input_file_ref idref="fl-2"/>
      </object_component>
      <object_component id="oc-333">
         <name>.text</name>
         <load_address>0x1b2c0</load_address>
         <run_address>0x1b2c0</run_address>
         <size>0xa</size>
         <input_file_ref idref="fl-62"/>
      </object_component>
      <object_component id="oc-5ea">
         <name>.text:_outc</name>
         <load_address>0x1b2ca</load_address>
         <run_address>0x1b2ca</run_address>
         <size>0x6</size>
         <input_file_ref idref="fl-86"/>
      </object_component>
      <object_component id="oc-292">
         <name>.text:_outc</name>
         <load_address>0x1b2d0</load_address>
         <run_address>0x1b2d0</run_address>
         <size>0x6</size>
         <input_file_ref idref="fl-72"/>
      </object_component>
      <object_component id="oc-71">
         <name>.text:decompress:rle24:__TI_decompress_rle24</name>
         <load_address>0x1b2d6</load_address>
         <run_address>0x1b2d6</run_address>
         <size>0x6</size>
         <input_file_ref idref="fl-43"/>
      </object_component>
      <object_component id="oc-455">
         <name>.text:__abort_execution</name>
         <load_address>0x1b2dc</load_address>
         <run_address>0x1b2dc</run_address>
         <size>0x4</size>
         <input_file_ref idref="fl-84"/>
      </object_component>
      <object_component id="oc-5e4">
         <name>.text:_outs</name>
         <load_address>0x1b2e0</load_address>
         <run_address>0x1b2e0</run_address>
         <size>0x4</size>
         <input_file_ref idref="fl-86"/>
      </object_component>
      <object_component id="oc-28c">
         <name>.text:_outs</name>
         <load_address>0x1b2e4</load_address>
         <run_address>0x1b2e4</run_address>
         <size>0x4</size>
         <input_file_ref idref="fl-72"/>
      </object_component>
      <object_component id="oc-102">
         <name>.text:_system_pre_init</name>
         <load_address>0x1b2e8</load_address>
         <run_address>0x1b2e8</run_address>
         <size>0x4</size>
         <input_file_ref idref="fl-71"/>
      </object_component>
      <object_component id="oc-12a">
         <name>.text:abort</name>
         <load_address>0x1b2ec</load_address>
         <run_address>0x1b2ec</run_address>
         <size>0x4</size>
         <input_file_ref idref="fl-48"/>
      </object_component>
      <object_component id="oc-1be">
         <name>.text:_nop</name>
         <load_address>0x1b2f0</load_address>
         <run_address>0x1b2f0</run_address>
         <size>0x2</size>
         <input_file_ref idref="fl-7c"/>
      </object_component>
      <object_component id="oc-9f">
         <name>.text:_isr:_c_int00_noargs</name>
         <load_address>0x5c00</load_address>
         <run_address>0x5c00</run_address>
         <size>0x1c</size>
         <input_file_ref idref="fl-40"/>
      </object_component>
      <object_component id="oc-f5">
         <name>.text:_isr:USCI_A1_ISR</name>
         <load_address>0x5c1c</load_address>
         <run_address>0x5c1c</run_address>
         <size>0x14</size>
         <input_file_ref idref="fl-4"/>
      </object_component>
      <object_component id="oc-f0">
         <name>.text:_isr:__TI_ISR_TRAP</name>
         <load_address>0x5c30</load_address>
         <run_address>0x5c30</run_address>
         <size>0x6</size>
         <input_file_ref idref="fl-60"/>
      </object_component>
      <object_component id="oc-7cd">
         <name>.cinit..data.load</name>
         <load_address>0x5e78</load_address>
         <run_address>0x5e78</run_address>
         <size>0x58</size>
      </object_component>
      <object_component id="oc-7ca">
         <name>__TI_handler_table</name>
         <load_address>0x5ed0</load_address>
         <run_address>0x5ed0</run_address>
         <size>0xc</size>
      </object_component>
      <object_component id="oc-7cc">
         <name>.cinit..bss.load</name>
         <load_address>0x5edc</load_address>
         <run_address>0x5edc</run_address>
         <size>0x6</size>
      </object_component>
      <object_component id="oc-7ce">
         <name>.cinit..cio.load</name>
         <load_address>0x5ee2</load_address>
         <run_address>0x5ee2</run_address>
         <size>0x6</size>
      </object_component>
      <object_component id="oc-7cb">
         <name>__TI_cinit_table</name>
         <load_address>0x5ee8</load_address>
         <run_address>0x5ee8</run_address>
         <size>0x18</size>
      </object_component>
      <object_component id="oc-5f4">
         <name>.const:.string:_ctypes_</name>
         <load_address>0x5c36</load_address>
         <run_address>0x5c36</run_address>
         <size>0x101</size>
         <input_file_ref idref="fl-81"/>
      </object_component>
      <object_component id="oc-16f">
         <name>.const:.string</name>
         <load_address>0x5d38</load_address>
         <run_address>0x5d38</run_address>
         <size>0x96</size>
         <input_file_ref idref="fl-4"/>
      </object_component>
      <object_component id="oc-2a9">
         <name>.const:.string</name>
         <load_address>0x5dce</load_address>
         <run_address>0x5dce</run_address>
         <size>0x3a</size>
         <input_file_ref idref="fl-8"/>
      </object_component>
      <object_component id="oc-487">
         <name>.const:.string</name>
         <load_address>0x5e08</load_address>
         <run_address>0x5e08</run_address>
         <size>0x36</size>
         <input_file_ref idref="fl-7a"/>
      </object_component>
      <object_component id="oc-49f">
         <name>.const:.string</name>
         <load_address>0x5e3e</load_address>
         <run_address>0x5e3e</run_address>
         <size>0x26</size>
         <input_file_ref idref="fl-7d"/>
      </object_component>
      <object_component id="oc-188">
         <name>.const:.string:$P$T0$1</name>
         <load_address>0x5e64</load_address>
         <run_address>0x5e64</run_address>
         <size>0x11</size>
         <input_file_ref idref="fl-4"/>
      </object_component>
      <object_component id="oc-1d9">
         <name>.const:.string</name>
         <load_address>0x5e76</load_address>
         <run_address>0x5e76</run_address>
         <size>0x2</size>
         <input_file_ref idref="fl-4a"/>
      </object_component>
      <object_component id="oc-716">
         <name>.cio</name>
         <uninitialized>true</uninitialized>
         <run_address>0x2a70</run_address>
         <size>0x120</size>
         <input_file_ref idref="fl-79"/>
      </object_component>
      <object_component id="oc-77">
         <name>.int41</name>
         <load_address>0xffd2</load_address>
         <run_address>0xffd2</run_address>
         <size>0x2</size>
         <input_file_ref idref="fl-4b"/>
      </object_component>
      <object_component id="oc-78">
         <name>.int42</name>
         <load_address>0xffd4</load_address>
         <run_address>0xffd4</run_address>
         <size>0x2</size>
         <input_file_ref idref="fl-4c"/>
      </object_component>
      <object_component id="oc-79">
         <name>.int43</name>
         <load_address>0xffd6</load_address>
         <run_address>0xffd6</run_address>
         <size>0x2</size>
         <input_file_ref idref="fl-4d"/>
      </object_component>
      <object_component id="oc-7a">
         <name>.int44</name>
         <load_address>0xffd8</load_address>
         <run_address>0xffd8</run_address>
         <size>0x2</size>
         <input_file_ref idref="fl-4e"/>
      </object_component>
      <object_component id="oc-7b">
         <name>.int45</name>
         <load_address>0xffda</load_address>
         <run_address>0xffda</run_address>
         <size>0x2</size>
         <input_file_ref idref="fl-4f"/>
      </object_component>
      <object_component id="oc-7c">
         <name>.int46</name>
         <load_address>0xffdc</load_address>
         <run_address>0xffdc</run_address>
         <size>0x2</size>
         <input_file_ref idref="fl-4"/>
      </object_component>
      <object_component id="oc-7d">
         <name>.int47</name>
         <load_address>0xffde</load_address>
         <run_address>0xffde</run_address>
         <size>0x2</size>
         <input_file_ref idref="fl-50"/>
      </object_component>
      <object_component id="oc-7e">
         <name>.int48</name>
         <load_address>0xffe0</load_address>
         <run_address>0xffe0</run_address>
         <size>0x2</size>
         <input_file_ref idref="fl-51"/>
      </object_component>
      <object_component id="oc-7f">
         <name>.int49</name>
         <load_address>0xffe2</load_address>
         <run_address>0xffe2</run_address>
         <size>0x2</size>
         <input_file_ref idref="fl-52"/>
      </object_component>
      <object_component id="oc-80">
         <name>.int50</name>
         <load_address>0xffe4</load_address>
         <run_address>0xffe4</run_address>
         <size>0x2</size>
         <input_file_ref idref="fl-53"/>
      </object_component>
      <object_component id="oc-81">
         <name>.int51</name>
         <load_address>0xffe6</load_address>
         <run_address>0xffe6</run_address>
         <size>0x2</size>
         <input_file_ref idref="fl-54"/>
      </object_component>
      <object_component id="oc-82">
         <name>.int52</name>
         <load_address>0xffe8</load_address>
         <run_address>0xffe8</run_address>
[...]
         <name>__mspabi_divi</name>
         <value>0x1b098</value>
         <object_component_ref idref="oc-349"/>
      </symbol>
      <symbol id="sm-a7e">
         <name>__mspabi_remu</name>
         <value>0x1b20a</value>
         <object_component_ref idref="oc-44e"/>
      </symbol>
      <symbol id="sm-a7f">
         <name>__mspabi_divu</name>
         <value>0x1b20a</value>
         <object_component_ref idref="oc-44e"/>
      </symbol>
      <symbol id="sm-a8e">
         <name>__mspabi_remul</name>
         <value>0x1a382</value>
         <object_component_ref idref="oc-344"/>
      </symbol>
      <symbol id="sm-a8f">
         <name>__mspabi_divul</name>
         <value>0x1a382</value>
         <object_component_ref idref="oc-344"/>
      </symbol>
      <symbol id="sm-aa6">
         <name>C$$EXIT</name>
         <value>0x1b2ec</value>
         <object_component_ref idref="oc-12a"/>
      </symbol>
      <symbol id="sm-aa7">
         <name>abort</name>
         <value>0x1b2ec</value>
         <object_component_ref idref="oc-12a"/>
      </symbol>
      <symbol id="sm-aa8">
         <name>exit</name>
         <value>0x1b010</value>
         <object_component_ref idref="oc-114"/>
      </symbol>
      <symbol id="sm-ab7">
         <name>__TI_dtors_ptr</name>
         <value>0x2a60</value>
         <object_component_ref idref="oc-163"/>
      </symbol>
      <symbol id="sm-ab8">
         <name>__TI_cleanup_ptr</name>
         <value>0x2a5c</value>
         <object_component_ref idref="oc-166"/>
      </symbol>
      <symbol id="sm-ae3">
         <name>puts</name>
         <value>0x1b132</value>
         <object_component_ref idref="oc-170"/>
      </symbol>
      <symbol id="sm-ae4">
         <name>fputs</name>
         <value>0x18594</value>
         <object_component_ref idref="oc-1d3"/>
      </symbol>
      <symbol id="sm-ae7">
         <name>__TI_int41</name>
         <value>0xffd2</value>
         <object_component_ref idref="oc-77"/>
      </symbol>
      <symbol id="sm-aea">
         <name>__TI_int42</name>
         <value>0xffd4</value>
         <object_component_ref idref="oc-78"/>
      </symbol>
      <symbol id="sm-aed">
         <name>__TI_int43</name>
         <value>0xffd6</value>
         <object_component_ref idref="oc-79"/>
      </symbol>
      <symbol id="sm-af0">
         <name>__TI_int44</name>
         <value>0xffd8</value>
         <object_component_ref idref="oc-7a"/>
      </symbol>
      <symbol id="sm-af3">
         <name>__TI_int45</name>
         <value>0xffda</value>
         <object_component_ref idref="oc-7b"/>
      </symbol>
      <symbol id="sm-af6">
         <name>__TI_int47</name>
         <value>0xffde</value>
         <object_component_ref idref="oc-7d"/>
      </symbol>
      <symbol id="sm-af9">
         <name>__TI_int48</name>
         <value>0xffe0</value>
         <object_component_ref idref="oc-7e"/>
      </symbol>
      <symbol id="sm-afc">
         <name>__TI_int49</name>
         <value>0xffe2</value>
         <object_component_ref idref="oc-7f"/>
      </symbol>
      <symbol id="sm-aff">
         <name>__TI_int50</name>
         <value>0xffe4</value>
         <object_component_ref idref="oc-80"/>
      </symbol>
      <symbol id="sm-b02">
         <name>__TI_int51</name>
         <value>0xffe6</value>
         <object_component_ref idref="oc-81"/>
      </symbol>
      <symbol id="sm-b05">
         <name>__TI_int52</name>
         <value>0xffe8</value>
         <object_component_ref idref="oc-82"/>
      </symbol>
      <symbol id="sm-b08">
         <name>__TI_int53</name>
         <value>0xffea</value>
         <object_component_ref idref="oc-83"/>
      </symbol>
      <symbol id="sm-b0b">
         <name>__TI_int54</name>
         <value>0xffec</value>
         <object_component_ref idref="oc-84"/>
      </symbol>
      <symbol id="sm-b0e">
         <name>__TI_int55</name>
         <value>0xffee</value>
         <object_component_ref idref="oc-85"/>
      </symbol>
      <symbol id="sm-b11">
         <name>__TI_int56</name>
         <value>0xfff0</value>
         <object_component_ref idref="oc-86"/>
      </symbol>
      <symbol id="sm-b14">
         <name>__TI_int57</name>
         <value>0xfff2</value>
         <object_component_ref idref="oc-87"/>
      </symbol>
      <symbol id="sm-b17">
         <name>__TI_int58</name>
         <value>0xfff4</value>
         <object_component_ref idref="oc-88"/>
      </symbol>
      <symbol id="sm-b1a">
         <name>__TI_int59</name>
         <value>0xfff6</value>
         <object_component_ref idref="oc-89"/>
      </symbol>
      <symbol id="sm-b1d">
         <name>__TI_int60</name>
         <value>0xfff8</value>
         <object_component_ref idref="oc-8a"/>
      </symbol>
      <symbol id="sm-b20">
         <name>__TI_int61</name>
         <value>0xfffa</value>
         <object_component_ref idref="oc-8b"/>
      </symbol>
      <symbol id="sm-b23">
         <name>__TI_int62</name>
         <value>0xfffc</value>
         <object_component_ref idref="oc-8c"/>
      </symbol>
      <symbol id="sm-b2b">
         <name>__TI_ISR_TRAP</name>
         <value>0x5c30</value>
         <object_component_ref idref="oc-f0"/>
      </symbol>
      <symbol id="sm-b88">
         <name>lseek</name>
         <value>0x1aa64</value>
         <object_component_ref idref="oc-57b"/>
      </symbol>
      <symbol id="sm-b89">
         <name>write</name>
         <value>0x1ab58</value>
         <object_component_ref idref="oc-2ef"/>
      </symbol>
      <symbol id="sm-b8a">
         <name>close</name>
         <value>0x1a2ce</value>
         <object_component_ref idref="oc-6f6"/>
      </symbol>
      <symbol id="sm-b8b">
         <name>unlink</name>
         <value>0x1afe0</value>
         <object_component_ref idref="oc-6fd"/>
      </symbol>
      <symbol id="sm-b94">
         <name>__mspabi_slli</name>
         <value>0x1b2c0</value>
         <object_component_ref idref="oc-333"/>
      </symbol>
      <symbol id="sm-b9c">
         <name>__mspabi_slll_9</name>
         <value>0x1aa00</value>
         <object_component_ref idref="oc-30b"/>
      </symbol>
      <symbol id="sm-b9d">
         <name>__mspabi_slll_8</name>
         <value>0x1aa04</value>
         <object_component_ref idref="oc-30b"/>
      </symbol>
      <symbol id="sm-b9e">
         <name>__mspabi_slll_7</name>
         <value>0x1aa08</value>
         <object_component_ref idref="oc-30b"/>
      </symbol>
      <symbol id="sm-b9f">
         <name>__mspabi_slll_6</name>
         <value>0x1aa0c</value>
         <object_component_ref idref="oc-30b"/>
      </symbol>
      <symbol id="sm-ba0">
         <name>__mspabi_slll_5</name>
         <value>0x1aa10</value>
         <object_component_ref idref="oc-30b"/>
      </symbol>
      <symbol id="sm-ba1">
         <name>__mspabi_slll_4</name>
         <value>0x1aa14</value>
         <object_component_ref idref="oc-30b"/>
      </symbol>
      <symbol id="sm-ba2">
         <name>__mspabi_slll_3</name>
         <value>0x1aa18</value>
         <object_component_ref idref="oc-30b"/>
      </symbol>
      <symbol id="sm-ba3">
         <name>__mspabi_slll_2</name>
         <value>0x1aa1c</value>
         <object_component_ref idref="oc-30b"/>
      </symbol>
      <symbol id="sm-ba4">
         <name>__mspabi_slll_1</name>
         <value>0x1aa20</value>
         <object_component_ref idref="oc-30b"/>
      </symbol>
      <symbol id="sm-ba5">
         <name>__mspabi_slll_15</name>
         <value>0x1a9e8</value>
         <object_component_ref idref="oc-30b"/>
      </symbol>
      <symbol id="sm-ba6">
         <name>__mspabi_slll_14</name>
         <value>0x1a9ec</value>
         <object_component_ref idref="oc-30b"/>
      </symbol>
      <symbol id="sm-ba7">
         <name>__mspabi_slll_13</name>
         <value>0x1a9f0</value>
         <object_component_ref idref="oc-30b"/>
      </symbol>
      <symbol id="sm-ba8">
         <name>__mspabi_slll_12</name>
         <value>0x1a9f4</value>
         <object_component_ref idref="oc-30b"/>
      </symbol>
      <symbol id="sm-ba9">
         <name>__mspabi_slll_11</name>
         <value>0x1a9f8</value>
         <object_component_ref idref="oc-30b"/>
      </symbol>
      <symbol id="sm-baa">
         <name>__mspabi_slll_10</name>
         <value>0x1a9fc</value>
         <object_component_ref idref="oc-30b"/>
      </symbol>
      <symbol id="sm-bbb">
         <name>__mspabi_srll_8</name>
         <value>0x1aa42</value>
         <object_component_ref idref="oc-43f"/>
      </symbol>
      <symbol id="sm-bbc">
         <name>__mspabi_srll_9</name>
         <value>0x1aa3e</value>
         <object_component_ref idref="oc-43f"/>
      </symbol>
      <symbol id="sm-bbd">
         <name>__mspabi_srll_6</name>
         <value>0x1aa4a</value>
         <object_component_ref idref="oc-43f"/>
      </symbol>
      <symbol id="sm-bbe">
         <name>__mspabi_srll_7</name>
         <value>0x1aa46</value>
         <object_component_ref idref="oc-43f"/>
      </symbol>
      <symbol id="sm-bbf">
         <name>__mspabi_srll_4</name>
         <value>0x1aa52</value>
         <object_component_ref idref="oc-43f"/>
      </symbol>
      <symbol id="sm-bc0">
         <name>__mspabi_srll_5</name>
         <value>0x1aa4e</value>
         <object_component_ref idref="oc-43f"/>
      </symbol>
      <symbol id="sm-bc1">
         <name>__mspabi_srll_2</name>
         <value>0x1aa5a</value>
         <object_component_ref idref="oc-43f"/>
      </symbol>
      <symbol id="sm-bc2">
         <name>__mspabi_srll_3</name>
         <value>0x1aa56</value>
         <object_component_ref idref="oc-43f"/>
      </symbol>
      <symbol id="sm-bc3">
         <name>__mspabi_srll_1</name>
         <value>0x1aa5e</value>
         <object_component_ref idref="oc-43f"/>
      </symbol>
      <symbol id="sm-bc4">
         <name>__mspabi_srll_15</name>
         <value>0x1aa26</value>
         <object_component_ref idref="oc-43f"/>
      </symbol>
      <symbol id="sm-bc5">
         <name>__mspabi_srll_14</name>
         <value>0x1aa2a</value>
         <object_component_ref idref="oc-43f"/>
      </symbol>
      <symbol id="sm-bc6">
         <name>__mspabi_srll_13</name>
         <value>0x1aa2e</value>
         <object_component_ref idref="oc-43f"/>
      </symbol>
      <symbol id="sm-bc7">
         <name>__mspabi_srll_12</name>
         <value>0x1aa32</value>
         <object_component_ref idref="oc-43f"/>
      </symbol>
      <symbol id="sm-bc8">
         <name>__mspabi_srll_11</name>
         <value>0x1aa36</value>
         <object_component_ref idref="oc-43f"/>
      </symbol>
      <symbol id="sm-bc9">
         <name>__mspabi_srll_10</name>
         <value>0x1aa3a</value>
         <object_component_ref idref="oc-43f"/>
      </symbol>
      <symbol id="sm-bca">
         <name>__mspabi_srll</name>
         <value>0x1b27e</value>
         <object_component_ref idref="oc-740"/>
      </symbol>
      <symbol id="sm-bd9">
         <name>memchr</name>
         <value>0x1b1de</value>
         <object_component_ref idref="oc-2e3"/>
      </symbol>
      <symbol id="sm-be7">
         <name>memcpy</name>
         <value>0x1b236</value>
         <object_component_ref idref="oc-d6"/>
      </symbol>
      <symbol id="sm-bf5">
         <name>memset</name>
         <value>0x1b1f4</value>
         <object_component_ref idref="oc-498"/>
      </symbol>
      <symbol id="sm-c0c">
         <name>__mspabi_mpyi_f5hw</name>
         <value>0x1b220</value>
         <object_component_ref idref="oc-3eb"/>
      </symbol>
      <symbol id="sm-c2e">
         <name>__mspabi_mpyl_f5hw</name>
         <value>0x1b110</value>
         <object_component_ref idref="oc-4f8"/>
      </symbol>
      <symbol id="sm-c44">
         <name>_system_pre_init</name>
         <value>0x1b2e8</value>
         <object_component_ref idref="oc-102"/>
      </symbol>
      <symbol id="sm-c62">
         <name>printf</name>
         <value>0x1a662</value>
         <object_component_ref idref="oc-194"/>
      </symbol>
      <symbol id="sm-c71">
         <name>strchr</name>
         <value>0x1b18c</value>
         <object_component_ref idref="oc-74d"/>
      </symbol>
      <symbol id="sm-c7f">
         <name>strcmp</name>
         <value>0x1b1a8</value>
         <object_component_ref idref="oc-619"/>
      </symbol>
      <symbol id="sm-c8c">
         <name>strcpy</name>
         <value>0x1b25c</value>
         <object_component_ref idref="oc-70d"/>
      </symbol>
      <symbol id="sm-c99">
         <name>strlen</name>
         <value>0x1b29c</value>
         <object_component_ref idref="oc-2dd"/>
      </symbol>
      <symbol id="sm-ca9">
         <name>strncpy</name>
         <value>0x1af4e</value>
         <object_component_ref idref="oc-503"/>
      </symbol>
      <symbol id="sm-cf0">
         <name>HOSTrename</name>
         <value>0x19d14</value>
         <object_component_ref idref="oc-69e"/>
      </symbol>
      <symbol id="sm-cf1">
         <name>HOSTclose</name>
         <value>0x1a616</value>
         <object_component_ref idref="oc-680"/>
      </symbol>
      <symbol id="sm-cf2">
         <name>HOSTunlink</name>
         <value>0x1a788</value>
         <object_component_ref idref="oc-698"/>
      </symbol>
      <symbol id="sm-cf3">
         <name>HOSTlseek</name>
         <value>0x19468</value>
         <object_component_ref idref="oc-692"/>
      </symbol>
      <symbol id="sm-cf4">
         <name>HOSTopen</name>
         <value>0x19df8</value>
         <object_component_ref idref="oc-67a"/>
      </symbol>
      <symbol id="sm-cf5">
         <name>HOSTclock</name>
         <value>0x1a3da</value>
         <object_component_ref idref="oc-5ae"/>
      </symbol>
      <symbol id="sm-cf6">
         <name>HOSTwrite</name>
         <value>0x19ed2</value>
         <object_component_ref idref="oc-68c"/>
      </symbol>
      <symbol id="sm-cf7">
         <name>HOSTread</name>
         <value>0x1a00e</value>
         <object_component_ref idref="oc-686"/>
      </symbol>
      <symbol id="sm-d15">
         <name>__TI_readmsg</name>
         <value>0x1aeea</value>
         <object_component_ref idref="oc-6af"/>
      </symbol>
      <symbol id="sm-d16">
         <name>C$$IO$$</name>
         <value>0x1aeb2</value>
         <object_component_ref idref="oc-6a9"/>
      </symbol>
      <symbol id="sm-d17">
         <name>_CIOBUF_</name>
         <value>0x2a70</value>
         <object_component_ref idref="oc-716"/>
      </symbol>
      <symbol id="sm-d18">
         <name>__TI_writemsg</name>
         <value>0x1ae80</value>
         <object_component_ref idref="oc-6a9"/>
      </symbol>
      <symbol id="sm-d8f">
         <name>__vla_dealloc</name>
         <value>0x18e06</value>
         <object_component_ref idref="oc-35c"/>
      </symbol>
      <symbol id="sm-d90">
         <name>__vla_alloc</name>
         <value>0x1690e</value>
         <object_component_ref idref="oc-356"/>
      </symbol>
      <symbol id="sm-da8">
         <name>__TI_wrt_ok</name>
         <value>0x19ba0</value>
         <object_component_ref idref="oc-2d7"/>
      </symbol>
      <symbol id="sm-dbe">
         <name>_nop</name>
         <value>0x1b2f0</value>
         <object_component_ref idref="oc-1be"/>
      </symbol>
      <symbol id="sm-dbf">
         <name>_lock</name>
         <value>0x2a64</value>
         <object_component_ref idref="oc-160"/>
      </symbol>
      <symbol id="sm-dc0">
         <name>_unlock</name>
         <value>0x2a68</value>
         <object_component_ref idref="oc-169"/>
      </symbol>
      <symbol id="sm-e8b">
         <name>__TI_printfi_nofloat</name>
         <value>0x15f9c</value>
         <object_component_ref idref="oc-298"/>
      </symbol>
      <symbol id="sm-ea0">
         <name>atoi</name>
         <value>0x1a26c</value>
         <object_component_ref idref="oc-492"/>
      </symbol>
      <symbol id="sm-ebc">
         <name>_auto_init_hold_wdt</name>
         <value>0x19e66</value>
         <object_component_ref idref="oc-108"/>
      </symbol>
      <symbol id="sm-ec6">
         <name>_ctypes_</name>
         <value>0x5c36</value>
         <object_component_ref idref="oc-5f4"/>
      </symbol>
      <symbol id="sm-ed6">
         <name>__TI_tmpnams</name>
         <value>0x2338</value>
      </symbol>
      <symbol id="sm-ed7">
         <name>_ftable</name>
         <value>0x28e0</value>
         <object_component_ref idref="oc-1d0"/>
      </symbol>
      <symbol id="sm-ed8">
         <name>__TI_ft_end</name>
         <value>0x2a6c</value>
         <object_component_ref idref="oc-674"/>
      </symbol>
      <symbol id="sm-f0a">
         <name>__mspabi_divull</name>
         <value>0x14b22</value>
         <object_component_ref idref="oc-724"/>
      </symbol>
      <symbol id="sm-f13">
         <name>__abort_execution</name>
         <value>0x1b2dc</value>
         <object_component_ref idref="oc-455"/>
      </symbol>
      <symbol id="sm-f24">
         <name>__TI_doflush</name>
         <value>0x1a144</value>
         <object_component_ref idref="oc-2e9"/>
      </symbol>
      <symbol id="sm-f42">
         <name>fprintf</name>
         <value>0x1a57a</value>
         <object_component_ref idref="oc-488"/>
      </symbol>
      <symbol id="sm-f55">
         <name>putc</name>
         <value>0x1963a</value>
         <object_component_ref idref="oc-368"/>
      </symbol>
      <symbol id="sm-f56">
         <name>fputc</name>
         <value>0x1963a</value>
         <object_component_ref idref="oc-368"/>
      </symbol>
      <symbol id="sm-f66">
         <name>fseek</name>
         <value>0x19f3c</value>
         <object_component_ref idref="oc-414"/>
      </symbol>
      <symbol id="sm-f73">
         <name>__mspabi_sllll</name>
         <value>0x1acf0</value>
         <object_component_ref idref="oc-745"/>
      </symbol>
      <symbol id="sm-f80">
         <name>__mspabi_srlll</name>
         <value>0x1ad2a</value>
         <object_component_ref idref="oc-71e"/>
      </symbol>
      <symbol id="sm-f8f">
         <name>memccpy</name>
         <value>0x1b152</value>
         <object_component_ref idref="oc-4a6"/>
      </symbol>
      <symbol id="sm-ff0">
         <name>_sys_memory</name>
         <value>0x24f8</value>
         <object_component_ref idref="oc-d3"/>
      </symbol>
      <symbol id="sm-ff1">
         <name>free</name>
         <value>0x1975a</value>
         <object_component_ref idref="oc-481"/>
      </symbol>
      <symbol id="sm-ff2">
         <name>realloc</name>
         <value>0x17a50</value>
         <object_component_ref idref="oc-5d1"/>
      </symbol>
      <symbol id="sm-ff3">
         <name>malloc</name>
         <value>0x18f8e</value>
         <object_component_ref idref="oc-470"/>
      </symbol>
      <symbol id="sm-ff4">
         <name>minit</name>
         <value>0x1a9a6</value>
         <object_component_ref idref="oc-5db"/>
      </symbol>
      <symbol id="sm-100c">
         <name>setvbuf</name>
         <value>0x1876e</value>
         <object_component_ref idref="oc-41a"/>
      </symbol>
      <symbol id="sm-1018">
         <name>__TI_cleanup</name>
         <value>0x1ae4a</value>
         <object_component_ref idref="oc-583"/>
      </symbol>
      <symbol id="sm-1029">
         <name>__TI_closefile</name>
         <value>0x19d88</value>
         <object_component_ref idref="oc-66e"/>
      </symbol>
      <symbol id="sm-102c">
         <name>__TI_INITARRAY_Base</name>
         <value>0x0</value>
      </symbol>
      <symbol id="sm-102d">
         <name>__TI_INITARRAY_Limit</name>
         <value>0x0</value>
      </symbol>
      <symbol id="sm-102e">
         <name>clock</name>
         <value>0x1a3da</value>
      </symbol>
      <symbol id="sm-102f">
         <name>remove</name>
         <value>0x1afe0</value>
      </symbol>
   </symbol_table>
   <title>Link successful</title>
</link_info>
