<?xml version="1.0"?>
<link_info>
   <banner>MSP430 Linker PC v4.4.4</banner>
   <copyright>Copyright (c) 2003-2015 Texas Instruments Incorporated</copyright>
   <link_time>0x55d16b0c</link_time>
   <link_errors>0x0</link_errors>
   <output_file>MSP430_FLASH.out</output_file>
   <entry_point>
      <name>_c_int00_noargs_noexit</name>
      <address>0x5c00</address>
   </entry_point>
   <input_file_list>
      <input_file id="fl-2">
         <path>.\</path>
         <kind>object</kind>
         <file>main.obj</file>
         <name>main.obj</name>
      </input_file>
      <input_file id="fl-37">
         <path>C:\ti\ccsv6\tools\compiler\ti-cgt-msp430_4.4.4\lib\</path>
         <kind>archive</kind>
         <file>rts430x_lc_rd_eabi.lib</file>
         <name>boot.obj</name>
      </input_file>
      <input_file id="fl-38">
         <path>C:\ti\ccsv6\tools\compiler\ti-cgt-msp430_4.4.4\lib\</path>
         <kind>archive</kind>
         <file>rts430x_lc_rd_eabi.lib</file>
         <name>boot_special.obj</name>
      </input_file>
      <input_file id="fl-39">
         <path>C:\ti\ccsv6\tools\compiler\ti-cgt-msp430_4.4.4\lib\</path>
         <kind>archive</kind>
         <file>rts430x_lc_rd_eabi.lib</file>
         <name>copy_decompress_none.obj</name>
      </input_file>
      <input_file id="fl-3a">
         <path>C:\ti\ccsv6\tools\compiler\ti-cgt-msp430_4.4.4\lib\</path>
         <kind>archive</kind>
         <file>rts430x_lc_rd_eabi.lib</file>
         <name>copy_decompress_rle.obj</name>
      </input_file>
      <input_file id="fl-3b">
         <path>C:\ti\ccsv6\tools\compiler\ti-cgt-msp430_4.4.4\lib\</path>
         <kind>archive</kind>
         <file>rts430x_lc_rd_eabi.lib</file>
         <name>copy_zero_init.obj</name>
      </input_file>
      <input_file id="fl-3c">
         <path>C:\ti\ccsv6\tools\compiler\ti-cgt-msp430_4.4.4\lib\</path>
         <kind>archive</kind>
         <file>rts430x_lc_rd_eabi.lib</file>
         <name>exit.obj</name>
      </input_file>
      <input_file id="fl-3d">
         <path>C:\ti\ccsv6\tools\compiler\ti-cgt-msp430_4.4.4\lib\</path>
         <kind>archive</kind>
         <file>rts430x_lc_rd_eabi.lib</file>
         <name>exit_gvars.obj</name>
      </input_file>
      <input_file id="fl-3e">
         <path>C:\ti\ccsv6\tools\compiler\ti-cgt-msp430_4.4.4\lib\</path>
         <kind>archive</kind>
         <file>rts430x_lc_rd_eabi.lib</file>
         <name>int41.obj</name>
      </input_file>
      <input_file id="fl-3f">
         <path>C:\ti\ccsv6\tools\compiler\ti-cgt-msp430_4.4.4\lib\</path>
         <kind>archive</kind>
         <file>rts430x_lc_rd_eabi.lib</file>
         <name>int42.obj</name>
      </input_file>
      <input_file id="fl-40">
         <path>C:\ti\ccsv6\tools\compiler\ti-cgt-msp430_4.4.4\lib\</path>
         <kind>archive</kind>
         <file>rts430x_lc_rd_eabi.lib</file>
         <name>int43.obj</name>
      </input_file>
      <input_file id="fl-41">
         <path>C:\ti\ccsv6\tools\compiler\ti-cgt-msp430_4.4.4\lib\</path>
         <kind>archive</kind>
         <file>rts430x_lc_rd_eabi.lib</file>
         <name>int44.obj</name>
      </input_file>
      <input_file id="fl-42">
         <path>C:\ti\ccsv6\tools\compiler\ti-cgt-msp430_4.4.4\lib\</path>
         <kind>archive</kind>
         <file>rts430x_lc_rd_eabi.lib</file>
         <name>int45.obj</name>
      </input_file>
      <input_file id="fl-43">
         <path>C:\ti\ccsv6\tools\compiler\ti-cgt-msp430_4.4.4\lib\</path>
         <kind>archive</kind>
         <file>rts430x_lc_rd_eabi.lib</file>
         <name>int47.obj</name>
      </input_file>
      <input_file id="fl-44">
         <path>C:\ti\ccsv6\tools\compiler\ti-cgt-msp430_4.4.4\lib\</path>
         <kind>archive</kind>
         <file>rts430x_lc_rd_eabi.lib</file>
         <name>int48.obj</name>
      </input_file>
      <input_file id="fl-45">
         <path>C:\ti\ccsv6\tools\compiler\ti-cgt-msp430_4.4.4\lib\</path>
         <kind>archive</kind>
         <file>rts430x_lc_rd_eabi.lib</file>
         <name>int49.obj</name>
      </input_file>
      <input_file id="fl-46">
         <path>C:\ti\ccsv6\tools\compiler\ti-cgt-msp430_4.4.4\lib\</path>
         <kind>archive</kind>
         <file>rts430x_lc_rd_eabi.lib</file>
         <name>int50.obj</name>
      </input_file>
      <input_file id="fl-47">
         <path>C:\ti\ccsv6\tools\compiler\ti-cgt-msp430_4.4.4\lib\</path>
         <kind>archive</kind>
         <file>rts430x_lc_rd_eabi.lib</file>
         <name>int51.obj</name>
      </input_file>
      <input_file id="fl-48">
         <path>C:\ti\ccsv6\tools\compiler\ti-cgt-msp430_4.4.4\lib\</path>
         <kind>archive</kind>
         <file>rts430x_lc_rd_eabi.lib</file>
         <name>int52.obj</name>
      </input_file>
      <input_file id="fl-49">
         <path>C:\ti\ccsv6\tools\compiler\ti-cgt-msp430_4.4.4\lib\</path>
         <kind>archive</kind>
         <file>rts430x_lc_rd_eabi.lib</file>
         <name>int53.obj</name>
      </input_file>
      <input_file id="fl-4a">
         <path>C:\ti\ccsv6\tools\compiler\ti-cgt-msp430_4.4.4\lib\</path>
         <kind>archive</kind>
         <file>rts430x_lc_rd_eabi.lib</file>
         <name>int54.obj</name>
      </input_file>
      <input_file id="fl-4b">
         <path>C:\ti\ccsv6\tools\compiler\ti-cgt-msp430_4.4.4\lib\</path>
         <kind>archive</kind>
         <file>rts430x_lc_rd_eabi.lib</file>
         <name>int55.obj</name>
      </input_file>
      <input_file id="fl-4c">
         <path>C:\ti\ccsv6\tools\compiler\ti-cgt-msp430_4.4.4\lib\</path>
         <kind>archive</kind>
         <file>rts430x_lc_rd_eabi.lib</file>
         <name>int56.obj</name>
      </input_file>
      <input_file id="fl-4d">
         <path>C:\ti\ccsv6\tools\compiler\ti-cgt-msp430_4.4.4\lib\</path>
         <kind>archive</kind>
         <file>rts430x_lc_rd_eabi.lib</file>
         <name>int57.obj</name>
      </input_file>
      <input_file id="fl-4e">
         <path>C:\ti\ccsv6\tools\compiler\ti-cgt-msp430_4.4.4\lib\</path>
         <kind>archive</kind>
         <file>rts430x_lc_rd_eabi.lib</file>
         <name>int58.obj</name>
      </input_file>
      <input_file id="fl-4f">
         <path>C:\ti\ccsv6\tools\compiler\ti-cgt-msp430_4.4.4\lib\</path>
         <kind>archive</kind>
         <file>rts430x_lc_rd_eabi.lib</file>
         <name>int59.obj</name>
      </input_file>
      <input_file id="fl-50">
         <path>C:\ti\ccsv6\tools\compiler\ti-cgt-msp430_4.4.4\lib\</path>
         <kind>archive</kind>
         <file>rts430x_lc_rd_eabi.lib</file>
         <name>int60.obj</name>
      </input_file>
      <input_file id="fl-51">
         <path>C:\ti\ccsv6\tools\compiler\ti-cgt-msp430_4.4.4\lib\</path>
         <kind>archive</kind>
         <file>rts430x_lc_rd_eabi.lib</file>
         <name>int61.obj</name>
      </input_file>
      <input_file id="fl-52">
         <path>C:\ti\ccsv6\tools\compiler\ti-cgt-msp430_4.4.4\lib\</path>
         <kind>archive</kind>
         <file>rts430x_lc_rd_eabi.lib</file>
         <name>int62.obj</name>
      </input_file>
      <input_file id="fl-53">
         <path>C:\ti\ccsv6\tools\compiler\ti-cgt-msp430_4.4.4\lib\</path>
         <kind>archive</kind>
         <file>rts430x_lc_rd_eabi.lib</file>
         <name>isr_trap.obj</name>
      </input_file>
      <input_file id="fl-54">
         <path>C:\ti\ccsv6\tools\compiler\ti-cgt-msp430_4.4.4\lib\</path>
         <kind>archive</kind>
         <file>rts430x_lc_rd_eabi.lib</file>
         <name>memcpy.obj</name>
      </input_file>
      <input_file id="fl-55">
         <path>C:\ti\ccsv6\tools\compiler\ti-cgt-msp430_4.4.4\lib\</path>
         <kind>archive</kind>
         <file>rts430x_lc_rd_eabi.lib</file>
         <name>memset.obj</name>
      </input_file>
      <input_file id="fl-56">
         <path>C:\ti\ccsv6\tools\compiler\ti-cgt-msp430_4.4.4\lib\</path>
         <kind>archive</kind>
         <file>rts430x_lc_rd_eabi.lib</file>
         <name>mpu_init.obj</name>
      </input_file>
      <input_file id="fl-57">
         <path>C:\ti\ccsv6\tools\compiler\ti-cgt-msp430_4.4.4\lib\</path>
         <kind>archive</kind>
         <file>rts430x_lc_rd_eabi.lib</file>
         <name>mult1632_f5hw.obj</name>
      </input_file>
      <input_file id="fl-58">
         <path>C:\ti\ccsv6\tools\compiler\ti-cgt-msp430_4.4.4\lib\</path>
         <kind>archive</kind>
         <file>rts430x_lc_rd_eabi.lib</file>
         <name>mult16_f5hw.obj</name>
      </input_file>
      <input_file id="fl-59">
         <path>C:\ti\ccsv6\tools\compiler\ti-cgt-msp430_4.4.4\lib\</path>
         <kind>archive</kind>
         <file>rts430x_lc_rd_eabi.lib</file>
         <name>mult3264_f5hw.obj</name>
      </input_file>
      <input_file id="fl-5a">
         <path>C:\ti\ccsv6\tools\compiler\ti-cgt-msp430_4.4.4\lib\</path>
         <kind>archive</kind>
         <file>rts430x_lc_rd_eabi.lib</file>
         <name>mult32_f5hw.obj</name>
      </input_file>
      <input_file id="fl-5b">
         <path>C:\ti\ccsv6\tools\compiler\ti-cgt-msp430_4.4.4\lib\</path>
         <kind>archive</kind>
         <file>rts430x_lc_rd_eabi.lib</file>
         <name>mult64_f5hw.obj</name>
      </input_file>
      <input_file id="fl-5c">
         <path>C:\ti\ccsv6\tools\compiler\ti-cgt-msp430_4.4.4\lib\</path>
         <kind>archive</kind>
         <file>rts430x_lc_rd_eabi.lib</file>
         <name>pre_init.obj</name>
      </input_file>
      <input_file id="fl-5d">
         <path>C:\ti\ccsv6\tools\compiler\ti-cgt-msp430_4.4.4\lib\</path>
         <kind>archive</kind>
         <file>rts430x_lc_rd_eabi.lib</file>
         <name>sprintf.obj</name>
      </input_file>
      <input_file id="fl-5e">
         <path>C:\ti\ccsv6\tools\compiler\ti-cgt-msp430_4.4.4\lib\</path>
         <kind>archive</kind>
         <file>rts430x_lc_rd_eabi.lib</file>
         <name>_lock.obj</name>
      </input_file>
      <input_file id="fl-5f">
         <path>C:\ti\ccsv6\tools\compiler\ti-cgt-msp430_4.4.4\lib\</path>
         <kind>archive</kind>
         <file>rts430x_lc_rd_eabi.lib</file>
         <name>_printfi.obj</name>
      </input_file>
      <input_file id="fl-60">
         <path>C:\ti\ccsv6\tools\compiler\ti-cgt-msp430_4.4.4\lib\</path>
         <kind>archive</kind>
         <file>rts430x_lc_rd_eabi.lib</file>
         <name>args_main.obj</name>
      </input_file>
      <input_file id="fl-61">
         <path>C:\ti\ccsv6\tools\compiler\ti-cgt-msp430_4.4.4\lib\</path>
         <kind>archive</kind>
         <file>rts430x_lc_rd_eabi.lib</file>
         <name>atoi.obj</name>
      </input_file>
      <input_file id="fl-62">
         <path>C:\ti\ccsv6\tools\compiler\ti-cgt-msp430_4.4.4\lib\</path>
         <kind>archive</kind>
         <file>rts430x_lc_rd_eabi.lib</file>
         <name>autoinit_wdt.obj</name>
      </input_file>
      <input_file id="fl-63">
         <path>C:\ti\ccsv6\tools\compiler\ti-cgt-msp430_4.4.4\lib\</path>
         <kind>archive</kind>
         <file>rts430x_lc_rd_eabi.lib</file>
         <name>cmpd.obj</name>
      </input_file>
      <input_file id="fl-64">
         <path>C:\ti\ccsv6\tools\compiler\ti-cgt-msp430_4.4.4\lib\</path>
         <kind>archive</kind>
         <file>rts430x_lc_rd_eabi.lib</file>
         <name>ctype.obj</name>
      </input_file>
      <input_file id="fl-65">
         <path>C:\ti\ccsv6\tools\compiler\ti-cgt-msp430_4.4.4\lib\</path>
         <kind>archive</kind>
         <file>rts430x_lc_rd_eabi.lib</file>
         <name>div16u.obj</name>
      </input_file>
      <input_file id="fl-66">
         <path>C:\ti\ccsv6\tools\compiler\ti-cgt-msp430_4.4.4\lib\</path>
         <kind>archive</kind>
         <file>rts430x_lc_rd_eabi.lib</file>
         <name>div32u.obj</name>
      </input_file>
      <input_file id="fl-67">
         <path>C:\ti\ccsv6\tools\compiler\ti-cgt-msp430_4.4.4\lib\</path>
         <kind>archive</kind>
         <file>rts430x_lc_rd_eabi.lib</file>
         <name>div64u.obj</name>
      </input_file>
      <input_file id="fl-68">
         <path>C:\ti\ccsv6\tools\compiler\ti-cgt-msp430_4.4.4\lib\</path>
         <kind>archive</kind>
         <file>rts430x_lc_rd_eabi.lib</file>
         <name>divd.obj</name>
      </input_file>
      <input_file id="fl-69">
         <path>C:\ti\ccsv6\tools\compiler\ti-cgt-msp430_4.4.4\lib\</path>
         <kind>archive</kind>
         <file>rts430x_lc_rd_eabi.lib</file>
         <name>fixdi.obj</name>
      </input_file>
      <input_file id="fl-6a">
         <path>C:\ti\ccsv6\tools\compiler\ti-cgt-msp430_4.4.4\lib\</path>
         <kind>archive</kind>
         <file>rts430x_lc_rd_eabi.lib</file>
         <name>fixdli.obj</name>
      </input_file>
      <input_file id="fl-6b">
         <path>C:\ti\ccsv6\tools\compiler\ti-cgt-msp430_4.4.4\lib\</path>
         <kind>archive</kind>
         <file>rts430x_lc_rd_eabi.lib</file>
         <name>fltid.obj</name>
      </input_file>
      <input_file id="fl-6c">
         <path>C:\ti\ccsv6\tools\compiler\ti-cgt-msp430_4.4.4\lib\</path>
         <kind>archive</kind>
         <file>rts430x_lc_rd_eabi.lib</file>
         <name>fltlid.obj</name>
      </input_file>
      <input_file id="fl-6d">
         <path>C:\ti\ccsv6\tools\compiler\ti-cgt-msp430_4.4.4\lib\</path>
         <kind>archive</kind>
         <file>rts430x_lc_rd_eabi.lib</file>
         <name>frcdivd.obj</name>
      </input_file>
      <input_file id="fl-6e">
         <path>C:\ti\ccsv6\tools\compiler\ti-cgt-msp430_4.4.4\lib\</path>
         <kind>archive</kind>
         <file>rts430x_lc_rd_eabi.lib</file>
         <name>frexp.obj</name>
      </input_file>
      <input_file id="fl-6f">
         <path>C:\ti\ccsv6\tools\compiler\ti-cgt-msp430_4.4.4\lib\</path>
         <kind>archive</kind>
         <file>rts430x_lc_rd_eabi.lib</file>
         <name>ldexp.obj</name>
      </input_file>
      <input_file id="fl-70">
         <path>C:\ti\ccsv6\tools\compiler\ti-cgt-msp430_4.4.4\lib\</path>
         <kind>archive</kind>
         <file>rts430x_lc_rd_eabi.lib</file>
         <name>lsl32.obj</name>
      </input_file>
      <input_file id="fl-71">
         <path>C:\ti\ccsv6\tools\compiler\ti-cgt-msp430_4.4.4\lib\</path>
         <kind>archive</kind>
         <file>rts430x_lc_rd_eabi.lib</file>
         <name>lsl64.obj</name>
      </input_file>
      <input_file id="fl-72">
         <path>C:\ti\ccsv6\tools\compiler\ti-cgt-msp430_4.4.4\lib\</path>
         <kind>archive</kind>
         <file>rts430x_lc_rd_eabi.lib</file>
         <name>lsr32.obj</name>
      </input_file>
      <input_file id="fl-73">
         <path>C:\ti\ccsv6\tools\compiler\ti-cgt-msp430_4.4.4\lib\</path>
         <kind>archive</kind>
         <file>rts430x_lc_rd_eabi.lib</file>
         <name>lsr64.obj</name>
      </input_file>
      <input_file id="fl-74">
         <path>C:\ti\ccsv6\tools\compiler\ti-cgt-msp430_4.4.4\lib\</path>
         <kind>archive</kind>
         <file>rts430x_lc_rd_eabi.lib</file>
         <name>ltoa.obj</name>
      </input_file>
      <input_file id="fl-75">
         <path>C:\ti\ccsv6\tools\compiler\ti-cgt-msp430_4.4.4\lib\</path>
         <kind>archive</kind>
         <file>rts430x_lc_rd_eabi.lib</file>
         <name>memccpy.obj</name>
      </input_file>
      <input_file id="fl-76">
         <path>C:\ti\ccsv6\tools\compiler\ti-cgt-msp430_4.4.4\lib\</path>
         <kind>archive</kind>
         <file>rts430x_lc_rd_eabi.lib</file>
         <name>mpyd.obj</name>
      </input_file>
      <input_file id="fl-77">
         <path>C:\ti\ccsv6\tools\compiler\ti-cgt-msp430_4.4.4\lib\</path>
         <kind>archive</kind>
         <file>rts430x_lc_rd_eabi.lib</file>
         <name>mult16.obj</name>
      </input_file>
      <input_file id="fl-78">
         <path>C:\ti\ccsv6\tools\compiler\ti-cgt-msp430_4.4.4\lib\</path>
         <kind>archive</kind>
         <file>rts430x_lc_rd_eabi.lib</file>
         <name>mult32.obj</name>
      </input_file>
      <input_file id="fl-79">
         <path>C:\ti\ccsv6\tools\compiler\ti-cgt-msp430_4.4.4\lib\</path>
         <kind>archive</kind>
         <file>rts430x_lc_rd_eabi.lib</file>
         <name>negd.obj</name>
      </input_file>
      <input_file id="fl-7a">
         <path>C:\ti\ccsv6\tools\compiler\ti-cgt-msp430_4.4.4\lib\</path>
         <kind>archive</kind>
         <file>rts430x_lc_rd_eabi.lib</file>
         <name>strchr.obj</name>
      </input_file>
      <input_file id="fl-7b">
         <path>C:\ti\ccsv6\tools\compiler\ti-cgt-msp430_4.4.4\lib\</path>
         <kind>archive</kind>
         <file>rts430x_lc_rd_eabi.lib</file>
         <name>strlen.obj</name>
      </input_file>
      <input_file id="fl-7c">
         <path>C:\ti\ccsv6\tools\compiler\ti-cgt-msp430_4.4.4\lib\</path>
         <kind>archive</kind>
         <file>rts430x_lc_rd_eabi.lib</file>
         <name>subd.obj</name>
      </input_file>
      <input_file id="fl-7d">
         <path>C:\ti\ccsv6\tools\compiler\ti-cgt-msp430_4.4.4\lib\</path>
         <kind>archive</kind>
         <file>rts430x_lc_rd_eabi.lib</file>
         <name>toupper.obj</name>
      </input_file>
      <input_file id="fl-7e">
         <path>C:\ti\ccsv6\tools\compiler\ti-cgt-msp430_4.4.4\lib\</path>
         <kind>archive</kind>
         <file>rts430x_lc_rd_eabi.lib</file>
         <name>xdclass.obj</name>
      </input_file>
      <input_file id="fl-7f">
         <path>C:\ti\ccsv6\tools\compiler\ti-cgt-msp430_4.4.4\lib\</path>
         <kind>archive</kind>
         <file>rts430x_lc_rd_eabi.lib</file>
         <name>xdscale.obj</name>
      </input_file>
      <input_file id="fl-80">
         <path>C:\ti\ccsv6\tools\compiler\ti-cgt-msp430_4.4.4\lib\</path>
         <kind>archive</kind>
         <file>rts430x_lc_rd_eabi.lib</file>
         <name>xdunscal.obj</name>
      </input_file>
      <input_file id="fl-81">
         <path>C:\ti\ccsv6\tools\compiler\ti-cgt-msp430_4.4.4\lib\</path>
         <kind>archive</kind>
         <file>rts430x_lc_rd_eabi.lib</file>
         <name>xferaise.obj</name>
      </input_file>
      <input_file id="fl-82">
         <path>C:\ti\ccsv6\tools\compiler\ti-cgt-msp430_4.4.4\lib\</path>
         <kind>archive</kind>
         <file>rts430x_lc_rd_eabi.lib</file>
         <name>xvalues.obj</name>
      </input_file>
      <input_file id="fl-83">
         <path>C:\ti\ccsv6\tools\compiler\ti-cgt-msp430_4.4.4\lib\</path>
         <kind>archive</kind>
         <file>rts430x_lc_rd_eabi.lib</file>
         <name>abs.obj</name>
      </input_file>
      <input_file id="fl-84">
         <path>C:\ti\ccsv6\tools\compiler\ti-cgt-msp430_4.4.4\lib\</path>
         <kind>archive</kind>
         <file>rts430x_lc_rd_eabi.lib</file>
         <name>addd.obj</name>
      </input_file>
      <input_file id="fl-85">
         <path>C:\ti\ccsv6\tools\compiler\ti-cgt-msp430_4.4.4\lib\</path>
         <kind>archive</kind>
         <file>rts430x_lc_rd_eabi.lib</file>
         <name>asr32.obj</name>
      </input_file>
      <input_file id="fl-86">
         <path>C:\ti\ccsv6\tools\compiler\ti-cgt-msp430_4.4.4\lib\</path>
         <kind>archive</kind>
         <file>rts430x_lc_rd_eabi.lib</file>
         <name>div32s.obj</name>
      </input_file>
      <input_file id="fl-87">
         <path>C:\ti\ccsv6\tools\compiler\ti-cgt-msp430_4.4.4\lib\</path>
         <kind>archive</kind>
         <file>rts430x_lc_rd_eabi.lib</file>
         <name>errno.obj</name>
      </input_file>
      <input_file id="fl-88">
         <path>C:\ti\ccsv6\tools\compiler\ti-cgt-msp430_4.4.4\lib\</path>
         <kind>archive</kind>
         <file>rts430x_lc_rd_eabi.lib</file>
         <name>feraiseexcept.obj</name>
      </input_file>
      <input_file id="fl-89">
         <path>C:\ti\ccsv6\tools\compiler\ti-cgt-msp430_4.4.4\lib\</path>
         <kind>archive</kind>
         <file>rts430x_lc_rd_eabi.lib</file>
         <name>frcaddd.obj</name>
      </input_file>
      <input_file id="fl-8a">
         <path>C:\ti\ccsv6\tools\compiler\ti-cgt-msp430_4.4.4\lib\</path>
         <kind>archive</kind>
         <file>rts430x_lc_rd_eabi.lib</file>
         <name>frcmpyd.obj</name>
      </input_file>
      <input_file id="fl-8b">
         <path>C:\ti\ccsv6\tools\compiler\ti-cgt-msp430_4.4.4\lib\</path>
         <kind>archive</kind>
         <file>rts430x_lc_rd_eabi.lib</file>
         <name>lsl16.obj</name>
      </input_file>
      <input_file id="fl-8c">
         <path>C:\ti\ccsv6\tools\compiler\ti-cgt-msp430_4.4.4\lib\</path>
         <kind>archive</kind>
         <file>rts430x_lc_rd_eabi.lib</file>
         <name>lsr16.obj</name>
      </input_file>
      <input_file id="fl-8d">
         <path>C:\ti\ccsv6\tools\compiler\ti-cgt-msp430_4.4.4\lib\</path>
         <kind>archive</kind>
         <file>rts430x_lc_rd_eabi.lib</file>
         <name>raise.obj</name>
      </input_file>
      <input_file id="fl-8e">
         <path>C:\ti\ccsv6\tools\compiler\ti-cgt-msp430_4.4.4\lib\</path>
         <kind>archive</kind>
         <file>rts430x_lc_rd_eabi.lib</file>
         <name>renormd.obj</name>
      </input_file>
      <input_file id="fl-8f">
         <path>C:\ti\ccsv6\tools\compiler\ti-cgt-msp430_4.4.4\lib\</path>
         <kind>archive</kind>
         <file>rts430x_lc_rd_eabi.lib</file>
         <name>signal.obj</name>
      </input_file>
      <input_file id="fl-90">
         <path>C:\ti\ccsv6\tools\compiler\ti-cgt-msp430_4.4.4\lib\</path>
         <kind>archive</kind>
         <file>rts430x_lc_rd_eabi.lib</file>
         <name>xdnorm.obj</name>
      </input_file>
   </input_file_list>
   <object_component_list>
      <object_component id="oc-cf">
         <name>.stack</name>
         <uninitialized>true</uninitialized>
         <run_address>0x5b60</run_address>
         <size>0x4</size>
         <input_file_ref idref="fl-37"/>
      </object_component>
      <object_component id="oc-4b9">
         <name>.stack</name>
         <uninitialized>true</uninitialized>
         <run_address>0x5b60</run_address>
         <size>0x0</size>
      </object_component>
      <object_component id="oc-32f">
         <name>.text:__TI_frcdivd</name>
         <load_address>0x10000</load_address>
         <run_address>0x10000</run_address>
         <size>0x452</size>
         <input_file_ref idref="fl-6d"/>
      </object_component>
      <object_component id="oc-2fb">
         <name>.text:__mspabi_divull</name>
         <load_address>0x10452</load_address>
         <run_address>0x10452</run_address>
         <size>0x39a</size>
         <input_file_ref idref="fl-67"/>
      </object_component>
      <object_component id="oc-327">
         <name>.text:__TI_frcmpyd</name>
         <load_address>0x107ec</load_address>
         <run_address>0x107ec</run_address>
         <size>0x2e4</size>
         <input_file_ref idref="fl-8a"/>
      </object_component>
      <object_component id="oc-381">
         <name>.text:__mspabi_addd</name>
         <load_address>0x10ad0</load_address>
         <run_address>0x10ad0</run_address>
         <size>0x2d8</size>
         <input_file_ref idref="fl-84"/>
      </object_component>
      <object_component id="oc-2c7">
         <name>.text:__mspabi_mpyd</name>
         <load_address>0x10da8</load_address>
         <run_address>0x10da8</run_address>
         <size>0x282</size>
         <input_file_ref idref="fl-76"/>
      </object_component>
      <object_component id="oc-1ff">
         <name>.text:_setfield</name>
         <load_address>0x1102a</load_address>
         <run_address>0x1102a</run_address>
         <size>0x262</size>
         <input_file_ref idref="fl-5f"/>
      </object_component>
      <object_component id="oc-3c9">
         <name>.text:__TI_frcaddd</name>
         <load_address>0x1128c</load_address>
         <run_address>0x1128c</run_address>
         <size>0x252</size>
         <input_file_ref idref="fl-89"/>
      </object_component>
      <object_component id="oc-2cd">
         <name>.text:__mspabi_divd</name>
         <load_address>0x114de</load_address>
         <run_address>0x114de</run_address>
         <size>0x222</size>
         <input_file_ref idref="fl-68"/>
      </object_component>
      <object_component id="oc-22f">
         <name>.text:_pproc_fgea</name>
         <load_address>0x11700</load_address>
         <run_address>0x11700</run_address>
         <size>0x218</size>
         <input_file_ref idref="fl-5f"/>
      </object_component>
      <object_component id="oc-2a7">
         <name>.text:ecvt</name>
         <load_address>0x11918</load_address>
         <run_address>0x11918</run_address>
         <size>0x218</size>
         <input_file_ref idref="fl-5f"/>
      </object_component>
      <object_component id="oc-2da">
         <name>.text:acvt</name>
         <load_address>0x11b30</load_address>
         <run_address>0x11b30</run_address>
         <size>0x212</size>
         <input_file_ref idref="fl-5f"/>
      </object_component>
      <object_component id="oc-1d5">
         <name>.text:__TI_printfi</name>
         <load_address>0x11d42</load_address>
         <run_address>0x11d42</run_address>
         <size>0x202</size>
         <input_file_ref idref="fl-5f"/>
      </object_component>
      <object_component id="oc-2ba">
         <name>.text:fcvt</name>
         <load_address>0x11f44</load_address>
         <run_address>0x11f44</run_address>
         <size>0x202</size>
         <input_file_ref idref="fl-5f"/>
      </object_component>
      <object_component id="oc-27b">
         <name>.text:_pconv_e</name>
         <load_address>0x12146</load_address>
         <run_address>0x12146</run_address>
         <size>0x1a4</size>
         <input_file_ref idref="fl-5f"/>
      </object_component>
      <object_component id="oc-3a6">
         <name>.text:_Dscale</name>
         <load_address>0x122ea</load_address>
         <run_address>0x122ea</run_address>
         <size>0x19e</size>
         <input_file_ref idref="fl-7f"/>
      </object_component>
      <object_component id="oc-250">
         <name>.text:_getarg_diouxp</name>
         <load_address>0x12488</load_address>
         <run_address>0x12488</run_address>
         <size>0x188</size>
         <input_file_ref idref="fl-5f"/>
      </object_component>
      <object_component id="oc-281">
         <name>.text:_pconv_a</name>
         <load_address>0x12610</load_address>
         <run_address>0x12610</run_address>
         <size>0x16e</size>
         <input_file_ref idref="fl-5f"/>
      </object_component>
      <object_component id="oc-229">
         <name>.text:_pproc_diouxp</name>
         <load_address>0x1277e</load_address>
         <run_address>0x1277e</run_address>
         <size>0x148</size>
         <input_file_ref idref="fl-5f"/>
      </object_component>
      <object_component id="oc-11f">
         <name>.text:main</name>
         <load_address>0x128c6</load_address>
         <run_address>0x128c6</run_address>
         <size>0x11a</size>
         <input_file_ref idref="fl-2"/>
      </object_component>
      <object_component id="oc-39c">
         <name>.text:_Dnorm</name>
         <load_address>0x129e0</load_address>
         <run_address>0x129e0</run_address>
         <size>0x100</size>
         <input_file_ref idref="fl-90"/>
      </object_component>
      <object_component id="oc-26f">
         <name>.text:_pconv_g</name>
         <load_address>0x12ae0</load_address>
         <run_address>0x12ae0</run_address>
         <size>0xfc</size>
         <input_file_ref idref="fl-5f"/>
      </object_component>
      <object_component id="oc-1f9">
         <name>.text:_pproc_fwp</name>
         <load_address>0x12bdc</load_address>
         <run_address>0x12bdc</run_address>
         <size>0xfa</size>
         <input_file_ref idref="fl-5f"/>
      </object_component>
      <object_component id="oc-287">
         <name>.text:__mspabi_cmpd</name>
         <load_address>0x12cd6</load_address>
         <run_address>0x12cd6</run_address>
         <size>0xd8</size>
         <input_file_ref idref="fl-63"/>
      </object_component>
      <object_component id="oc-402">
         <name>.text:__TI_renormd</name>
         <load_address>0x12dae</load_address>
         <run_address>0x12dae</run_address>
         <size>0xb2</size>
         <input_file_ref idref="fl-8e"/>
      </object_component>
      <object_component id="oc-205">
         <name>.text:_pproc_str</name>
         <load_address>0x12e60</load_address>
         <run_address>0x12e60</run_address>
         <size>0xa8</size>
         <input_file_ref idref="fl-5f"/>
      </object_component>
      <object_component id="oc-256">
         <name>.text:_ltostr</name>
         <load_address>0x12f08</load_address>
         <run_address>0x12f08</run_address>
         <size>0x9e</size>
         <input_file_ref idref="fl-5f"/>
      </object_component>
      <object_component id="oc-30a">
         <name>.text:__mspabi_fltlid</name>
         <load_address>0x12fa6</load_address>
         <run_address>0x12fa6</run_address>
         <size>0x94</size>
         <input_file_ref idref="fl-6c"/>
      </object_component>
      <object_component id="oc-2ad">
         <name>.text:_ecpy</name>
         <load_address>0x1303a</load_address>
         <run_address>0x1303a</run_address>
         <size>0x94</size>
         <input_file_ref idref="fl-5f"/>
      </object_component>
      <object_component id="oc-2b3">
         <name>.text:_mcpy</name>
         <load_address>0x130ce</load_address>
         <run_address>0x130ce</run_address>
         <size>0x90</size>
         <input_file_ref idref="fl-5f"/>
      </object_component>
      <object_component id="oc-29c">
         <name>.text:_div</name>
         <load_address>0x1315e</load_address>
         <run_address>0x1315e</run_address>
         <size>0x88</size>
         <input_file_ref idref="fl-5f"/>
      </object_component>
      <object_component id="oc-33f">
         <name>.text:ldexp</name>
         <load_address>0x131e6</load_address>
         <run_address>0x131e6</run_address>
         <size>0x86</size>
         <input_file_ref idref="fl-6f"/>
      </object_component>
      <object_component id="oc-304">
         <name>.text:ltoa</name>
         <load_address>0x1326c</load_address>
         <run_address>0x1326c</run_address>
         <size>0x80</size>
         <input_file_ref idref="fl-74"/>
      </object_component>
      <object_component id="oc-275">
         <name>.text:_pconv_f</name>
         <load_address>0x132ec</load_address>
         <run_address>0x132ec</run_address>
         <size>0x78</size>
         <input_file_ref idref="fl-5f"/>
      </object_component>
      <object_component id="oc-337">
         <name>.text:_Dunscale</name>
         <load_address>0x13364</load_address>
         <run_address>0x13364</run_address>
         <size>0x72</size>
         <input_file_ref idref="fl-80"/>
      </object_component>
      <object_component id="oc-105">
         <name>.text:_auto_init_hold_wdt</name>
         <load_address>0x133d6</load_address>
         <run_address>0x133d6</run_address>
         <size>0x6c</size>
         <input_file_ref idref="fl-62"/>
      </object_component>
      <object_component id="oc-e0">
         <name>.text:__TI_decompress_rle_core</name>
         <load_address>0x13442</load_address>
         <run_address>0x13442</run_address>
         <size>0x68</size>
         <input_file_ref idref="fl-3a"/>
      </object_component>
      <object_component id="oc-31c">
         <name>.text:__mspabi_fixdli</name>
         <load_address>0x134aa</load_address>
         <run_address>0x134aa</run_address>
         <size>0x66</size>
         <input_file_ref idref="fl-6a"/>
      </object_component>
      <object_component id="oc-221">
         <name>.text:atoi</name>
         <load_address>0x13510</load_address>
         <run_address>0x13510</run_address>
         <size>0x62</size>
         <input_file_ref idref="fl-61"/>
      </object_component>
      <object_component id="oc-2f6">
         <name>.text</name>
         <load_address>0x13572</load_address>
         <run_address>0x13572</run_address>
         <size>0x58</size>
         <input_file_ref idref="fl-66"/>
      </object_component>
      <object_component id="oc-263">
         <name>.text:_Dclass</name>
         <load_address>0x135ca</load_address>
         <run_address>0x135ca</run_address>
         <size>0x50</size>
         <input_file_ref idref="fl-7e"/>
      </object_component>
      <object_component id="oc-2c0">
         <name>.text:_fcpy</name>
         <load_address>0x1361a</load_address>
         <run_address>0x1361a</run_address>
         <size>0x4e</size>
         <input_file_ref idref="fl-5f"/>
      </object_component>
      <object_component id="oc-184">
         <name>.text:WriteBytesToInfoFlashSeg</name>
         <load_address>0x13668</load_address>
         <run_address>0x13668</run_address>
         <size>0x4a</size>
         <input_file_ref idref="fl-2"/>
      </object_component>
      <object_component id="oc-1f3">
         <name>.text:_pproc_fflags</name>
         <load_address>0x136b2</load_address>
         <run_address>0x136b2</run_address>
         <size>0x46</size>
         <input_file_ref idref="fl-5f"/>
      </object_component>
      <object_component id="oc-190">
         <name>.text:sprintf</name>
         <load_address>0x136f8</load_address>
         <run_address>0x136f8</run_address>
         <size>0x44</size>
         <input_file_ref idref="fl-5d"/>
      </object_component>
      <object_component id="oc-2d4">
         <name>.text:frexp</name>
         <load_address>0x1373c</load_address>
         <run_address>0x1373c</run_address>
         <size>0x42</size>
         <input_file_ref idref="fl-6e"/>
      </object_component>
      <object_component id="oc-368">
         <name>.text</name>
         <load_address>0x1377e</load_address>
         <run_address>0x1377e</run_address>
         <size>0x40</size>
         <input_file_ref idref="fl-86"/>
      </object_component>
      <object_component id="oc-34b">
         <name>.text:incr_hex</name>
         <load_address>0x137be</load_address>
         <run_address>0x137be</run_address>
         <size>0x3e</size>
         <input_file_ref idref="fl-5f"/>
      </object_component>
      <object_component id="oc-38f">
         <name>.text:l_asr_const</name>
         <load_address>0x137fc</load_address>
         <run_address>0x137fc</run_address>
         <size>0x3e</size>
         <input_file_ref idref="fl-85"/>
      </object_component>
      <object_component id="oc-375">
         <name>.text:l_lsl_const</name>
         <load_address>0x1383a</load_address>
         <run_address>0x1383a</run_address>
         <size>0x3e</size>
         <input_file_ref idref="fl-70"/>
      </object_component>
      <object_component id="oc-37a">
         <name>.text:l_lsr_const</name>
         <load_address>0x13878</load_address>
         <run_address>0x13878</run_address>
         <size>0x3e</size>
         <input_file_ref idref="fl-72"/>
      </object_component>
      <object_component id="oc-360">
         <name>.text:__mspabi_sllll</name>
         <load_address>0x138b6</load_address>
         <run_address>0x138b6</run_address>
         <size>0x3a</size>
         <input_file_ref idref="fl-71"/>
      </object_component>
      <object_component id="oc-2eb">
         <name>.text:__mspabi_srlll</name>
         <load_address>0x138f0</load_address>
         <run_address>0x138f0</run_address>
         <size>0x3a</size>
         <input_file_ref idref="fl-73"/>
      </object_component>
      <object_component id="oc-435">
         <name>.text:signal</name>
         <load_address>0x1392a</load_address>
         <run_address>0x1392a</run_address>
         <size>0x38</size>
         <input_file_ref idref="fl-8f"/>
      </object_component>
      <object_component id="oc-3ac">
         <name>.text:_Feraise</name>
         <load_address>0x13962</load_address>
         <run_address>0x13962</run_address>
         <size>0x36</size>
         <input_file_ref idref="fl-81"/>
      </object_component>
      <object_component id="oc-3ea">
         <name>.text:feraiseexcept</name>
         <load_address>0x13998</load_address>
         <run_address>0x13998</run_address>
         <size>0x34</size>
         <input_file_ref idref="fl-88"/>
      </object_component>
      <object_component id="oc-310">
         <name>.text:__mspabi_subd</name>
         <load_address>0x139cc</load_address>
         <run_address>0x139cc</run_address>
         <size>0x32</size>
         <input_file_ref idref="fl-7c"/>
      </object_component>
      <object_component id="oc-41c">
         <name>.text:raise</name>
         <load_address>0x139fe</load_address>
         <run_address>0x139fe</run_address>
         <size>0x32</size>
         <input_file_ref idref="fl-8d"/>
      </object_component>
      <object_component id="oc-269">
         <name>.text:__mspabi_negd</name>
         <load_address>0x13a30</load_address>
         <run_address>0x13a30</run_address>
         <size>0x2e</size>
         <input_file_ref idref="fl-79"/>
      </object_component>
      <object_component id="oc-18a">
         <name>.text:ReadBytesFromInfoFlashSeg</name>
         <load_address>0x13a5e</load_address>
         <run_address>0x13a5e</run_address>
         <size>0x28</size>
         <input_file_ref idref="fl-2"/>
      </object_component>
      <object_component id="oc-316">
         <name>.text:__mspabi_fixdi</name>
         <load_address>0x13a86</load_address>
         <run_address>0x13a86</run_address>
         <size>0x28</size>
         <input_file_ref idref="fl-69"/>
      </object_component>
      <object_component id="oc-16f">
         <name>.text:msp430_uart_puts</name>
         <load_address>0x13aae</load_address>
         <run_address>0x13aae</run_address>
         <size>0x28</size>
         <input_file_ref idref="fl-2"/>
      </object_component>
      <object_component id="oc-17e">
         <name>.text:EraseInfoFlashSeg</name>
         <load_address>0x13ad6</load_address>
         <run_address>0x13ad6</run_address>
         <size>0x22</size>
         <input_file_ref idref="fl-2"/>
      </object_component>
      <object_component id="oc-38a">
         <name>.text</name>
         <load_address>0x13af8</load_address>
         <run_address>0x13af8</run_address>
         <size>0x22</size>
         <input_file_ref idref="fl-5a"/>
      </object_component>
      <object_component id="oc-1c9">
         <name>.text:_outs</name>
         <load_address>0x13b1a</load_address>
         <run_address>0x13b1a</run_address>
         <size>0x20</size>
         <input_file_ref idref="fl-5d"/>
      </object_component>
      <object_component id="oc-345">
         <name>.text:val_hex</name>
         <load_address>0x13b3a</load_address>
         <run_address>0x13b3a</run_address>
         <size>0x20</size>
         <input_file_ref idref="fl-5f"/>
      </object_component>
      <object_component id="oc-235">
         <name>.text:memccpy</name>
         <load_address>0x13b5a</load_address>
         <run_address>0x13b5a</run_address>
         <size>0x1e</size>
         <input_file_ref idref="fl-75"/>
      </object_component>
      <object_component id="oc-3b4">
         <name>.text:strchr</name>
         <load_address>0x13b78</load_address>
         <run_address>0x13b78</run_address>
         <size>0x1c</size>
         <input_file_ref idref="fl-7a"/>
      </object_component>
      <object_component id="oc-175">
         <name>.text:memset</name>
         <load_address>0x13b94</load_address>
         <run_address>0x13b94</run_address>
         <size>0x16</size>
         <input_file_ref idref="fl-55"/>
      </object_component>
      <object_component id="oc-2f1">
         <name>.text</name>
         <load_address>0x13baa</load_address>
         <run_address>0x13baa</run_address>
         <size>0x16</size>
         <input_file_ref idref="fl-65"/>
      </object_component>
      <object_component id="oc-246">
         <name>.text</name>
         <load_address>0x13bc0</load_address>
         <run_address>0x13bc0</run_address>
         <size>0x16</size>
         <input_file_ref idref="fl-58"/>
      </object_component>
      <object_component id="oc-1cf">
         <name>.text:_outc</name>
         <load_address>0x13bd6</load_address>
         <run_address>0x13bd6</run_address>
         <size>0x14</size>
         <input_file_ref idref="fl-5d"/>
      </object_component>
      <object_component id="oc-d3">
         <name>.text:memcpy</name>
         <load_address>0x13bea</load_address>
         <run_address>0x13bea</run_address>
         <size>0x14</size>
         <input_file_ref idref="fl-54"/>
      </object_component>
      <object_component id="oc-6b">
         <name>.text:decompress:none:__TI_decompress_none</name>
         <load_address>0x13bfe</load_address>
         <run_address>0x13bfe</run_address>
         <size>0x12</size>
         <input_file_ref idref="fl-39"/>
      </object_component>
      <object_component id="oc-25d">
         <name>.text:toupper</name>
         <load_address>0x13c10</load_address>
         <run_address>0x13c10</run_address>
         <size>0x12</size>
         <input_file_ref idref="fl-7d"/>
      </object_component>
      <object_component id="oc-3fd">
         <name>.text:l_asr</name>
         <load_address>0x13c22</load_address>
         <run_address>0x13c22</run_address>
         <size>0x10</size>
         <input_file_ref idref="fl-85"/>
      </object_component>
      <object_component id="oc-3f8">
         <name>.text:l_lsl</name>
         <load_address>0x13c32</load_address>
         <run_address>0x13c32</run_address>
         <size>0x10</size>
         <input_file_ref idref="fl-70"/>
      </object_component>
      <object_component id="oc-35b">
         <name>.text:l_lsr</name>
         <load_address>0x13c42</load_address>
         <run_address>0x13c42</run_address>
         <size>0x10</size>
         <input_file_ref idref="fl-72"/>
      </object_component>
      <object_component id="oc-168">
         <name>.text:msp430_uart_putc</name>
         <load_address>0x13c52</load_address>
         <run_address>0x13c52</run_address>
         <size>0xe</size>
         <input_file_ref idref="fl-2"/>
      </object_component>
      <object_component id="oc-1ed">
         <name>.text:strlen</name>
         <load_address>0x13c60</load_address>
         <run_address>0x13c60</run_address>
         <size>0xe</size>
         <input_file_ref idref="fl-7b"/>
      </object_component>
      <object_component id="oc-351">
         <name>.text:__mspabi_fltid</name>
         <load_address>0x13c6e</load_address>
         <run_address>0x13c6e</run_address>
         <size>0xc</size>
         <input_file_ref idref="fl-6b"/>
      </object_component>
      <object_component id="oc-36d">
         <name>.text:abs</name>
         <load_address>0x13c7a</load_address>
         <run_address>0x13c7a</run_address>
         <size>0xa</size>
         <input_file_ref idref="fl-83"/>
      </object_component>
      <object_component id="oc-3e0">
         <name>.text</name>
         <load_address>0x13c84</load_address>
         <run_address>0x13c84</run_address>
         <size>0xa</size>
         <input_file_ref idref="fl-8b"/>
      </object_component>
      <object_component id="oc-3db">
         <name>.text</name>
         <load_address>0x13c8e</load_address>
         <run_address>0x13c8e</run_address>
         <size>0xa</size>
         <input_file_ref idref="fl-8c"/>
      </object_component>
      <object_component id="oc-71">
         <name>.text:decompress:rle24:__TI_decompress_rle24</name>
         <load_address>0x13c98</load_address>
         <run_address>0x13c98</run_address>
         <size>0x6</size>
         <input_file_ref idref="fl-3a"/>
      </object_component>
      <object_component id="oc-ff">
         <name>.text:_system_pre_init</name>
         <load_address>0x13c9e</load_address>
         <run_address>0x13c9e</run_address>
         <size>0x4</size>
         <input_file_ref idref="fl-5c"/>
      </object_component>
      <object_component id="oc-127">
         <name>.text:abort</name>
         <load_address>0x13ca2</load_address>
         <run_address>0x13ca2</run_address>
         <size>0x4</size>
         <input_file_ref idref="fl-3c"/>
      </object_component>
      <object_component id="oc-1ae">
         <name>.text:_nop</name>
         <load_address>0x13ca6</load_address>
         <run_address>0x13ca6</run_address>
         <size>0x2</size>
         <input_file_ref idref="fl-5e"/>
      </object_component>
      <object_component id="oc-ab">
         <name>.text:_isr:_c_int00_noargs_noexit</name>
         <load_address>0x5c00</load_address>
         <run_address>0x5c00</run_address>
         <size>0x1a</size>
         <input_file_ref idref="fl-38"/>
      </object_component>
      <object_component id="oc-f2">
         <name>.text:_isr:USCI_A1_ISR</name>
         <load_address>0x5c1a</load_address>
         <run_address>0x5c1a</run_address>
         <size>0x14</size>
         <input_file_ref idref="fl-2"/>
      </object_component>
      <object_component id="oc-ed">
         <name>.text:_isr:__TI_ISR_TRAP</name>
         <load_address>0x5c2e</load_address>
         <run_address>0x5c2e</run_address>
         <size>0x6</size>
         <input_file_ref idref="fl-53"/>
      </object_component>
      <object_component id="oc-4b8">
         <name>.cinit..data.load</name>
         <load_address>0x5da0</load_address>
         <run_address>0x5da0</run_address>
         <size>0x42</size>
      </object_component>
      <object_component id="oc-4b6">
         <name>__TI_handler_table</name>
         <load_address>0x5de2</load_address>
         <run_address>0x5de2</run_address>
         <size>0x8</size>
      </object_component>
      <object_component id="oc-4b7">
         <name>__TI_cinit_table</name>
         <load_address>0x5dea</load_address>
         <run_address>0x5dea</run_address>
         <size>0x8</size>
      </object_component>
      <object_component id="oc-24b">
         <name>.const:.string:_ctypes_</name>
         <load_address>0x5c34</load_address>
         <run_address>0x5c34</run_address>
         <size>0x101</size>
         <input_file_ref idref="fl-64"/>
      </object_component>
      <object_component id="oc-16e">
         <name>.const:.string</name>
         <load_address>0x5d36</load_address>
         <run_address>0x5d36</run_address>
         <size>0x2e</size>
         <input_file_ref idref="fl-2"/>
      </object_component>
      <object_component id="oc-228">
         <name>.const:.string</name>
         <load_address>0x5d64</load_address>
         <run_address>0x5d64</run_address>
         <size>0x26</size>
         <input_file_ref idref="fl-5f"/>
      </object_component>
      <object_component id="oc-17b">
         <name>.const</name>
         <load_address>0x5d8a</load_address>
         <run_address>0x5d8a</run_address>
         <size>0x16</size>
         <input_file_ref idref="fl-2"/>
      </object_component>
      <object_component id="oc-77">
         <name>.int41</name>
         <load_address>0xffd2</load_address>
         <run_address>0xffd2</run_address>
         <size>0x2</size>
         <input_file_ref idref="fl-3e"/>
      </object_component>
      <object_component id="oc-78">
         <name>.int42</name>
         <load_address>0xffd4</load_address>
         <run_address>0xffd4</run_address>
         <size>0x2</size>
         <input_file_ref idref="fl-3f"/>
      </object_component>
      <object_component id="oc-79">
         <name>.int43</name>
         <load_address>0xffd6</load_address>
         <run_address>0xffd6</run_address>
         <size>0x2</size>
         <input_file_ref idref="fl-40"/>
      </object_component>
      <object_component id="oc-7a">
         <name>.int44</name>
         <load_address>0xffd8</load_address>
         <run_address>0xffd8</run_address>
         <size>0x2</size>
         <input_file_ref idref="fl-41"/>
      </object_component>
      <object_component id="oc-7b">
         <name>.int45</name>
         <load_address>0xffda</load_address>
         <run_address>0xffda</run_address>
         <size>0x2</size>
         <input_file_ref idref="fl-42"/>
      </object_component>
      <object_component id="oc-7c">
         <name>.int46</name>
         <load_address>0xffdc</load_address>
         <run_address>0xffdc</run_address>
         <size>0x2</size>
         <input_file_ref idref="fl-2"/>
      </object_component>
      <object_component id="oc-7d">
         <name>.int47</name>
         <load_address>0xffde</load_address>
         <run_address>0xffde</run_address>
         <size>0x2</size>
         <input_file_ref idref="fl-43"/>
      </object_component>
      <object_component id="oc-7e">
         <name>.int48</name>
         <load_address>0xffe0</load_address>
         <run_address>0xffe0</run_address>
         <size>0x2</size>
         <input_file_ref idref="fl-44"/>
      </object_component>
      <object_component id="oc-7f">
         <name>.int49</name>
         <load_address>0xffe2</load_address>
         <run_address>0xffe2</run_address>
         <size>0x2</size>
         <input_file_ref idref="fl-45"/>
      </object_component>
      <object_component id="oc-80">
         <name>.int50</name>
         <load_address>0xffe4</load_address>
         <run_address>0xffe4</run_address>
         <size>0x2</size>
         <input_file_ref idref="fl-46"/>
      </object_component>
      <object_component id="oc-81">
         <name>.int51</name>
         <load_address>0xffe6</load_address>
         <run_address>0xffe6</run_address>
         <size>0x2</size>
         <input_file_ref idref="fl-47"/>
      </object_component>
      <object_component id="oc-82">
         <name>.int52</name>
         <load_address>0xffe8</load_address>
         <run_address>0xffe8</run_address>
         <size>0x2</size>
         <input_file_ref idref="fl-48"/>
      </object_component>
      <object_component id="oc-83">
         <name>.int53</name>
         <load_address>0xffea</load_address>
         <run_address>0xffea</run_address>
         <size>0x2</size>
         <input_file_ref idref="fl-49"/>
      </object_component>
      <object_component id="oc-84">
         <name>.int54</name>
         <load_address>0xffec</load_address>
         <run_address>0xffec</run_address>
         <size>0x2</size>
         <input_file_ref idref="fl-4a"/>
      </object_component>
      <object_component id="oc-85">
         <name>.int55</name>
         <load_address>0xffee</load_address>
         <run_address>0xffee</run_address>
         <size>0x2</size>
         <input_file_ref idref="fl-4b"/>
      </object_component>
      <object_component id="oc-86">
         <name>.int56</name>
         <load_address>0xfff0</load_address>
         <run_address>0xfff0</run_address>
         <size>0x2</size>
         <input_file_ref idref="fl-4c"/>
      </object_component>
      <object_component id="oc-87">
         <name>.int57</name>
         <load_address>0xfff2</load_address>
         <run_address>0xfff2</run_address>
         <size>0x2</size>
         <input_file_ref idref="fl-4d"/>
      </object_component>
      <object_component id="oc-88">
         <name>.int58</name>
         <load_address>0xfff4</load_address>
         <run_address>0xfff4</run_address>
         <size>0x2</size>
         <input_file_ref idref="fl-4e"/>
      </object_component>
      <object_component id="oc-89">
         <name>.int59</name>
         <load_address>0xfff6</load_address>
         <run_address>0xfff6</run_address>
         <size>0x2</size>
         <input_file_ref idref="fl-4f"/>
      </object_component>
      <object_component id="oc-8a">
         <name>.int60</name>
         <load_address>0xfff8</load_address>
         <run_address>0xfff8</run_address>
         <size>0x2</size>
         <input_file_ref idref="fl-50"/>
      </object_component>
      <object_component id="oc-8b">
         <name>.int61</name>
         <load_address>0xfffa</load_address>
         <run_address>0xfffa</run_address>
         <size>0x2</size>
         <input_file_ref idref="fl-51"/>
      </object_component>
      <object_component id="oc-8c">
         <name>.int62</name>
         <load_address>0xfffc</load_address>
         <run_address>0xfffc</run_address>
         <size>0x2</size>
         <input_file_ref idref="fl-52"/>
      </object_component>
      <object_component id="oc-d2">
         <name>.reset</name>
         <load_address>0xfffe</load_address>
         <run_address>0xfffe</run_address>
         <size>0x2</size>
         <input_file_ref idref="fl-37"/>
      </object_component>
      <object_component id="oc-159">
         <name>.data:_lock</name>
         <load_address>0x1d38</load_address>
         <run_address>0x1d38</run_address>
         <size>0x4</size>
         <input_file_ref idref="fl-5e"/>
      </object_component>
      <object_component id="oc-162">
         <name>.data:_unlock</name>
         <load_address>0x1d3c</load_address>
         <run_address>0x1d3c</run_address>
         <size>0x4</size>
         <input_file_ref idref="fl-5e"/>
      </object_component>
      <object_component id="oc-3e5">
         <name>.data</name>
         <load_address>0x1cb0</load_address>
         <run_address>0x1cb0</run_address>
         <size>0x80</size>
         <input_file_ref idref="fl-82"/>
      </object_component>
      <object_component id="oc-3f0">
         <name>.data</name>
         <load_address>0x1d40</load_address>
         <run_address>0x1d40</run_address>
         <size>0x2</size>
         <input_file_ref idref="fl-87"/>
      </object_component>
      <object_component id="oc-419">
         <name>.data</name>
         <load_address>0x1d30</load_address>
         <run_address>0x1d30</run_address>
         <size>0x8</size>
         <input_file_ref idref="fl-88"/>
      </object_component>
      <object_component id="oc-441">
         <name>.data:sigtable</name>
         <load_address>0x1c00</load_address>
         <run_address>0x1c00</run_address>
         <size>0xb0</size>
         <input_file_ref idref="fl-8f"/>
      </object_component>
      <object_component id="oc-197">
         <name>.debug_info</name>
         <load_address>0x0</load_address>
         <run_address>0x0</run_address>
         <size>0x467</size>
         <input_file_ref idref="fl-2"/>
      </object_component>
      <object_component id="oc-17c">
         <name>.debug_info</name>
         <load_address>0x467</load_address>
         <run_address>0x467</run_address>
         <size>0x11b</size>
         <input_file_ref idref="fl-2"/>
      </object_component>
      <object_component id="oc-169">
         <name>.debug_info</name>
         <load_address>0x582</load_address>
         <run_address>0x582</run_address>
         <size>0x154</size>
         <input_file_ref idref="fl-2"/>
      </object_component>
      <object_component id="oc-170">
         <name>.debug_info</name>
         <load_address>0x6d6</load_address>
         <run_address>0x6d6</run_address>
         <size>0x176</size>
         <input_file_ref idref="fl-2"/>
      </object_component>
      <object_component id="oc-17f">
         <name>.debug_info</name>
         <load_address>0x84c</load_address>
         <run_address>0x84c</run_address>
         <size>0x17a</size>
         <input_file_ref idref="fl-2"/>
      </object_component>
      <object_component id="oc-185">
         <name>.debug_info</name>
         <load_address>0x9c6</load_address>
         <run_address>0x9c6</run_address>
         <size>0x20d</size>
         <input_file_ref idref="fl-2"/>
      </object_component>
      <object_component id="oc-18b">
         <name>.debug_info</name>
         <load_address>0xbd3</load_address>
         <run_address>0xbd3</run_address>
         <size>0x20f</size>
         <input_file_ref idref="fl-2"/>
      </object_component>
      <object_component id="oc-120">
         <name>.debug_info</name>
         <load_address>0xde2</load_address>
         <run_address>0xde2</run_address>
         <size>0x2d4</size>
         <input_file_ref idref="fl-2"/>
      </object_component>
      <object_component id="oc-f3">
         <name>.debug_info</name>
         <load_address>0x10b6</load_address>
         <run_address>0x10b6</run_address>
         <size>0x131</size>
         <input_file_ref idref="fl-2"/>
      </object_component>
      <object_component id="oc-1df">
         <name>.debug_info</name>
         <load_address>0x11e7</load_address>
         <run_address>0x11e7</run_address>
         <size>0xc8</size>
         <input_file_ref idref="fl-2"/>
      </object_component>
      <object_component id="oc-135">
         <name>.debug_info</name>
         <load_address>0x12af</load_address>
         <run_address>0x12af</run_address>
         <size>0x84</size>
         <input_file_ref idref="fl-2"/>
      </object_component>
      <object_component id="oc-198">
         <name>.debug_info</name>
         <load_address>0x1333</load_address>
         <run_address>0x1333</run_address>
         <size>0x25d</size>
         <input_file_ref idref="fl-2"/>
      </object_component>
      <object_component id="oc-20d">
         <name>.debug_info</name>
         <load_address>0x1590</load_address>
         <run_address>0x1590</run_address>
         <size>0x2c</size>
         <input_file_ref idref="fl-2"/>
      </object_component>
      <object_component id="oc-d0">
         <name>.debug_info</name>
         <load_address>0x15bc</load_address>
         <run_address>0x15bc</run_address>
         <size>0xd8</size>
         <input_file_ref idref="fl-37"/>
      </object_component>
      <object_component id="oc-ac">
         <name>.debug_info</name>
         <load_address>0x1694</load_address>
         <run_address>0x1694</run_address>
         <size>0x179</size>
         <input_file_ref idref="fl-38"/>
      </object_component>
      <object_component id="oc-df">
         <name>.debug_info</name>
         <load_address>0x180d</load_address>
         <run_address>0x180d</run_address>
         <size>0x1a9</size>
         <input_file_ref idref="fl-39"/>
      </object_component>
      <object_component id="oc-6d">
         <name>.debug_info</name>
         <load_address>0x19b6</load_address>
         <run_address>0x19b6</run_address>
         <size>0x1ab</size>
         <input_file_ref idref="fl-39"/>
      </object_component>
      <object_component id="oc-da">
         <name>.debug_info</name>
         <load_address>0x1b61</load_address>
         <run_address>0x1b61</run_address>
         <size>0x46</size>
         <input_file_ref idref="fl-39"/>
      </object_component>
      <object_component id="oc-143">
         <name>.debug_info</name>
         <load_address>0x1ba7</load_address>
         <run_address>0x1ba7</run_address>
         <size>0x2c</size>
         <input_file_ref idref="fl-39"/>
      </object_component>
      <object_component id="oc-e7">
         <name>.debug_info</name>
         <load_address>0x1bd3</load_address>
         <run_address>0x1bd3</run_address>
         <size>0x166</size>
         <input_file_ref idref="fl-3a"/>
      </object_component>
      <object_component id="oc-e1">
         <name>.debug_info</name>
         <load_address>0x1d39</load_address>
         <run_address>0x1d39</run_address>
         <size>0x21d</size>
         <input_file_ref idref="fl-3a"/>
      </object_component>
      <object_component id="oc-72">
         <name>.debug_info</name>
         <load_address>0x1f56</load_address>
         <run_address>0x1f56</run_address>
         <size>0x194</size>
         <input_file_ref idref="fl-3a"/>
      </object_component>
      <object_component id="oc-e8">
         <name>.debug_info</name>
         <load_address>0x20ea</load_address>
         <run_address>0x20ea</run_address>
         <size>0x39</size>
         <input_file_ref idref="fl-3a"/>
      </object_component>
      <object_component id="oc-128">
         <name>.debug_info</name>
         <load_address>0x2123</load_address>
         <run_address>0x2123</run_address>
         <size>0xfa</size>
         <input_file_ref idref="fl-3c"/>
      </object_component>
      <object_component id="oc-ee">
         <name>.debug_info</name>
         <load_address>0x221d</load_address>
         <run_address>0x221d</run_address>
         <size>0xee</size>
         <input_file_ref idref="fl-53"/>
      </object_component>
      <object_component id="oc-13b">
         <name>.debug_info</name>
         <load_address>0x230b</load_address>
         <run_address>0x230b</run_address>
         <size>0x15f</size>
         <input_file_ref idref="fl-54"/>
      </object_component>
      <object_component id="oc-d4">
         <name>.debug_info</name>
         <load_address>0x246a</load_address>
         <run_address>0x246a</run_address>
         <size>0x174</size>
         <input_file_ref idref="fl-54"/>
      </object_component>
      <object_component id="oc-13c">
         <name>.debug_info</name>
         <load_address>0x25de</load_address>
         <run_address>0x25de</run_address>
         <size>0x2c</size>
         <input_file_ref idref="fl-54"/>
      </object_component>
      <object_component id="oc-1c3">
         <name>.debug_info</name>
         <load_address>0x260a</load_address>
         <run_address>0x260a</run_address>
         <size>0x14f</size>
         <input_file_ref idref="fl-55"/>
      </object_component>
      <object_component id="oc-176">
         <name>.debug_info</name>
         <load_address>0x2759</load_address>
         <run_address>0x2759</run_address>
         <size>0x20d</size>
         <input_file_ref idref="fl-55"/>
      </object_component>
      <object_component id="oc-247">
         <name>.debug_info</name>
         <load_address>0x2966</load_address>
         <run_address>0x2966</run_address>
         <size>0x10f</size>
         <input_file_ref idref="fl-58"/>
      </object_component>
      <object_component id="oc-38b">
         <name>.debug_info</name>
         <load_address>0x2a75</load_address>
         <run_address>0x2a75</run_address>
         <size>0x10f</size>
         <input_file_ref idref="fl-5a"/>
      </object_component>
      <object_component id="oc-100">
         <name>.debug_info</name>
         <load_address>0x2b84</load_address>
         <run_address>0x2b84</run_address>
         <size>0x12b</size>
         <input_file_ref idref="fl-5c"/>
      </object_component>
      <object_component id="oc-1dc">
         <name>.debug_info</name>
         <load_address>0x2caf</load_address>
         <run_address>0x2caf</run_address>
         <size>0x229</size>
         <input_file_ref idref="fl-5d"/>
      </object_component>
      <object_component id="oc-191">
         <name>.debug_info</name>
         <load_address>0x2ed8</load_address>
         <run_address>0x2ed8</run_address>
         <size>0x19a</size>
         <input_file_ref idref="fl-5d"/>
      </object_component>
      <object_component id="oc-1ca">
         <name>.debug_info</name>
         <load_address>0x3072</load_address>
         <run_address>0x3072</run_address>
         <size>0x170</size>
         <input_file_ref idref="fl-5d"/>
      </object_component>
      <object_component id="oc-1d0">
         <name>.debug_info</name>
         <load_address>0x31e2</load_address>
         <run_address>0x31e2</run_address>
         <size>0x145</size>
         <input_file_ref idref="fl-5d"/>
      </object_component>
      <object_component id="oc-219">
         <name>.debug_info</name>
         <load_address>0x3327</load_address>
         <run_address>0x3327</run_address>
         <size>0x2c</size>
         <input_file_ref idref="fl-5d"/>
      </object_component>
      <object_component id="oc-1b6">
         <name>.debug_info</name>
         <load_address>0x3353</load_address>
         <run_address>0x3353</run_address>
         <size>0x140</size>
         <input_file_ref idref="fl-5e"/>
      </object_component>
      <object_component id="oc-15a">
         <name>.debug_info</name>
         <load_address>0x3493</load_address>
         <run_address>0x3493</run_address>
         <size>0xd7</size>
         <input_file_ref idref="fl-5e"/>
      </object_component>
      <object_component id="oc-163">
         <name>.debug_info</name>
         <load_address>0x356a</load_address>
         <run_address>0x356a</run_address>
         <size>0xdb</size>
         <input_file_ref idref="fl-5e"/>
      </object_component>
      <object_component id="oc-1af">
         <name>.debug_info</name>
         <load_address>0x3645</load_address>
         <run_address>0x3645</run_address>
         <size>0x106</size>
         <input_file_ref idref="fl-5e"/>
      </object_component>
      <object_component id="oc-20c">
         <name>.debug_info</name>
         <load_address>0x374b</load_address>
         <run_address>0x374b</run_address>
         <size>0x4b7</size>
         <input_file_ref idref="fl-5f"/>
      </object_component>
      <object_component id="oc-1f4">
         <name>.debug_info</name>
         <load_address>0x3c02</load_address>
         <run_address>0x3c02</run_address>
         <size>0x167</size>
         <input_file_ref idref="fl-5f"/>
      </object_component>
      <object_component id="oc-1fa">
         <name>.debug_info</name>
         <load_address>0x3d69</load_address>
         <run_address>0x3d69</run_address>
         <size>0x237</size>
         <input_file_ref idref="fl-5f"/>
      </object_component>
      <object_component id="oc-251">
         <name>.debug_info</name>
         <load_address>0x3fa0</load_address>
         <run_address>0x3fa0</run_address>
         <size>0x18b</size>
         <input_file_ref idref="fl-5f"/>
      </object_component>
      <object_component id="oc-29d">
         <name>.debug_info</name>
         <load_address>0x412b</load_address>
         <run_address>0x412b</run_address>
         <size>0x1c0</size>
         <input_file_ref idref="fl-5f"/>
      </object_component>
      <object_component id="oc-257">
         <name>.debug_info</name>
         <load_address>0x42eb</load_address>
         <run_address>0x42eb</run_address>
         <size>0x211</size>
         <input_file_ref idref="fl-5f"/>
      </object_component>
      <object_component id="oc-22a">
         <name>.debug_info</name>
         <load_address>0x44fc</load_address>
         <run_address>0x44fc</run_address>
         <size>0x22e</size>
         <input_file_ref idref="fl-5f"/>
      </object_component>
      <object_component id="oc-2a8">
         <name>.debug_info</name>
         <load_address>0x472a</load_address>
         <run_address>0x472a</run_address>
         <size>0x359</size>
         <input_file_ref idref="fl-5f"/>
      </object_component>
      <object_component id="oc-2ae">
         <name>.debug_info</name>
         <load_address>0x4a83</load_address>
         <run_address>0x4a83</run_address>
         <size>0x18b</size>
         <input_file_ref idref="fl-5f"/>
      </object_component>
      <object_component id="oc-2b4">
         <name>.debug_info</name>
         <load_address>0x4c0e</load_address>
         <run_address>0x4c0e</run_address>
         <size>0x1ed</size>
         <input_file_ref idref="fl-5f"/>
      </object_component>
      <object_component id="oc-270">
         <name>.debug_info</name>
         <load_address>0x4dfb</load_address>
         <run_address>0x4dfb</run_address>
         <size>0x250</size>
         <input_file_ref idref="fl-5f"/>
      </object_component>
      <object_component id="oc-2bb">
         <name>.debug_info</name>
         <load_address>0x504b</load_address>
         <run_address>0x504b</run_address>
         <size>0x351</size>
         <input_file_ref idref="fl-5f"/>
      </object_component>
      <object_component id="oc-2c1">
         <name>.debug_info</name>
         <load_address>0x539c</load_address>
         <run_address>0x539c</run_address>
         <size>0x1de</size>
         <input_file_ref idref="fl-5f"/>
      </object_component>
      <object_component id="oc-276">
         <name>.debug_info</name>
         <load_address>0x557a</load_address>
         <run_address>0x557a</run_address>
         <size>0x214</size>
         <input_file_ref idref="fl-5f"/>
      </object_component>
      <object_component id="oc-27c">
         <name>.debug_info</name>
         <load_address>0x578e</load_address>
         <run_address>0x578e</run_address>
         <size>0x367</size>
         <input_file_ref idref="fl-5f"/>
      </object_component>
      <object_component id="oc-346">
         <name>.debug_info</name>
         <load_address>0x5af5</load_address>
         <run_address>0x5af5</run_address>
         <size>0x168</size>
         <input_file_ref idref="fl-5f"/>
      </object_component>
      <object_component id="oc-34c">
         <name>.debug_info</name>
         <load_address>0x5c5d</load_address>
         <run_address>0x5c5d</run_address>
         <size>0x179</size>
         <input_file_ref idref="fl-5f"/>
      </object_component>
      <object_component id="oc-2db">
         <name>.debug_info</name>
         <load_address>0x5dd6</load_address>
         <run_address>0x5dd6</run_address>
         <size>0x3f1</size>
         <input_file_ref idref="fl-5f"/>
      </object_component>
      <object_component id="oc-282">
         <name>.debug_info</name>
         <load_address>0x61c7</load_address>
         <run_address>0x61c7</run_address>
         <size>0x262</size>
         <input_file_ref idref="fl-5f"/>
      </object_component>
      <object_component id="oc-230">
         <name>.debug_info</name>
         <load_address>0x6429</load_address>
         <run_address>0x6429</run_address>
         <size>0x3a2</size>
         <input_file_ref idref="fl-5f"/>
      </object_component>
      <object_component id="oc-200">
         <name>.debug_info</name>
         <load_address>0x67cb</load_address>
         <run_address>0x67cb</run_address>
         <size>0x2c4</size>
         <input_file_ref idref="fl-5f"/>
      </object_component>
      <object_component id="oc-206">
         <name>.debug_info</name>
         <load_address>0x6a8f</load_address>
         <run_address>0x6a8f</run_address>
         <size>0x23f</size>
         <input_file_ref idref="fl-5f"/>
      </object_component>
      <object_component id="oc-1d6">
         <name>.debug_info</name>
         <load_address>0x6cce</load_address>
         <run_address>0x6cce</run_address>
         <size>0x2d0</size>
         <input_file_ref idref="fl-5f"/>
      </object_component>
      <object_component id="oc-212">
         <name>.debug_info</name>
         <load_address>0x6f9e</load_address>
         <run_address>0x6f9e</run_address>
         <size>0x86</size>
         <input_file_ref idref="fl-5f"/>
      </object_component>
      <object_component id="oc-290">
         <name>.debug_info</name>
         <load_address>0x7024</load_address>
         <run_address>0x7024</run_address>
         <size>0x46</size>
         <input_file_ref idref="fl-5f"/>
      </object_component>
      <object_component id="oc-23f">
         <name>.debug_info</name>
         <load_address>0x706a</load_address>
         <run_address>0x706a</run_address>
         <size>0x39</size>
         <input_file_ref idref="fl-5f"/>
      </object_component>
      <object_component id="oc-24f">
         <name>.debug_info</name>
         <load_address>0x70a3</load_address>
         <run_address>0x70a3</run_address>
         <size>0x173</size>
         <input_file_ref idref="fl-61"/>
      </object_component>
      <object_component id="oc-222">
         <name>.debug_info</name>
         <load_address>0x7216</load_address>
         <run_address>0x7216</run_address>
         <size>0x168</size>
         <input_file_ref idref="fl-61"/>
      </object_component>
      <object_component id="oc-151">
         <name>.debug_info</name>
         <load_address>0x737e</load_address>
         <run_address>0x737e</run_address>
         <size>0x306</size>
         <input_file_ref idref="fl-62"/>
      </object_component>
      <object_component id="oc-106">
         <name>.debug_info</name>
         <load_address>0x7684</load_address>
         <run_address>0x7684</run_address>
         <size>0x1da</size>
         <input_file_ref idref="fl-62"/>
      </object_component>
      <object_component id="oc-1a2">
         <name>.debug_info</name>
         <load_address>0x785e</load_address>
         <run_address>0x785e</run_address>
         <size>0x39</size>
         <input_file_ref idref="fl-62"/>
      </object_component>
      <object_component id="oc-152">
         <name>.debug_info</name>
         <load_address>0x7897</load_address>
         <run_address>0x7897</run_address>
         <size>0x2c</size>
         <input_file_ref idref="fl-62"/>
      </object_component>
      <object_component id="oc-288">
         <name>.debug_info</name>
         <load_address>0x78c3</load_address>
         <run_address>0x78c3</run_address>
         <size>0x1a7</size>
         <input_file_ref idref="fl-63"/>
      </object_component>
      <object_component id="oc-2e2">
         <name>.debug_info</name>
         <load_address>0x7a6a</load_address>
         <run_address>0x7a6a</run_address>
         <size>0x94</size>
         <input_file_ref idref="fl-63"/>
      </object_component>
      <object_component id="oc-298">
         <name>.debug_info</name>
         <load_address>0x7afe</load_address>
         <run_address>0x7afe</run_address>
         <size>0xd6</size>
         <input_file_ref idref="fl-64"/>
      </object_component>
      <object_component id="oc-24c">
         <name>.debug_info</name>
         <load_address>0x7bd4</load_address>
         <run_address>0x7bd4</run_address>
         <size>0xdd</size>
         <input_file_ref idref="fl-64"/>
      </object_component>
      <object_component id="oc-2f4">
         <name>.debug_info</name>
         <load_address>0x7cb1</load_address>
         <run_address>0x7cb1</run_address>
         <size>0x100</size>
         <input_file_ref idref="fl-65"/>
      </object_component>
      <object_component id="oc-2f7">
         <name>.debug_info</name>
         <load_address>0x7db1</load_address>
         <run_address>0x7db1</run_address>
         <size>0x102</size>
         <input_file_ref idref="fl-66"/>
      </object_component>
      <object_component id="oc-367">
         <name>.debug_info</name>
         <load_address>0x7eb3</load_address>
         <run_address>0x7eb3</run_address>
         <size>0x139</size>
         <input_file_ref idref="fl-67"/>
      </object_component>
      <object_component id="oc-2fc">
         <name>.debug_info</name>
         <load_address>0x7fec</load_address>
         <run_address>0x7fec</run_address>
         <size>0x31c</size>
         <input_file_ref idref="fl-67"/>
      </object_component>
      <object_component id="oc-336">
         <name>.debug_info</name>
         <load_address>0x8308</load_address>
         <run_address>0x8308</run_address>
         <size>0x209</size>
         <input_file_ref idref="fl-68"/>
      </object_component>
      <object_component id="oc-2ce">
         <name>.debug_info</name>
         <load_address>0x8511</load_address>
         <run_address>0x8511</run_address>
         <size>0x22a</size>
         <input_file_ref idref="fl-68"/>
      </object_component>
      <object_component id="oc-31a">
         <name>.debug_info</name>
         <load_address>0x873b</load_address>
         <run_address>0x873b</run_address>
         <size>0x154</size>
         <input_file_ref idref="fl-69"/>
      </object_component>
      <object_component id="oc-31e">
         <name>.debug_info</name>
         <load_address>0x888f</load_address>
         <run_address>0x888f</run_address>
         <size>0x188</size>
         <input_file_ref idref="fl-6a"/>
      </object_component>
      <object_component id="oc-352">
         <name>.debug_info</name>
         <load_address>0x8a17</load_address>
         <run_address>0x8a17</run_address>
         <size>0x13e</size>
         <input_file_ref idref="fl-6b"/>
      </object_component>
      <object_component id="oc-380">
         <name>.debug_info</name>
         <load_address>0x8b55</load_address>
         <run_address>0x8b55</run_address>
         <size>0x1d7</size>
         <input_file_ref idref="fl-6c"/>
      </object_component>
      <object_component id="oc-30c">
         <name>.debug_info</name>
         <load_address>0x8d2c</load_address>
         <run_address>0x8d2c</run_address>
         <size>0x1cb</size>
         <input_file_ref idref="fl-6c"/>
      </object_component>
      <object_component id="oc-399">
         <name>.debug_info</name>
         <load_address>0x8ef7</load_address>
         <run_address>0x8ef7</run_address>
         <size>0x1de</size>
         <input_file_ref idref="fl-6d"/>
      </object_component>
      <object_component id="oc-331">
         <name>.debug_info</name>
         <load_address>0x90d5</load_address>
         <run_address>0x90d5</run_address>
         <size>0x583</size>
         <input_file_ref idref="fl-6d"/>
      </object_component>
      <object_component id="oc-33e">
         <name>.debug_info</name>
         <load_address>0x9658</load_address>
         <run_address>0x9658</run_address>
         <size>0x215</size>
         <input_file_ref idref="fl-6e"/>
      </object_component>
      <object_component id="oc-2d8">
         <name>.debug_info</name>
         <load_address>0x986d</load_address>
         <run_address>0x986d</run_address>
         <size>0x17b</size>
         <input_file_ref idref="fl-6e"/>
      </object_component>
      <object_component id="oc-3b3">
         <name>.debug_info</name>
         <load_address>0x99e8</load_address>
         <run_address>0x99e8</run_address>
         <size>0x20d</size>
         <input_file_ref idref="fl-6f"/>
      </object_component>
      <object_component id="oc-342">
         <name>.debug_info</name>
         <load_address>0x9bf5</load_address>
         <run_address>0x9bf5</run_address>
         <size>0x172</size>
         <input_file_ref idref="fl-6f"/>
      </object_component>
      <object_component id="oc-3f9">
         <name>.debug_info</name>
         <load_address>0x9d67</load_address>
         <run_address>0x9d67</run_address>
         <size>0xff</size>
         <input_file_ref idref="fl-70"/>
      </object_component>
      <object_component id="oc-377">
         <name>.debug_info</name>
         <load_address>0x9e66</load_address>
         <run_address>0x9e66</run_address>
         <size>0x105</size>
         <input_file_ref idref="fl-70"/>
      </object_component>
      <object_component id="oc-361">
         <name>.debug_info</name>
         <load_address>0x9f6b</load_address>
         <run_address>0x9f6b</run_address>
         <size>0x160</size>
         <input_file_ref idref="fl-71"/>
      </object_component>
      <object_component id="oc-35c">
         <name>.debug_info</name>
         <load_address>0xa0cb</load_address>
         <run_address>0xa0cb</run_address>
         <size>0xff</size>
         <input_file_ref idref="fl-72"/>
      </object_component>
      <object_component id="oc-37b">
         <name>.debug_info</name>
         <load_address>0xa1ca</load_address>
         <run_address>0xa1ca</run_address>
         <size>0x105</size>
         <input_file_ref idref="fl-72"/>
      </object_component>
      <object_component id="oc-2ec">
         <name>.debug_info</name>
         <load_address>0xa2cf</load_address>
         <run_address>0xa2cf</run_address>
         <size>0x160</size>
         <input_file_ref idref="fl-73"/>
      </object_component>
      <object_component id="oc-374">
         <name>.debug_info</name>
         <load_address>0xa42f</load_address>
         <run_address>0xa42f</run_address>
         <size>0x1b0</size>
[...]
      <symbol id="sm-3f1">
         <name>__TI_int53</name>
         <value>0xffea</value>
         <object_component_ref idref="oc-83"/>
      </symbol>
      <symbol id="sm-3f4">
         <name>__TI_int54</name>
         <value>0xffec</value>
         <object_component_ref idref="oc-84"/>
      </symbol>
      <symbol id="sm-3f7">
         <name>__TI_int55</name>
         <value>0xffee</value>
         <object_component_ref idref="oc-85"/>
      </symbol>
      <symbol id="sm-3fa">
         <name>__TI_int56</name>
         <value>0xfff0</value>
         <object_component_ref idref="oc-86"/>
      </symbol>
      <symbol id="sm-3fd">
         <name>__TI_int57</name>
         <value>0xfff2</value>
         <object_component_ref idref="oc-87"/>
      </symbol>
      <symbol id="sm-400">
         <name>__TI_int58</name>
         <value>0xfff4</value>
         <object_component_ref idref="oc-88"/>
      </symbol>
      <symbol id="sm-403">
         <name>__TI_int59</name>
         <value>0xfff6</value>
         <object_component_ref idref="oc-89"/>
      </symbol>
      <symbol id="sm-406">
         <name>__TI_int60</name>
         <value>0xfff8</value>
         <object_component_ref idref="oc-8a"/>
      </symbol>
      <symbol id="sm-409">
         <name>__TI_int61</name>
         <value>0xfffa</value>
         <object_component_ref idref="oc-8b"/>
      </symbol>
      <symbol id="sm-40c">
         <name>__TI_int62</name>
         <value>0xfffc</value>
         <object_component_ref idref="oc-8c"/>
      </symbol>
      <symbol id="sm-414">
         <name>__TI_ISR_TRAP</name>
         <value>0x5c2e</value>
         <object_component_ref idref="oc-ed"/>
      </symbol>
      <symbol id="sm-427">
         <name>memcpy</name>
         <value>0x13bea</value>
         <object_component_ref idref="oc-d3"/>
      </symbol>
      <symbol id="sm-435">
         <name>memset</name>
         <value>0x13b94</value>
         <object_component_ref idref="oc-175"/>
      </symbol>
      <symbol id="sm-44b">
         <name>__mspabi_mpyi_f5hw</name>
         <value>0x13bc0</value>
         <object_component_ref idref="oc-246"/>
      </symbol>
      <symbol id="sm-46c">
         <name>__mspabi_mpyl_f5hw</name>
         <value>0x13af8</value>
         <object_component_ref idref="oc-38a"/>
      </symbol>
      <symbol id="sm-482">
         <name>_system_pre_init</name>
         <value>0x13c9e</value>
         <object_component_ref idref="oc-ff"/>
      </symbol>
      <symbol id="sm-4a3">
         <name>sprintf</name>
         <value>0x136f8</value>
         <object_component_ref idref="oc-190"/>
      </symbol>
      <symbol id="sm-4b9">
         <name>_nop</name>
         <value>0x13ca6</value>
         <object_component_ref idref="oc-1ae"/>
      </symbol>
      <symbol id="sm-4ba">
         <name>_lock</name>
         <value>0x1d38</value>
         <object_component_ref idref="oc-159"/>
      </symbol>
      <symbol id="sm-4bb">
         <name>_unlock</name>
         <value>0x1d3c</value>
         <object_component_ref idref="oc-162"/>
      </symbol>
      <symbol id="sm-684">
         <name>__TI_printfi</name>
         <value>0x11d42</value>
         <object_component_ref idref="oc-1d5"/>
      </symbol>
      <symbol id="sm-699">
         <name>atoi</name>
         <value>0x13510</value>
         <object_component_ref idref="oc-221"/>
      </symbol>
      <symbol id="sm-6b5">
         <name>_auto_init_hold_wdt</name>
         <value>0x133d6</value>
         <object_component_ref idref="oc-105"/>
      </symbol>
      <symbol id="sm-6d4">
         <name>__mspabi_cmpd</name>
         <value>0x12cd6</value>
         <object_component_ref idref="oc-287"/>
      </symbol>
      <symbol id="sm-6de">
         <name>_ctypes_</name>
         <value>0x5c34</value>
         <object_component_ref idref="oc-24b"/>
      </symbol>
      <symbol id="sm-6e8">
         <name>__mspabi_remu</name>
         <value>0x13baa</value>
         <object_component_ref idref="oc-2f1"/>
      </symbol>
      <symbol id="sm-6e9">
         <name>__mspabi_divu</name>
         <value>0x13baa</value>
         <object_component_ref idref="oc-2f1"/>
      </symbol>
      <symbol id="sm-6f8">
         <name>__mspabi_remul</name>
         <value>0x13572</value>
         <object_component_ref idref="oc-2f6"/>
      </symbol>
      <symbol id="sm-6f9">
         <name>__mspabi_divul</name>
         <value>0x13572</value>
         <object_component_ref idref="oc-2f6"/>
      </symbol>
      <symbol id="sm-72b">
         <name>__mspabi_divull</name>
         <value>0x10452</value>
         <object_component_ref idref="oc-2fb"/>
      </symbol>
      <symbol id="sm-74c">
         <name>__mspabi_divd</name>
         <value>0x114de</value>
         <object_component_ref idref="oc-2cd"/>
      </symbol>
      <symbol id="sm-759">
         <name>__mspabi_fixdi</name>
         <value>0x13a86</value>
         <object_component_ref idref="oc-316"/>
      </symbol>
      <symbol id="sm-768">
         <name>__mspabi_fixdli</name>
         <value>0x134aa</value>
         <object_component_ref idref="oc-31c"/>
      </symbol>
      <symbol id="sm-771">
         <name>__mspabi_fltid</name>
         <value>0x13c6e</value>
         <object_component_ref idref="oc-351"/>
      </symbol>
      <symbol id="sm-789">
         <name>__mspabi_fltlid</name>
         <value>0x12fa6</value>
         <object_component_ref idref="oc-30a"/>
      </symbol>
      <symbol id="sm-7a4">
         <name>__TI_frcdivd</name>
         <value>0x10000</value>
         <object_component_ref idref="oc-32f"/>
      </symbol>
      <symbol id="sm-7b0">
         <name>frexp</name>
         <value>0x1373c</value>
         <object_component_ref idref="oc-2d4"/>
      </symbol>
      <symbol id="sm-7c0">
         <name>ldexp</name>
         <value>0x131e6</value>
         <object_component_ref idref="oc-33f"/>
      </symbol>
      <symbol id="sm-7d0">
         <name>__mspabi_slll_9</name>
         <value>0x13852</value>
         <object_component_ref idref="oc-375"/>
      </symbol>
      <symbol id="sm-7d1">
         <name>__mspabi_slll_8</name>
         <value>0x13856</value>
         <object_component_ref idref="oc-375"/>
      </symbol>
      <symbol id="sm-7d2">
         <name>__mspabi_slll_7</name>
         <value>0x1385a</value>
         <object_component_ref idref="oc-375"/>
      </symbol>
      <symbol id="sm-7d3">
         <name>__mspabi_slll_6</name>
         <value>0x1385e</value>
         <object_component_ref idref="oc-375"/>
      </symbol>
      <symbol id="sm-7d4">
         <name>__mspabi_slll_5</name>
         <value>0x13862</value>
         <object_component_ref idref="oc-375"/>
      </symbol>
      <symbol id="sm-7d5">
         <name>__mspabi_slll_4</name>
         <value>0x13866</value>
         <object_component_ref idref="oc-375"/>
      </symbol>
      <symbol id="sm-7d6">
         <name>__mspabi_slll_3</name>
         <value>0x1386a</value>
         <object_component_ref idref="oc-375"/>
      </symbol>
      <symbol id="sm-7d7">
         <name>__mspabi_slll_2</name>
         <value>0x1386e</value>
         <object_component_ref idref="oc-375"/>
      </symbol>
      <symbol id="sm-7d8">
         <name>__mspabi_slll_1</name>
         <value>0x13872</value>
         <object_component_ref idref="oc-375"/>
      </symbol>
      <symbol id="sm-7d9">
         <name>__mspabi_slll</name>
         <value>0x13c32</value>
         <object_component_ref idref="oc-3f8"/>
      </symbol>
      <symbol id="sm-7da">
         <name>__mspabi_slll_15</name>
         <value>0x1383a</value>
         <object_component_ref idref="oc-375"/>
      </symbol>
      <symbol id="sm-7db">
         <name>__mspabi_slll_14</name>
         <value>0x1383e</value>
         <object_component_ref idref="oc-375"/>
      </symbol>
      <symbol id="sm-7dc">
         <name>__mspabi_slll_13</name>
         <value>0x13842</value>
         <object_component_ref idref="oc-375"/>
      </symbol>
      <symbol id="sm-7dd">
         <name>__mspabi_slll_12</name>
         <value>0x13846</value>
         <object_component_ref idref="oc-375"/>
      </symbol>
      <symbol id="sm-7de">
         <name>__mspabi_slll_11</name>
         <value>0x1384a</value>
         <object_component_ref idref="oc-375"/>
      </symbol>
      <symbol id="sm-7df">
         <name>__mspabi_slll_10</name>
         <value>0x1384e</value>
         <object_component_ref idref="oc-375"/>
      </symbol>
      <symbol id="sm-7ec">
         <name>__mspabi_sllll</name>
         <value>0x138b6</value>
         <object_component_ref idref="oc-360"/>
      </symbol>
      <symbol id="sm-7fc">
         <name>__mspabi_srll_8</name>
         <value>0x13894</value>
         <object_component_ref idref="oc-37a"/>
      </symbol>
      <symbol id="sm-7fd">
         <name>__mspabi_srll_9</name>
         <value>0x13890</value>
         <object_component_ref idref="oc-37a"/>
      </symbol>
      <symbol id="sm-7fe">
         <name>__mspabi_srll_6</name>
         <value>0x1389c</value>
         <object_component_ref idref="oc-37a"/>
      </symbol>
      <symbol id="sm-7ff">
         <name>__mspabi_srll_7</name>
         <value>0x13898</value>
         <object_component_ref idref="oc-37a"/>
      </symbol>
      <symbol id="sm-800">
         <name>__mspabi_srll_4</name>
         <value>0x138a4</value>
         <object_component_ref idref="oc-37a"/>
      </symbol>
      <symbol id="sm-801">
         <name>__mspabi_srll_5</name>
         <value>0x138a0</value>
         <object_component_ref idref="oc-37a"/>
      </symbol>
      <symbol id="sm-802">
         <name>__mspabi_srll_2</name>
         <value>0x138ac</value>
         <object_component_ref idref="oc-37a"/>
      </symbol>
      <symbol id="sm-803">
         <name>__mspabi_srll_3</name>
         <value>0x138a8</value>
         <object_component_ref idref="oc-37a"/>
      </symbol>
      <symbol id="sm-804">
         <name>__mspabi_srll_1</name>
         <value>0x138b0</value>
         <object_component_ref idref="oc-37a"/>
      </symbol>
      <symbol id="sm-805">
         <name>__mspabi_srll_15</name>
         <value>0x13878</value>
         <object_component_ref idref="oc-37a"/>
      </symbol>
      <symbol id="sm-806">
         <name>__mspabi_srll_14</name>
         <value>0x1387c</value>
         <object_component_ref idref="oc-37a"/>
      </symbol>
      <symbol id="sm-807">
         <name>__mspabi_srll_13</name>
         <value>0x13880</value>
         <object_component_ref idref="oc-37a"/>
      </symbol>
      <symbol id="sm-808">
         <name>__mspabi_srll_12</name>
         <value>0x13884</value>
         <object_component_ref idref="oc-37a"/>
      </symbol>
      <symbol id="sm-809">
         <name>__mspabi_srll_11</name>
         <value>0x13888</value>
         <object_component_ref idref="oc-37a"/>
      </symbol>
      <symbol id="sm-80a">
         <name>__mspabi_srll_10</name>
         <value>0x1388c</value>
         <object_component_ref idref="oc-37a"/>
      </symbol>
      <symbol id="sm-80b">
         <name>__mspabi_srll</name>
         <value>0x13c42</value>
         <object_component_ref idref="oc-35b"/>
      </symbol>
      <symbol id="sm-818">
         <name>__mspabi_srlll</name>
         <value>0x138f0</value>
         <object_component_ref idref="oc-2eb"/>
      </symbol>
      <symbol id="sm-827">
         <name>ltoa</name>
         <value>0x1326c</value>
         <object_component_ref idref="oc-304"/>
      </symbol>
      <symbol id="sm-836">
         <name>memccpy</name>
         <value>0x13b5a</value>
         <object_component_ref idref="oc-235"/>
      </symbol>
      <symbol id="sm-856">
         <name>__mspabi_mpyd</name>
         <value>0x10da8</value>
         <object_component_ref idref="oc-2c7"/>
      </symbol>
      <symbol id="sm-861">
         <name>__mspabi_negd</name>
         <value>0x13a30</value>
         <object_component_ref idref="oc-269"/>
      </symbol>
      <symbol id="sm-870">
         <name>strchr</name>
         <value>0x13b78</value>
         <object_component_ref idref="oc-3b4"/>
      </symbol>
      <symbol id="sm-87d">
         <name>strlen</name>
         <value>0x13c60</value>
         <object_component_ref idref="oc-1ed"/>
      </symbol>
      <symbol id="sm-886">
         <name>__mspabi_subd</name>
         <value>0x139cc</value>
         <object_component_ref idref="oc-310"/>
      </symbol>
      <symbol id="sm-893">
         <name>toupper</name>
         <value>0x13c10</value>
         <object_component_ref idref="oc-25d"/>
      </symbol>
      <symbol id="sm-8a1">
         <name>_Dclass</name>
         <value>0x135ca</value>
         <object_component_ref idref="oc-263"/>
      </symbol>
      <symbol id="sm-8c5">
         <name>_Dscale</name>
         <value>0x122ea</value>
         <object_component_ref idref="oc-3a6"/>
      </symbol>
      <symbol id="sm-8d7">
         <name>_Dunscale</name>
         <value>0x13364</value>
         <object_component_ref idref="oc-337"/>
      </symbol>
      <symbol id="sm-8e3">
         <name>_Feraise</name>
         <value>0x13962</value>
         <object_component_ref idref="oc-3ac"/>
      </symbol>
      <symbol id="sm-8ea">
         <name>_Rteps</name>
         <value>0x1d10</value>
         <object_component_ref idref="oc-3e5"/>
      </symbol>
      <symbol id="sm-8eb">
         <name>_Zero</name>
         <value>0x1d28</value>
         <object_component_ref idref="oc-3e5"/>
      </symbol>
      <symbol id="sm-8ec">
         <name>_Hugeval</name>
         <value>0x1cd0</value>
         <object_component_ref idref="oc-3e5"/>
      </symbol>
      <symbol id="sm-8ed">
         <name>_Snan</name>
         <value>0x1d00</value>
         <object_component_ref idref="oc-3e5"/>
      </symbol>
      <symbol id="sm-8ee">
         <name>_Nan</name>
         <value>0x1cf0</value>
         <object_component_ref idref="oc-3e5"/>
      </symbol>
      <symbol id="sm-8ef">
         <name>_Inf</name>
         <value>0x1ce0</value>
         <object_component_ref idref="oc-3e5"/>
      </symbol>
      <symbol id="sm-8f0">
         <name>_Xbig</name>
         <value>0x1d20</value>
         <object_component_ref idref="oc-3e5"/>
      </symbol>
      <symbol id="sm-8f1">
         <name>_Eps</name>
         <value>0x1cc0</value>
         <object_component_ref idref="oc-3e5"/>
      </symbol>
      <symbol id="sm-8f2">
         <name>_Denorm</name>
         <value>0x1cb0</value>
         <object_component_ref idref="oc-3e5"/>
      </symbol>
      <symbol id="sm-8fc">
         <name>abs</name>
         <value>0x13c7a</value>
         <object_component_ref idref="oc-36d"/>
      </symbol>
      <symbol id="sm-91e">
         <name>__mspabi_addd</name>
         <value>0x10ad0</value>
         <object_component_ref idref="oc-381"/>
      </symbol>
      <symbol id="sm-92e">
         <name>__mspabi_sral</name>
         <value>0x13c22</value>
         <object_component_ref idref="oc-3fd"/>
      </symbol>
      <symbol id="sm-92f">
         <name>__mspabi_sral_15</name>
         <value>0x137fc</value>
         <object_component_ref idref="oc-38f"/>
      </symbol>
      <symbol id="sm-930">
         <name>__mspabi_sral_14</name>
         <value>0x13800</value>
         <object_component_ref idref="oc-38f"/>
      </symbol>
      <symbol id="sm-931">
         <name>__mspabi_sral_13</name>
         <value>0x13804</value>
         <object_component_ref idref="oc-38f"/>
      </symbol>
      <symbol id="sm-932">
         <name>__mspabi_sral_12</name>
         <value>0x13808</value>
         <object_component_ref idref="oc-38f"/>
      </symbol>
      <symbol id="sm-933">
         <name>__mspabi_sral_11</name>
         <value>0x1380c</value>
         <object_component_ref idref="oc-38f"/>
      </symbol>
      <symbol id="sm-934">
         <name>__mspabi_sral_10</name>
         <value>0x13810</value>
         <object_component_ref idref="oc-38f"/>
      </symbol>
      <symbol id="sm-935">
         <name>__mspabi_sral_8</name>
         <value>0x13818</value>
         <object_component_ref idref="oc-38f"/>
      </symbol>
      <symbol id="sm-936">
         <name>__mspabi_sral_9</name>
         <value>0x13814</value>
         <object_component_ref idref="oc-38f"/>
      </symbol>
      <symbol id="sm-937">
         <name>__mspabi_sral_6</name>
         <value>0x13820</value>
         <object_component_ref idref="oc-38f"/>
      </symbol>
      <symbol id="sm-938">
         <name>__mspabi_sral_7</name>
         <value>0x1381c</value>
         <object_component_ref idref="oc-38f"/>
      </symbol>
      <symbol id="sm-939">
         <name>__mspabi_sral_4</name>
         <value>0x13828</value>
         <object_component_ref idref="oc-38f"/>
      </symbol>
      <symbol id="sm-93a">
         <name>__mspabi_sral_5</name>
         <value>0x13824</value>
         <object_component_ref idref="oc-38f"/>
      </symbol>
      <symbol id="sm-93b">
         <name>__mspabi_sral_2</name>
         <value>0x13830</value>
         <object_component_ref idref="oc-38f"/>
      </symbol>
      <symbol id="sm-93c">
         <name>__mspabi_sral_3</name>
         <value>0x1382c</value>
         <object_component_ref idref="oc-38f"/>
      </symbol>
      <symbol id="sm-93d">
         <name>__mspabi_sral_1</name>
         <value>0x13834</value>
         <object_component_ref idref="oc-38f"/>
      </symbol>
      <symbol id="sm-94a">
         <name>__mspabi_remli</name>
         <value>0x1377e</value>
         <object_component_ref idref="oc-368"/>
      </symbol>
      <symbol id="sm-94b">
         <name>__mspabi_divli</name>
         <value>0x1377e</value>
         <object_component_ref idref="oc-368"/>
      </symbol>
      <symbol id="sm-952">
         <name>_Errno</name>
         <value>0x1d40</value>
         <object_component_ref idref="oc-3f0"/>
      </symbol>
      <symbol id="sm-96a">
         <name>feraiseexcept</name>
         <value>0x13998</value>
         <object_component_ref idref="oc-3ea"/>
      </symbol>
      <symbol id="sm-96b">
         <name>_Tls_setup__Fenv</name>
         <value>0x1d34</value>
         <object_component_ref idref="oc-419"/>
      </symbol>
      <symbol id="sm-96c">
         <name>_Fenv</name>
         <value>0x1d30</value>
         <object_component_ref idref="oc-419"/>
      </symbol>
      <symbol id="sm-98d">
         <name>__TI_frcaddd</name>
         <value>0x1128c</value>
         <object_component_ref idref="oc-3c9"/>
      </symbol>
      <symbol id="sm-99e">
         <name>__TI_frcmpyd</name>
         <value>0x107ec</value>
         <object_component_ref idref="oc-327"/>
      </symbol>
      <symbol id="sm-9a7">
         <name>__mspabi_slli</name>
         <value>0x13c84</value>
         <object_component_ref idref="oc-3e0"/>
      </symbol>
      <symbol id="sm-9b0">
         <name>__mspabi_srli</name>
         <value>0x13c8e</value>
         <object_component_ref idref="oc-3db"/>
      </symbol>
      <symbol id="sm-9c4">
         <name>raise</name>
         <value>0x139fe</value>
         <object_component_ref idref="oc-41c"/>
      </symbol>
      <symbol id="sm-9d8">
         <name>__TI_renormd</name>
         <value>0x12dae</value>
         <object_component_ref idref="oc-402"/>
      </symbol>
      <symbol id="sm-9ed">
         <name>signal</name>
         <value>0x1392a</value>
         <object_component_ref idref="oc-435"/>
      </symbol>
      <symbol id="sm-a00">
         <name>_Dnorm</name>
         <value>0x129e0</value>
         <object_component_ref idref="oc-39c"/>
      </symbol>
      <symbol id="sm-a02">
         <name>__TI_INITARRAY_Base</name>
         <value>0x0</value>
      </symbol>
      <symbol id="sm-a03">
         <name>__TI_INITARRAY_Limit</name>
         <value>0x0</value>
      </symbol>
   </symbol_table>
   <title>Link successful</title>
</link_info>
