<?xml version="1.0"?>
<link_info>
   <banner>MSP430 Linker PC v4.4.4</banner>
   <copyright>Copyright (c) 2003-2015 Texas Instruments Incorporated</copyright>
   <link_time>0x5608c0b0</link_time>
   <link_errors>0x0</link_errors>
   <output_file>MSP430_Micron_SPI_Flash.out</output_file>
   <entry_point>
      <name>_c_int00_noargs</name>
      <address>0x5c00</address>
   </entry_point>
   <input_file_list>
      <input_file id="fl-2">
         <path>.\</path>
         <kind>object</kind>
         <file>N25Q.obj</file>
         <name>N25Q.obj</name>
      </input_file>
      <input_file id="fl-3">
         <path>.\</path>
         <kind>object</kind>
         <file>Serialize.obj</file>
         <name>Serialize.obj</name>
      </input_file>
      <input_file id="fl-4">
         <path>.\</path>
         <kind>object</kind>
         <file>main.obj</file>
         <name>main.obj</name>
      </input_file>
      <input_file id="fl-5">
         <path>.\SPI_FFS\</path>
         <kind>object</kind>
         <file>spiffs_cache.obj</file>
         <name>spiffs_cache.obj</name>
      </input_file>
      <input_file id="fl-6">
         <path>.\SPI_FFS\</path>
         <kind>object</kind>
         <file>spiffs_check.obj</file>
         <name>spiffs_check.obj</name>
      </input_file>
      <input_file id="fl-7">
         <path>.\SPI_FFS\</path>
         <kind>object</kind>
         <file>spiffs_gc.obj</file>
         <name>spiffs_gc.obj</name>
      </input_file>
      <input_file id="fl-8">
         <path>.\SPI_FFS\</path>
         <kind>object</kind>
         <file>spiffs_hal.obj</file>
         <name>spiffs_hal.obj</name>
      </input_file>
      <input_file id="fl-9">
         <path>.\SPI_FFS\</path>
         <kind>object</kind>
         <file>spiffs_hydrogen.obj</file>
         <name>spiffs_hydrogen.obj</name>
      </input_file>
      <input_file id="fl-a">
         <path>.\SPI_FFS\</path>
         <kind>object</kind>
         <file>spiffs_nucleus.obj</file>
         <name>spiffs_nucleus.obj</name>
      </input_file>
      <input_file id="fl-b">
         <path>.\FAT_FS\option\</path>
         <kind>object</kind>
         <file>syscall.obj</file>
         <name>syscall.obj</name>
      </input_file>
      <input_file id="fl-c">
         <path>.\FAT_FS\option\</path>
         <kind>object</kind>
         <file>unicode.obj</file>
         <name>unicode.obj</name>
      </input_file>
      <input_file id="fl-d">
         <path>.\FAT_FS\</path>
         <kind>object</kind>
         <file>diskio.obj</file>
         <name>diskio.obj</name>
      </input_file>
      <input_file id="fl-e">
         <path>.\FAT_FS\</path>
         <kind>object</kind>
         <file>ff.obj</file>
         <name>ff.obj</name>
      </input_file>
      <input_file id="fl-43">
         <path>C:\ti\ccsv6\tools\compiler\ti-cgt-msp430_4.4.4\lib\</path>
         <kind>archive</kind>
         <file>rts430x_lc_rd_eabi.lib</file>
         <name>boot.obj</name>
      </input_file>
      <input_file id="fl-44">
         <path>C:\ti\ccsv6\tools\compiler\ti-cgt-msp430_4.4.4\lib\</path>
         <kind>archive</kind>
         <file>rts430x_lc_rd_eabi.lib</file>
         <name>boot_special.obj</name>
      </input_file>
      <input_file id="fl-45">
         <path>C:\ti\ccsv6\tools\compiler\ti-cgt-msp430_4.4.4\lib\</path>
         <kind>archive</kind>
         <file>rts430x_lc_rd_eabi.lib</file>
         <name>clock.obj</name>
      </input_file>
      <input_file id="fl-46">
         <path>C:\ti\ccsv6\tools\compiler\ti-cgt-msp430_4.4.4\lib\</path>
         <kind>archive</kind>
         <file>rts430x_lc_rd_eabi.lib</file>
         <name>copy_decompress_none.obj</name>
      </input_file>
      <input_file id="fl-47">
         <path>C:\ti\ccsv6\tools\compiler\ti-cgt-msp430_4.4.4\lib\</path>
         <kind>archive</kind>
         <file>rts430x_lc_rd_eabi.lib</file>
         <name>copy_decompress_rle.obj</name>
      </input_file>
      <input_file id="fl-48">
         <path>C:\ti\ccsv6\tools\compiler\ti-cgt-msp430_4.4.4\lib\</path>
         <kind>archive</kind>
         <file>rts430x_lc_rd_eabi.lib</file>
         <name>copy_zero_init.obj</name>
      </input_file>
      <input_file id="fl-49">
         <path>C:\ti\ccsv6\tools\compiler\ti-cgt-msp430_4.4.4\lib\</path>
         <kind>archive</kind>
         <file>rts430x_lc_rd_eabi.lib</file>
         <name>div16s.obj</name>
      </input_file>
      <input_file id="fl-4a">
         <path>C:\ti\ccsv6\tools\compiler\ti-cgt-msp430_4.4.4\lib\</path>
         <kind>archive</kind>
         <file>rts430x_lc_rd_eabi.lib</file>
         <name>div16u.obj</name>
      </input_file>
      <input_file id="fl-4b">
         <path>C:\ti\ccsv6\tools\compiler\ti-cgt-msp430_4.4.4\lib\</path>
         <kind>archive</kind>
         <file>rts430x_lc_rd_eabi.lib</file>
         <name>div32u.obj</name>
      </input_file>
      <input_file id="fl-4c">
         <path>C:\ti\ccsv6\tools\compiler\ti-cgt-msp430_4.4.4\lib\</path>
         <kind>archive</kind>
         <file>rts430x_lc_rd_eabi.lib</file>
         <name>exit.obj</name>
      </input_file>
      <input_file id="fl-4d">
         <path>C:\ti\ccsv6\tools\compiler\ti-cgt-msp430_4.4.4\lib\</path>
         <kind>archive</kind>
         <file>rts430x_lc_rd_eabi.lib</file>
         <name>exit_gvars.obj</name>
      </input_file>
      <input_file id="fl-4e">
         <path>C:\ti\ccsv6\tools\compiler\ti-cgt-msp430_4.4.4\lib\</path>
         <kind>archive</kind>
         <file>rts430x_lc_rd_eabi.lib</file>
         <name>int41.obj</name>
      </input_file>
      <input_file id="fl-4f">
         <path>C:\ti\ccsv6\tools\compiler\ti-cgt-msp430_4.4.4\lib\</path>
         <kind>archive</kind>
         <file>rts430x_lc_rd_eabi.lib</file>
         <name>int42.obj</name>
      </input_file>
      <input_file id="fl-50">
         <path>C:\ti\ccsv6\tools\compiler\ti-cgt-msp430_4.4.4\lib\</path>
         <kind>archive</kind>
         <file>rts430x_lc_rd_eabi.lib</file>
         <name>int43.obj</name>
      </input_file>
      <input_file id="fl-51">
         <path>C:\ti\ccsv6\tools\compiler\ti-cgt-msp430_4.4.4\lib\</path>
         <kind>archive</kind>
         <file>rts430x_lc_rd_eabi.lib</file>
         <name>int44.obj</name>
      </input_file>
      <input_file id="fl-52">
         <path>C:\ti\ccsv6\tools\compiler\ti-cgt-msp430_4.4.4\lib\</path>
         <kind>archive</kind>
         <file>rts430x_lc_rd_eabi.lib</file>
         <name>int45.obj</name>
      </input_file>
      <input_file id="fl-53">
         <path>C:\ti\ccsv6\tools\compiler\ti-cgt-msp430_4.4.4\lib\</path>
         <kind>archive</kind>
         <file>rts430x_lc_rd_eabi.lib</file>
         <name>int47.obj</name>
      </input_file>
      <input_file id="fl-54">
         <path>C:\ti\ccsv6\tools\compiler\ti-cgt-msp430_4.4.4\lib\</path>
         <kind>archive</kind>
         <file>rts430x_lc_rd_eabi.lib</file>
         <name>int48.obj</name>
      </input_file>
      <input_file id="fl-55">
         <path>C:\ti\ccsv6\tools\compiler\ti-cgt-msp430_4.4.4\lib\</path>
         <kind>archive</kind>
         <file>rts430x_lc_rd_eabi.lib</file>
         <name>int49.obj</name>
      </input_file>
      <input_file id="fl-56">
         <path>C:\ti\ccsv6\tools\compiler\ti-cgt-msp430_4.4.4\lib\</path>
         <kind>archive</kind>
         <file>rts430x_lc_rd_eabi.lib</file>
         <name>int50.obj</name>
      </input_file>
      <input_file id="fl-57">
         <path>C:\ti\ccsv6\tools\compiler\ti-cgt-msp430_4.4.4\lib\</path>
         <kind>archive</kind>
         <file>rts430x_lc_rd_eabi.lib</file>
         <name>int51.obj</name>
      </input_file>
      <input_file id="fl-58">
         <path>C:\ti\ccsv6\tools\compiler\ti-cgt-msp430_4.4.4\lib\</path>
         <kind>archive</kind>
         <file>rts430x_lc_rd_eabi.lib</file>
         <name>int52.obj</name>
      </input_file>
      <input_file id="fl-59">
         <path>C:\ti\ccsv6\tools\compiler\ti-cgt-msp430_4.4.4\lib\</path>
         <kind>archive</kind>
         <file>rts430x_lc_rd_eabi.lib</file>
         <name>int53.obj</name>
      </input_file>
      <input_file id="fl-5a">
         <path>C:\ti\ccsv6\tools\compiler\ti-cgt-msp430_4.4.4\lib\</path>
         <kind>archive</kind>
         <file>rts430x_lc_rd_eabi.lib</file>
         <name>int54.obj</name>
      </input_file>
      <input_file id="fl-5b">
         <path>C:\ti\ccsv6\tools\compiler\ti-cgt-msp430_4.4.4\lib\</path>
         <kind>archive</kind>
         <file>rts430x_lc_rd_eabi.lib</file>
         <name>int55.obj</name>
      </input_file>
      <input_file id="fl-5c">
         <path>C:\ti\ccsv6\tools\compiler\ti-cgt-msp430_4.4.4\lib\</path>
         <kind>archive</kind>
         <file>rts430x_lc_rd_eabi.lib</file>
         <name>int56.obj</name>
      </input_file>
      <input_file id="fl-5d">
         <path>C:\ti\ccsv6\tools\compiler\ti-cgt-msp430_4.4.4\lib\</path>
         <kind>archive</kind>
         <file>rts430x_lc_rd_eabi.lib</file>
         <name>int57.obj</name>
      </input_file>
      <input_file id="fl-5e">
         <path>C:\ti\ccsv6\tools\compiler\ti-cgt-msp430_4.4.4\lib\</path>
         <kind>archive</kind>
         <file>rts430x_lc_rd_eabi.lib</file>
         <name>int58.obj</name>
      </input_file>
      <input_file id="fl-5f">
         <path>C:\ti\ccsv6\tools\compiler\ti-cgt-msp430_4.4.4\lib\</path>
         <kind>archive</kind>
         <file>rts430x_lc_rd_eabi.lib</file>
         <name>int59.obj</name>
      </input_file>
      <input_file id="fl-60">
         <path>C:\ti\ccsv6\tools\compiler\ti-cgt-msp430_4.4.4\lib\</path>
         <kind>archive</kind>
         <file>rts430x_lc_rd_eabi.lib</file>
         <name>int60.obj</name>
      </input_file>
      <input_file id="fl-61">
         <path>C:\ti\ccsv6\tools\compiler\ti-cgt-msp430_4.4.4\lib\</path>
         <kind>archive</kind>
         <file>rts430x_lc_rd_eabi.lib</file>
         <name>int61.obj</name>
      </input_file>
      <input_file id="fl-62">
         <path>C:\ti\ccsv6\tools\compiler\ti-cgt-msp430_4.4.4\lib\</path>
         <kind>archive</kind>
         <file>rts430x_lc_rd_eabi.lib</file>
         <name>int62.obj</name>
      </input_file>
      <input_file id="fl-63">
         <path>C:\ti\ccsv6\tools\compiler\ti-cgt-msp430_4.4.4\lib\</path>
         <kind>archive</kind>
         <file>rts430x_lc_rd_eabi.lib</file>
         <name>isr_trap.obj</name>
      </input_file>
      <input_file id="fl-64">
         <path>C:\ti\ccsv6\tools\compiler\ti-cgt-msp430_4.4.4\lib\</path>
         <kind>archive</kind>
         <file>rts430x_lc_rd_eabi.lib</file>
         <name>lsl16.obj</name>
      </input_file>
      <input_file id="fl-65">
         <path>C:\ti\ccsv6\tools\compiler\ti-cgt-msp430_4.4.4\lib\</path>
         <kind>archive</kind>
         <file>rts430x_lc_rd_eabi.lib</file>
         <name>lsl32.obj</name>
      </input_file>
      <input_file id="fl-66">
         <path>C:\ti\ccsv6\tools\compiler\ti-cgt-msp430_4.4.4\lib\</path>
         <kind>archive</kind>
         <file>rts430x_lc_rd_eabi.lib</file>
         <name>lsr16.obj</name>
      </input_file>
      <input_file id="fl-67">
         <path>C:\ti\ccsv6\tools\compiler\ti-cgt-msp430_4.4.4\lib\</path>
         <kind>archive</kind>
         <file>rts430x_lc_rd_eabi.lib</file>
         <name>lsr32.obj</name>
      </input_file>
      <input_file id="fl-68">
         <path>C:\ti\ccsv6\tools\compiler\ti-cgt-msp430_4.4.4\lib\</path>
         <kind>archive</kind>
         <file>rts430x_lc_rd_eabi.lib</file>
         <name>memcpy.obj</name>
      </input_file>
      <input_file id="fl-69">
         <path>C:\ti\ccsv6\tools\compiler\ti-cgt-msp430_4.4.4\lib\</path>
         <kind>archive</kind>
         <file>rts430x_lc_rd_eabi.lib</file>
         <name>memset.obj</name>
      </input_file>
      <input_file id="fl-6a">
         <path>C:\ti\ccsv6\tools\compiler\ti-cgt-msp430_4.4.4\lib\</path>
         <kind>archive</kind>
         <file>rts430x_lc_rd_eabi.lib</file>
         <name>mpu_init.obj</name>
      </input_file>
      <input_file id="fl-6b">
         <path>C:\ti\ccsv6\tools\compiler\ti-cgt-msp430_4.4.4\lib\</path>
         <kind>archive</kind>
         <file>rts430x_lc_rd_eabi.lib</file>
         <name>mult16.obj</name>
      </input_file>
      <input_file id="fl-6c">
         <path>C:\ti\ccsv6\tools\compiler\ti-cgt-msp430_4.4.4\lib\</path>
         <kind>archive</kind>
         <file>rts430x_lc_rd_eabi.lib</file>
         <name>mult1632_f5hw.obj</name>
      </input_file>
      <input_file id="fl-6d">
         <path>C:\ti\ccsv6\tools\compiler\ti-cgt-msp430_4.4.4\lib\</path>
         <kind>archive</kind>
         <file>rts430x_lc_rd_eabi.lib</file>
         <name>mult16_f5hw.obj</name>
      </input_file>
      <input_file id="fl-6e">
         <path>C:\ti\ccsv6\tools\compiler\ti-cgt-msp430_4.4.4\lib\</path>
         <kind>archive</kind>
         <file>rts430x_lc_rd_eabi.lib</file>
         <name>mult32.obj</name>
      </input_file>
      <input_file id="fl-6f">
         <path>C:\ti\ccsv6\tools\compiler\ti-cgt-msp430_4.4.4\lib\</path>
         <kind>archive</kind>
         <file>rts430x_lc_rd_eabi.lib</file>
         <name>mult3264_f5hw.obj</name>
      </input_file>
      <input_file id="fl-70">
         <path>C:\ti\ccsv6\tools\compiler\ti-cgt-msp430_4.4.4\lib\</path>
         <kind>archive</kind>
         <file>rts430x_lc_rd_eabi.lib</file>
         <name>mult32_f5hw.obj</name>
      </input_file>
      <input_file id="fl-71">
         <path>C:\ti\ccsv6\tools\compiler\ti-cgt-msp430_4.4.4\lib\</path>
         <kind>archive</kind>
         <file>rts430x_lc_rd_eabi.lib</file>
         <name>mult64_f5hw.obj</name>
      </input_file>
      <input_file id="fl-72">
         <path>C:\ti\ccsv6\tools\compiler\ti-cgt-msp430_4.4.4\lib\</path>
         <kind>archive</kind>
         <file>rts430x_lc_rd_eabi.lib</file>
         <name>pre_init.obj</name>
      </input_file>
      <input_file id="fl-73">
         <path>C:\ti\ccsv6\tools\compiler\ti-cgt-msp430_4.4.4\lib\</path>
         <kind>archive</kind>
         <file>rts430x_lc_rd_eabi.lib</file>
         <name>printf.obj</name>
      </input_file>
      <input_file id="fl-74">
         <path>C:\ti\ccsv6\tools\compiler\ti-cgt-msp430_4.4.4\lib\</path>
         <kind>archive</kind>
         <file>rts430x_lc_rd_eabi.lib</file>
         <name>strcmp.obj</name>
      </input_file>
      <input_file id="fl-75">
         <path>C:\ti\ccsv6\tools\compiler\ti-cgt-msp430_4.4.4\lib\</path>
         <kind>archive</kind>
         <file>rts430x_lc_rd_eabi.lib</file>
         <name>strcpy.obj</name>
      </input_file>
      <input_file id="fl-76">
         <path>C:\ti\ccsv6\tools\compiler\ti-cgt-msp430_4.4.4\lib\</path>
         <kind>archive</kind>
         <file>rts430x_lc_rd_eabi.lib</file>
         <name>strncpy.obj</name>
      </input_file>
      <input_file id="fl-77">
         <path>C:\ti\ccsv6\tools\compiler\ti-cgt-msp430_4.4.4\lib\</path>
         <kind>archive</kind>
         <file>rts430x_lc_rd_eabi.lib</file>
         <name>trgdrv.obj</name>
      </input_file>
      <input_file id="fl-78">
         <path>C:\ti\ccsv6\tools\compiler\ti-cgt-msp430_4.4.4\lib\</path>
         <kind>archive</kind>
         <file>rts430x_lc_rd_eabi.lib</file>
         <name>trgmsg.obj</name>
      </input_file>
      <input_file id="fl-79">
         <path>C:\ti\ccsv6\tools\compiler\ti-cgt-msp430_4.4.4\lib\</path>
         <kind>archive</kind>
         <file>rts430x_lc_rd_eabi.lib</file>
         <name>vla_alloc.obj</name>
      </input_file>
      <input_file id="fl-7a">
         <path>C:\ti\ccsv6\tools\compiler\ti-cgt-msp430_4.4.4\lib\</path>
         <kind>archive</kind>
         <file>rts430x_lc_rd_eabi.lib</file>
         <name>_lock.obj</name>
      </input_file>
      <input_file id="fl-7b">
         <path>C:\ti\ccsv6\tools\compiler\ti-cgt-msp430_4.4.4\lib\</path>
         <kind>archive</kind>
         <file>rts430x_lc_rd_eabi.lib</file>
         <name>_printfi_nf.obj</name>
      </input_file>
      <input_file id="fl-7c">
         <path>C:\ti\ccsv6\tools\compiler\ti-cgt-msp430_4.4.4\lib\</path>
         <kind>archive</kind>
         <file>rts430x_lc_rd_eabi.lib</file>
         <name>args_main.obj</name>
      </input_file>
      <input_file id="fl-7d">
         <path>C:\ti\ccsv6\tools\compiler\ti-cgt-msp430_4.4.4\lib\</path>
         <kind>archive</kind>
         <file>rts430x_lc_rd_eabi.lib</file>
         <name>atoi.obj</name>
      </input_file>
      <input_file id="fl-7e">
         <path>C:\ti\ccsv6\tools\compiler\ti-cgt-msp430_4.4.4\lib\</path>
         <kind>archive</kind>
         <file>rts430x_lc_rd_eabi.lib</file>
         <name>autoinit_wdt.obj</name>
      </input_file>
      <input_file id="fl-7f">
         <path>C:\ti\ccsv6\tools\compiler\ti-cgt-msp430_4.4.4\lib\</path>
         <kind>archive</kind>
         <file>rts430x_lc_rd_eabi.lib</file>
         <name>ctype.obj</name>
      </input_file>
      <input_file id="fl-80">
         <path>C:\ti\ccsv6\tools\compiler\ti-cgt-msp430_4.4.4\lib\</path>
         <kind>archive</kind>
         <file>rts430x_lc_rd_eabi.lib</file>
         <name>defs.obj</name>
      </input_file>
      <input_file id="fl-81">
         <path>C:\ti\ccsv6\tools\compiler\ti-cgt-msp430_4.4.4\lib\</path>
         <kind>archive</kind>
         <file>rts430x_lc_rd_eabi.lib</file>
         <name>div64u.obj</name>
      </input_file>
      <input_file id="fl-82">
         <path>C:\ti\ccsv6\tools\compiler\ti-cgt-msp430_4.4.4\lib\</path>
         <kind>archive</kind>
         <file>rts430x_lc_rd_eabi.lib</file>
         <name>error.obj</name>
      </input_file>
      <input_file id="fl-83">
         <path>C:\ti\ccsv6\tools\compiler\ti-cgt-msp430_4.4.4\lib\</path>
         <kind>archive</kind>
         <file>rts430x_lc_rd_eabi.lib</file>
         <name>fprintf.obj</name>
      </input_file>
      <input_file id="fl-84">
         <path>C:\ti\ccsv6\tools\compiler\ti-cgt-msp430_4.4.4\lib\</path>
         <kind>archive</kind>
         <file>rts430x_lc_rd_eabi.lib</file>
         <name>fputc.obj</name>
      </input_file>
      <input_file id="fl-85">
         <path>C:\ti\ccsv6\tools\compiler\ti-cgt-msp430_4.4.4\lib\</path>
         <kind>archive</kind>
         <file>rts430x_lc_rd_eabi.lib</file>
         <name>fputs.obj</name>
      </input_file>
      <input_file id="fl-86">
         <path>C:\ti\ccsv6\tools\compiler\ti-cgt-msp430_4.4.4\lib\</path>
         <kind>archive</kind>
         <file>rts430x_lc_rd_eabi.lib</file>
         <name>lowlev.obj</name>
      </input_file>
      <input_file id="fl-87">
         <path>C:\ti\ccsv6\tools\compiler\ti-cgt-msp430_4.4.4\lib\</path>
         <kind>archive</kind>
         <file>rts430x_lc_rd_eabi.lib</file>
         <name>lsl64.obj</name>
      </input_file>
      <input_file id="fl-88">
         <path>C:\ti\ccsv6\tools\compiler\ti-cgt-msp430_4.4.4\lib\</path>
         <kind>archive</kind>
         <file>rts430x_lc_rd_eabi.lib</file>
         <name>lsr64.obj</name>
      </input_file>
      <input_file id="fl-89">
         <path>C:\ti\ccsv6\tools\compiler\ti-cgt-msp430_4.4.4\lib\</path>
         <kind>archive</kind>
         <file>rts430x_lc_rd_eabi.lib</file>
         <name>memccpy.obj</name>
      </input_file>
      <input_file id="fl-8a">
         <path>C:\ti\ccsv6\tools\compiler\ti-cgt-msp430_4.4.4\lib\</path>
         <kind>archive</kind>
         <file>rts430x_lc_rd_eabi.lib</file>
         <name>memchr.obj</name>
      </input_file>
      <input_file id="fl-8b">
         <path>C:\ti\ccsv6\tools\compiler\ti-cgt-msp430_4.4.4\lib\</path>
         <kind>archive</kind>
         <file>rts430x_lc_rd_eabi.lib</file>
         <name>memory.obj</name>
      </input_file>
      <input_file id="fl-8c">
         <path>C:\ti\ccsv6\tools\compiler\ti-cgt-msp430_4.4.4\lib\</path>
         <kind>archive</kind>
         <file>rts430x_lc_rd_eabi.lib</file>
         <name>strchr.obj</name>
      </input_file>
      <input_file id="fl-8d">
         <path>C:\ti\ccsv6\tools\compiler\ti-cgt-msp430_4.4.4\lib\</path>
         <kind>archive</kind>
         <file>rts430x_lc_rd_eabi.lib</file>
         <name>strlen.obj</name>
      </input_file>
      <input_file id="fl-8e">
         <path>C:\ti\ccsv6\tools\compiler\ti-cgt-msp430_4.4.4\lib\</path>
         <kind>archive</kind>
         <file>rts430x_lc_rd_eabi.lib</file>
         <name>_io_perm.obj</name>
      </input_file>
      <input_file id="fl-8f">
         <path>C:\ti\ccsv6\tools\compiler\ti-cgt-msp430_4.4.4\lib\</path>
         <kind>archive</kind>
         <file>rts430x_lc_rd_eabi.lib</file>
         <name>fflush.obj</name>
      </input_file>
      <input_file id="fl-90">
         <path>C:\ti\ccsv6\tools\compiler\ti-cgt-msp430_4.4.4\lib\</path>
         <kind>archive</kind>
         <file>rts430x_lc_rd_eabi.lib</file>
         <name>fseek.obj</name>
      </input_file>
      <input_file id="fl-91">
         <path>C:\ti\ccsv6\tools\compiler\ti-cgt-msp430_4.4.4\lib\</path>
         <kind>archive</kind>
         <file>rts430x_lc_rd_eabi.lib</file>
         <name>setvbuf.obj</name>
      </input_file>
      <input_file id="fl-92">
         <path>C:\ti\ccsv6\tools\compiler\ti-cgt-msp430_4.4.4\lib\</path>
         <kind>archive</kind>
         <file>rts430x_lc_rd_eabi.lib</file>
         <name>fopen.obj</name>
      </input_file>
      <input_file id="fl-93">
         <path>C:\ti\ccsv6\tools\compiler\ti-cgt-msp430_4.4.4\lib\</path>
         <kind>archive</kind>
         <file>rts430x_lc_rd_eabi.lib</file>
         <name>fclose.obj</name>
      </input_file>
      <input_file id="fl-94">
         <path>C:\ti\ccsv6\tools\compiler\ti-cgt-msp430_4.4.4\lib\</path>
         <kind>archive</kind>
         <file>rts430x_lc_rd_eabi.lib</file>
         <name>remove.obj</name>
      </input_file>
   </input_file_list>
   <object_component_list>
      <object_component id="oc-3bf">
         <name>.common:fdo</name>
         <uninitialized>true</uninitialized>
         <run_address>0x2dac</run_address>
         <size>0x4</size>
      </object_component>
      <object_component id="oc-5f9">
         <name>.common:clkReset$1</name>
         <uninitialized>true</uninitialized>
         <run_address>0x2da4</run_address>
         <size>0x4</size>
      </object_component>
      <object_component id="oc-18b">
         <name>.common:FatFs</name>
         <uninitialized>true</uninitialized>
         <run_address>0x1c00</run_address>
         <size>0x102e</size>
      </object_component>
      <object_component id="oc-325">
         <name>.common:flashDeviceObject</name>
         <uninitialized>true</uninitialized>
         <run_address>0x2c2e</run_address>
         <size>0xb8</size>
      </object_component>
      <object_component id="oc-22b">
         <name>.common:FatFs</name>
         <uninitialized>true</uninitialized>
         <run_address>0x2da0</run_address>
         <size>0x4</size>
      </object_component>
      <object_component id="oc-31d">
         <name>.common:Fsid</name>
         <uninitialized>true</uninitialized>
         <run_address>0x2db8</run_address>
         <size>0x2</size>
      </object_component>
      <object_component id="oc-641">
         <name>.common:parmbuf</name>
         <uninitialized>true</uninitialized>
         <run_address>0x2d98</run_address>
         <size>0x8</size>
      </object_component>
      <object_component id="oc-571">
         <name>.common:curr_vla_pool</name>
         <uninitialized>true</uninitialized>
         <run_address>0x2da8</run_address>
         <size>0x4</size>
      </object_component>
      <object_component id="oc-614">
         <name>.common:pool$1</name>
         <uninitialized>true</uninitialized>
         <run_address>0x2d86</run_address>
         <size>0x12</size>
      </object_component>
      <object_component id="oc-636">
         <name>.common:__TI_tmpnams</name>
         <uninitialized>true</uninitialized>
         <run_address>0x2ce6</run_address>
         <size>0xa0</size>
      </object_component>
      <object_component id="oc-59c">
         <name>.common:sys_free</name>
         <uninitialized>true</uninitialized>
         <run_address>0x2db4</run_address>
         <size>0x4</size>
      </object_component>
      <object_component id="oc-62e">
         <name>.common:sys_base</name>
         <uninitialized>true</uninitialized>
         <run_address>0x2db0</run_address>
         <size>0x4</size>
      </object_component>
      <object_component id="oc-62d">
         <name>.common:memsize</name>
         <uninitialized>true</uninitialized>
         <run_address>0x2dba</run_address>
         <size>0x2</size>
      </object_component>
      <object_component id="oc-d3">
         <name>.sysmem</name>
         <uninitialized>true</uninitialized>
         <run_address>0x2dbc</run_address>
         <size>0x6</size>
         <input_file_ref idref="fl-8b"/>
      </object_component>
      <object_component id="oc-725">
         <name>.sysmem</name>
         <uninitialized>true</uninitialized>
         <run_address>0x2dbc</run_address>
         <size>0x0</size>
      </object_component>
      <object_component id="oc-cf">
         <name>.stack</name>
         <uninitialized>true</uninitialized>
         <run_address>0x5818</run_address>
         <size>0x4</size>
         <input_file_ref idref="fl-43"/>
      </object_component>
      <object_component id="oc-724">
         <name>.stack</name>
         <uninitialized>true</uninitialized>
         <run_address>0x5818</run_address>
         <size>0x0</size>
      </object_component>
      <object_component id="oc-328">
         <name>.text:Driver_Init</name>
         <load_address>0x10000</load_address>
         <run_address>0x10000</run_address>
         <size>0xfe6</size>
         <input_file_ref idref="fl-2"/>
      </object_component>
      <object_component id="oc-194">
         <name>.text:f_mkfs</name>
         <load_address>0x10fe6</load_address>
         <run_address>0x10fe6</run_address>
         <size>0x84a</size>
         <input_file_ref idref="fl-e"/>
      </object_component>
      <object_component id="oc-22e">
         <name>.text:find_volume</name>
         <load_address>0x11830</load_address>
         <run_address>0x11830</run_address>
         <size>0x4f6</size>
         <input_file_ref idref="fl-e"/>
      </object_component>
      <object_component id="oc-5e8">
         <name>.text:__mspabi_divull</name>
         <load_address>0x11d26</load_address>
         <run_address>0x11d26</run_address>
         <size>0x39a</size>
         <input_file_ref idref="fl-81"/>
      </object_component>
      <object_component id="oc-1a0">
         <name>.text:f_write</name>
         <load_address>0x120c0</load_address>
         <run_address>0x120c0</run_address>
         <size>0x25e</size>
         <input_file_ref idref="fl-e"/>
      </object_component>
      <object_component id="oc-2ea">
         <name>.text:_setfield</name>
         <load_address>0x1231e</load_address>
         <run_address>0x1231e</run_address>
         <size>0x214</size>
         <input_file_ref idref="fl-7b"/>
      </object_component>
      <object_component id="oc-19a">
         <name>.text:f_open</name>
         <load_address>0x12532</load_address>
         <run_address>0x12532</run_address>
         <size>0x20c</size>
         <input_file_ref idref="fl-e"/>
      </object_component>
      <object_component id="oc-1f6">
         <name>.text:__TI_printfi_nofloat</name>
         <load_address>0x1273e</load_address>
         <run_address>0x1273e</run_address>
         <size>0x1f4</size>
         <input_file_ref idref="fl-7b"/>
      </object_component>
      <object_component id="oc-1ac">
         <name>.text:f_read</name>
         <load_address>0x12932</load_address>
         <run_address>0x12932</run_address>
         <size>0x1f2</size>
         <input_file_ref idref="fl-e"/>
      </object_component>
      <object_component id="oc-4ee">
         <name>.text:__vla_alloc</name>
         <load_address>0x12b24</load_address>
         <run_address>0x12b24</run_address>
         <size>0x198</size>
         <input_file_ref idref="fl-79"/>
      </object_component>
      <object_component id="oc-355">
         <name>.text:put_fat</name>
         <load_address>0x12cbc</load_address>
         <run_address>0x12cbc</run_address>
         <size>0x190</size>
         <input_file_ref idref="fl-e"/>
      </object_component>
      <object_component id="oc-493">
         <name>.text:_getarg_diouxp</name>
         <load_address>0x12e4c</load_address>
         <run_address>0x12e4c</run_address>
         <size>0x188</size>
         <input_file_ref idref="fl-7b"/>
      </object_component>
      <object_component id="oc-460">
         <name>.text:dir_next</name>
         <load_address>0x12fd4</load_address>
         <run_address>0x12fd4</run_address>
         <size>0x178</size>
         <input_file_ref idref="fl-e"/>
      </object_component>
      <object_component id="oc-122">
         <name>.text:main</name>
         <load_address>0x1314c</load_address>
         <run_address>0x1314c</run_address>
         <size>0x174</size>
         <input_file_ref idref="fl-4"/>
      </object_component>
      <object_component id="oc-399">
         <name>.text:_pproc_diouxp</name>
         <load_address>0x132c0</load_address>
         <run_address>0x132c0</run_address>
         <size>0x148</size>
         <input_file_ref idref="fl-7b"/>
      </object_component>
      <object_component id="oc-2b5">
         <name>.text:get_fat</name>
         <load_address>0x13408</load_address>
         <run_address>0x13408</run_address>
         <size>0x148</size>
         <input_file_ref idref="fl-e"/>
      </object_component>
      <object_component id="oc-616">
         <name>.text:realloc</name>
         <load_address>0x13550</load_address>
         <run_address>0x13550</run_address>
         <size>0x144</size>
         <input_file_ref idref="fl-8b"/>
      </object_component>
      <object_component id="oc-432">
         <name>.text:FlashOTPProgram</name>
         <load_address>0x13694</load_address>
         <run_address>0x13694</run_address>
         <size>0x140</size>
         <input_file_ref idref="fl-2"/>
      </object_component>
      <object_component id="oc-339">
         <name>.text:create_name</name>
         <load_address>0x137d4</load_address>
         <run_address>0x137d4</run_address>
         <size>0x12a</size>
         <input_file_ref idref="fl-e"/>
      </object_component>
      <object_component id="oc-29b">
         <name>.text:create_chain</name>
         <load_address>0x138fe</load_address>
         <run_address>0x138fe</run_address>
         <size>0x128</size>
         <input_file_ref idref="fl-e"/>
      </object_component>
      <object_component id="oc-345">
         <name>.text:dir_sdi</name>
         <load_address>0x13a26</load_address>
         <run_address>0x13a26</run_address>
         <size>0x102</size>
         <input_file_ref idref="fl-e"/>
      </object_component>
      <object_component id="oc-2e4">
         <name>.text:_pproc_fwp</name>
         <load_address>0x13b28</load_address>
         <run_address>0x13b28</run_address>
         <size>0xfa</size>
         <input_file_ref idref="fl-7b"/>
      </object_component>
      <object_component id="oc-368">
         <name>.text:sync_fs</name>
         <load_address>0x13c22</load_address>
         <run_address>0x13c22</run_address>
         <size>0xf6</size>
         <input_file_ref idref="fl-e"/>
      </object_component>
      <object_component id="oc-2ca">
         <name>.text:fputs</name>
         <load_address>0x13d18</load_address>
         <run_address>0x13d18</run_address>
         <size>0xf0</size>
         <input_file_ref idref="fl-85"/>
      </object_component>
      <object_component id="oc-472">
         <name>.text:setvbuf</name>
         <load_address>0x13e08</load_address>
         <run_address>0x13e08</run_address>
         <size>0xe0</size>
         <input_file_ref idref="fl-91"/>
      </object_component>
      <object_component id="oc-552">
         <name>.text:FlashGenProgram</name>
         <load_address>0x13ee8</load_address>
         <run_address>0x13ee8</run_address>
         <size>0xd2</size>
         <input_file_ref idref="fl-2"/>
      </object_component>
      <object_component id="oc-426">
         <name>.text:FlashLockSector</name>
         <load_address>0x13fba</load_address>
         <run_address>0x13fba</run_address>
         <size>0xd2</size>
         <input_file_ref idref="fl-2"/>
      </object_component>
      <object_component id="oc-4af">
         <name>.text:FlashDataProgram</name>
         <load_address>0x1408c</load_address>
         <run_address>0x1408c</run_address>
         <size>0xce</size>
         <input_file_ref idref="fl-2"/>
      </object_component>
      <object_component id="oc-2ae">
         <name>.text:f_sync</name>
         <load_address>0x1415a</load_address>
         <run_address>0x1415a</run_address>
         <size>0xce</size>
         <input_file_ref idref="fl-e"/>
      </object_component>
      <object_component id="oc-4f4">
         <name>.text:__vla_dealloc</name>
         <load_address>0x14228</load_address>
         <run_address>0x14228</run_address>
         <size>0xc6</size>
         <input_file_ref idref="fl-79"/>
      </object_component>
      <object_component id="oc-510">
         <name>.text:malloc</name>
         <load_address>0x142ee</load_address>
         <run_address>0x142ee</run_address>
         <size>0xba</size>
         <input_file_ref idref="fl-8b"/>
      </object_component>
      <object_component id="oc-3d8">
         <name>.text:FlashSectorErase</name>
         <load_address>0x143a8</load_address>
         <run_address>0x143a8</run_address>
         <size>0xb8</size>
         <input_file_ref idref="fl-2"/>
      </object_component>
      <object_component id="oc-3de">
         <name>.text:FlashSubSectorErase</name>
         <load_address>0x14460</load_address>
         <run_address>0x14460</run_address>
         <size>0xb8</size>
         <input_file_ref idref="fl-2"/>
      </object_component>
      <object_component id="oc-43e">
         <name>.text:FlashDieErase</name>
         <load_address>0x14518</load_address>
         <run_address>0x14518</run_address>
         <size>0xb0</size>
         <input_file_ref idref="fl-2"/>
      </object_component>
      <object_component id="oc-258">
         <name>.text:disk_write</name>
         <load_address>0x145c8</load_address>
         <run_address>0x145c8</run_address>
         <size>0xaa</size>
         <input_file_ref idref="fl-d"/>
      </object_component>
      <object_component id="oc-574">
         <name>.text:_Z21free_dead_allocationsPv</name>
         <load_address>0x14672</load_address>
         <run_address>0x14672</run_address>
         <size>0xa8</size>
         <input_file_ref idref="fl-79"/>
      </object_component>
      <object_component id="oc-2f0">
         <name>.text:_pproc_str</name>
         <load_address>0x1471a</load_address>
         <run_address>0x1471a</run_address>
         <size>0xa8</size>
         <input_file_ref idref="fl-7b"/>
      </object_component>
      <object_component id="oc-5cc">
         <name>.text:HOSTlseek</name>
         <load_address>0x147c2</load_address>
         <run_address>0x147c2</run_address>
         <size>0x9e</size>
         <input_file_ref idref="fl-77"/>
      </object_component>
      <object_component id="oc-499">
         <name>.text:_ltostr</name>
         <load_address>0x14860</load_address>
         <run_address>0x14860</run_address>
         <size>0x9e</size>
         <input_file_ref idref="fl-7b"/>
      </object_component>
      <object_component id="oc-283">
         <name>.text:remove_chain</name>
         <load_address>0x148fe</load_address>
         <run_address>0x148fe</run_address>
         <size>0x9c</size>
         <input_file_ref idref="fl-e"/>
      </object_component>
      <object_component id="oc-26b">
         <name>.text:follow_path</name>
         <load_address>0x1499a</load_address>
         <run_address>0x1499a</run_address>
         <size>0x9a</size>
         <input_file_ref idref="fl-e"/>
      </object_component>
      <object_component id="oc-2d1">
         <name>.text:fputc</name>
         <load_address>0x14a34</load_address>
         <run_address>0x14a34</run_address>
         <size>0x90</size>
         <input_file_ref idref="fl-84"/>
      </object_component>
      <object_component id="oc-50a">
         <name>.text:free</name>
         <load_address>0x14ac4</load_address>
         <run_address>0x14ac4</run_address>
         <size>0x8e</size>
         <input_file_ref idref="fl-8b"/>
      </object_component>
      <object_component id="oc-541">
         <name>.text:_div</name>
         <load_address>0x14b52</load_address>
         <run_address>0x14b52</run_address>
         <size>0x88</size>
         <input_file_ref idref="fl-7b"/>
      </object_component>
      <object_component id="oc-3c0">
         <name>.text:FlashReadDeviceIdentification</name>
         <load_address>0x14bda</load_address>
         <run_address>0x14bda</run_address>
         <size>0x86</size>
         <input_file_ref idref="fl-2"/>
      </object_component>
      <object_component id="oc-317">
         <name>.text:check_fs</name>
         <load_address>0x14c60</load_address>
         <run_address>0x14c60</run_address>
         <size>0x86</size>
         <input_file_ref idref="fl-e"/>
      </object_component>
      <object_component id="oc-35c">
         <name>.text:sync_window</name>
         <load_address>0x14ce6</load_address>
         <run_address>0x14ce6</run_address>
         <size>0x86</size>
         <input_file_ref idref="fl-e"/>
      </object_component>
      <object_component id="oc-3d2">
         <name>.text:DataRead</name>
         <load_address>0x14d6c</load_address>
         <run_address>0x14d6c</run_address>
         <size>0x84</size>
         <input_file_ref idref="fl-2"/>
      </object_component>
      <object_component id="oc-372">
         <name>.text:__TI_wrt_ok</name>
         <load_address>0x14df0</load_address>
         <run_address>0x14df0</run_address>
         <size>0x7e</size>
         <input_file_ref idref="fl-8e"/>
      </object_component>
      <object_component id="oc-18e">
         <name>.text:f_mount</name>
         <load_address>0x14e6e</load_address>
         <run_address>0x14e6e</run_address>
         <size>0x7e</size>
         <input_file_ref idref="fl-e"/>
      </object_component>
      <object_component id="oc-4a7">
         <name>.text:Serialize_SPI</name>
         <load_address>0x14eec</load_address>
         <run_address>0x14eec</run_address>
         <size>0x7c</size>
         <input_file_ref idref="fl-3"/>
      </object_component>
      <object_component id="oc-4b6">
         <name>.text:FlashDataRead</name>
         <load_address>0x14f68</load_address>
         <run_address>0x14f68</run_address>
         <size>0x7a</size>
         <input_file_ref idref="fl-2"/>
      </object_component>
      <object_component id="oc-5d8">
         <name>.text:HOSTrename</name>
         <load_address>0x14fe2</load_address>
         <run_address>0x14fe2</run_address>
         <size>0x74</size>
         <input_file_ref idref="fl-77"/>
      </object_component>
      <object_component id="oc-5a8">
         <name>.text:__TI_closefile</name>
         <load_address>0x15056</load_address>
         <run_address>0x15056</run_address>
         <size>0x70</size>
         <input_file_ref idref="fl-93"/>
      </object_component>
      <object_component id="oc-5b4">
         <name>.text:HOSTopen</name>
         <load_address>0x150c6</load_address>
         <run_address>0x150c6</run_address>
         <size>0x6e</size>
         <input_file_ref idref="fl-77"/>
      </object_component>
      <object_component id="oc-108">
         <name>.text:_auto_init_hold_wdt</name>
         <load_address>0x15134</load_address>
         <run_address>0x15134</run_address>
         <size>0x6c</size>
         <input_file_ref idref="fl-7e"/>
      </object_component>
      <object_component id="oc-5c6">
         <name>.text:HOSTwrite</name>
         <load_address>0x151a0</load_address>
         <run_address>0x151a0</run_address>
         <size>0x6a</size>
         <input_file_ref idref="fl-77"/>
      </object_component>
      <object_component id="oc-46c">
         <name>.text:fseek</name>
         <load_address>0x1520a</load_address>
         <run_address>0x1520a</run_address>
         <size>0x6a</size>
         <input_file_ref idref="fl-90"/>
      </object_component>
      <object_component id="oc-438">
         <name>.text:FlashOTPRead</name>
         <load_address>0x15274</load_address>
         <run_address>0x15274</run_address>
         <size>0x68</size>
         <input_file_ref idref="fl-2"/>
      </object_component>
      <object_component id="oc-5c0">
         <name>.text:HOSTread</name>
         <load_address>0x152dc</load_address>
         <run_address>0x152dc</run_address>
         <size>0x68</size>
         <input_file_ref idref="fl-77"/>
      </object_component>
      <object_component id="oc-e3">
         <name>.text:__TI_decompress_rle_core</name>
         <load_address>0x15344</load_address>
         <run_address>0x15344</run_address>
         <size>0x68</size>
         <input_file_ref idref="fl-47"/>
      </object_component>
      <object_component id="oc-37e">
         <name>.text:__TI_doflush</name>
         <load_address>0x153ac</load_address>
         <run_address>0x153ac</run_address>
         <size>0x64</size>
         <input_file_ref idref="fl-8f"/>
      </object_component>
      <object_component id="oc-444">
         <name>.text:FlashEnter4ByteAddressMode</name>
         <load_address>0x15410</load_address>
         <run_address>0x15410</run_address>
         <size>0x62</size>
         <input_file_ref idref="fl-2"/>
      </object_component>
      <object_component id="oc-44a">
         <name>.text:FlashExit4ByteAddressMode</name>
         <load_address>0x15472</load_address>
         <run_address>0x15472</run_address>
         <size>0x62</size>
         <input_file_ref idref="fl-2"/>
      </object_component>
      <object_component id="oc-391">
         <name>.text:atoi</name>
         <load_address>0x154d4</load_address>
         <run_address>0x154d4</run_address>
         <size>0x62</size>
         <input_file_ref idref="fl-7d"/>
      </object_component>
      <object_component id="oc-34c">
         <name>.text:dir_alloc</name>
         <load_address>0x15536</load_address>
         <run_address>0x15536</run_address>
         <size>0x5c</size>
         <input_file_ref idref="fl-e"/>
      </object_component>
      <object_component id="oc-2a7">
         <name>.text:disk_read</name>
         <load_address>0x15592</load_address>
         <run_address>0x15592</run_address>
         <size>0x5c</size>
         <input_file_ref idref="fl-d"/>
      </object_component>
      <object_component id="oc-630">
         <name>.text:close</name>
         <load_address>0x155ee</load_address>
         <run_address>0x155ee</run_address>
         <size>0x5a</size>
         <input_file_ref idref="fl-86"/>
      </object_component>
      <object_component id="oc-33f">
         <name>.text:dir_find</name>
         <load_address>0x15648</load_address>
         <run_address>0x15648</run_address>
         <size>0x5a</size>
         <input_file_ref idref="fl-e"/>
      </object_component>
      <object_component id="oc-677">
         <name>.text:getdevice</name>
         <load_address>0x156a2</load_address>
         <run_address>0x156a2</run_address>
         <size>0x5a</size>
         <input_file_ref idref="fl-86"/>
      </object_component>
      <object_component id="oc-241">
         <name>.text</name>
         <load_address>0x156fc</load_address>
         <run_address>0x156fc</run_address>
         <size>0x58</size>
         <input_file_ref idref="fl-4b"/>
      </object_component>
      <object_component id="oc-5f3">
         <name>.text:HOSTclock</name>
         <load_address>0x15754</load_address>
         <run_address>0x15754</run_address>
         <size>0x56</size>
         <input_file_ref idref="fl-77"/>
      </object_component>
      <object_component id="oc-225">
         <name>.text:get_ldnumber</name>
         <load_address>0x157aa</load_address>
         <run_address>0x157aa</run_address>
         <size>0x54</size>
         <input_file_ref idref="fl-e"/>
      </object_component>
      <object_component id="oc-55c">
         <name>.text:FlashTimeOut</name>
         <load_address>0x157fe</load_address>
         <run_address>0x157fe</run_address>
         <size>0x52</size>
         <input_file_ref idref="fl-2"/>
      </object_component>
      <object_component id="oc-4bd">
         <name>.text:IsFlashBusy</name>
         <load_address>0x15850</load_address>
         <run_address>0x15850</run_address>
         <size>0x52</size>
         <input_file_ref idref="fl-2"/>
      </object_component>
      <object_component id="oc-289">
         <name>.text:move_window</name>
         <load_address>0x158a2</load_address>
         <run_address>0x158a2</run_address>
         <size>0x52</size>
         <input_file_ref idref="fl-e"/>
      </object_component>
      <object_component id="oc-3cc">
         <name>.text:DataProgram</name>
         <load_address>0x158f4</load_address>
         <run_address>0x158f4</run_address>
         <size>0x50</size>
         <input_file_ref idref="fl-2"/>
      </object_component>
      <object_component id="oc-592">
         <name>.text:fprintf</name>
         <load_address>0x15944</load_address>
         <run_address>0x15944</run_address>
         <size>0x50</size>
         <input_file_ref idref="fl-83"/>
      </object_component>
      <object_component id="oc-271">
         <name>.text:dir_register</name>
         <load_address>0x15994</load_address>
         <run_address>0x15994</run_address>
         <size>0x4e</size>
         <input_file_ref idref="fl-e"/>
      </object_component>
      <object_component id="oc-414">
         <name>.text:FlashWriteNVConfigurationRegister</name>
         <load_address>0x159e2</load_address>
         <run_address>0x159e2</run_address>
         <size>0x4c</size>
         <input_file_ref idref="fl-2"/>
      </object_component>
      <object_component id="oc-5ba">
         <name>.text:HOSTclose</name>
         <load_address>0x15a2e</load_address>
         <run_address>0x15a2e</run_address>
         <size>0x4c</size>
         <input_file_ref idref="fl-77"/>
      </object_component>
      <object_component id="oc-170">
         <name>.text:printf</name>
         <load_address>0x15a7a</load_address>
         <run_address>0x15a7a</run_address>
         <size>0x4a</size>
         <input_file_ref idref="fl-73"/>
      </object_component>
      <object_component id="oc-4e6">
         <name>.text:FlashWriteStatusRegister</name>
         <load_address>0x15ac4</load_address>
         <run_address>0x15ac4</run_address>
         <size>0x48</size>
         <input_file_ref idref="fl-2"/>
      </object_component>
      <object_component id="oc-5d2">
         <name>.text:HOSTunlink</name>
         <load_address>0x15b0c</load_address>
         <run_address>0x15b0c</run_address>
         <size>0x46</size>
         <input_file_ref idref="fl-77"/>
      </object_component>
      <object_component id="oc-2de">
         <name>.text:_pproc_fflags</name>
         <load_address>0x15b52</load_address>
         <run_address>0x15b52</run_address>
         <size>0x46</size>
         <input_file_ref idref="fl-7b"/>
      </object_component>
      <object_component id="oc-57a">
         <name>.text:_Z18init_curr_vla_poolv</name>
         <load_address>0x15b98</load_address>
         <run_address>0x15b98</run_address>
         <size>0x44</size>
         <input_file_ref idref="fl-79"/>
      </object_component>
      <object_component id="oc-580">
         <name>.text:_Z31increase_curr_vla_pool_capacityv</name>
         <load_address>0x15bdc</load_address>
         <run_address>0x15bdc</run_address>
         <size>0x44</size>
         <input_file_ref idref="fl-79"/>
      </object_component>
      <object_component id="oc-41a">
         <name>.text:FlashWriteVolatileConfigurationRegister</name>
         <load_address>0x15c20</load_address>
         <run_address>0x15c20</run_address>
         <size>0x42</size>
         <input_file_ref idref="fl-2"/>
      </object_component>
      <object_component id="oc-420">
         <name>.text:FlashWriteVolatileEnhancedConfigurationRegister</name>
         <load_address>0x15c62</load_address>
         <run_address>0x15c62</run_address>
         <size>0x42</size>
         <input_file_ref idref="fl-2"/>
      </object_component>
      <object_component id="oc-4c3">
         <name>.text:fill_addr_vect</name>
         <load_address>0x15ca4</load_address>
         <run_address>0x15ca4</run_address>
         <size>0x42</size>
         <input_file_ref idref="fl-2"/>
      </object_component>
      <object_component id="oc-5a1">
         <name>.text:minit</name>
         <load_address>0x15ce6</load_address>
         <run_address>0x15ce6</run_address>
         <size>0x42</size>
         <input_file_ref idref="fl-8b"/>
      </object_component>
      <object_component id="oc-2a1">
         <name>.text:clust2sect</name>
         <load_address>0x15d28</load_address>
         <run_address>0x15d28</run_address>
         <size>0x3e</size>
         <input_file_ref idref="fl-e"/>
      </object_component>
      <object_component id="oc-28f">
         <name>.text:l_lsl_const</name>
         <load_address>0x15d66</load_address>
         <run_address>0x15d66</run_address>
         <size>0x3e</size>
         <input_file_ref idref="fl-65"/>
      </object_component>
      <object_component id="oc-24d">
         <name>.text:l_lsr_const</name>
         <load_address>0x15da4</load_address>
         <run_address>0x15da4</run_address>
         <size>0x3e</size>
         <input_file_ref idref="fl-67"/>
      </object_component>
      <object_component id="oc-502">
         <name>.text:lseek</name>
         <load_address>0x15de2</load_address>
         <run_address>0x15de2</run_address>
         <size>0x3e</size>
         <input_file_ref idref="fl-86"/>
      </object_component>
      <object_component id="oc-3ea">
         <name>.text:FlashWriteEnable</name>
         <load_address>0x15e20</load_address>
         <run_address>0x15e20</run_address>
         <size>0x3c</size>
         <input_file_ref idref="fl-2"/>
      </object_component>
      <object_component id="oc-384">
         <name>.text:write</name>
         <load_address>0x15e5c</load_address>
         <run_address>0x15e5c</run_address>
         <size>0x3c</size>
         <input_file_ref idref="fl-86"/>
      </object_component>
      <object_component id="oc-40e">
         <name>.text:FlashReadFlagStatusRegister</name>
         <load_address>0x15e98</load_address>
         <run_address>0x15e98</run_address>
         <size>0x3a</size>
         <input_file_ref idref="fl-2"/>
      </object_component>
      <object_component id="oc-3fc">
         <name>.text:FlashReadNVConfigurationRegister</name>
         <load_address>0x15ed2</load_address>
         <run_address>0x15ed2</run_address>
         <size>0x3a</size>
         <input_file_ref idref="fl-2"/>
      </object_component>
      <object_component id="oc-3c6">
         <name>.text:FlashReadStatusRegister</name>
         <load_address>0x15f0c</load_address>
         <run_address>0x15f0c</run_address>
         <size>0x3a</size>
         <input_file_ref idref="fl-2"/>
      </object_component>
      <object_component id="oc-402">
         <name>.text:FlashReadVolatileConfigurationRegister</name>
         <load_address>0x15f46</load_address>
         <run_address>0x15f46</run_address>
         <size>0x3a</size>
         <input_file_ref idref="fl-2"/>
      </object_component>
      <object_component id="oc-408">
         <name>.text:FlashReadVolatileEnhancedConfigurationRegister</name>
         <load_address>0x15f80</load_address>
         <run_address>0x15f80</run_address>
         <size>0x3a</size>
         <input_file_ref idref="fl-2"/>
      </object_component>
      <object_component id="oc-3f0">
         <name>.text:FlashWriteDisable</name>
         <load_address>0x15fba</load_address>
         <run_address>0x15fba</run_address>
         <size>0x3a</size>
         <input_file_ref idref="fl-2"/>
      </object_component>
      <object_component id="oc-663">
         <name>.text:__mspabi_sllll</name>
         <load_address>0x15ff4</load_address>
         <run_address>0x15ff4</run_address>
         <size>0x3a</size>
         <input_file_ref idref="fl-87"/>
      </object_component>
      <object_component id="oc-5e2">
         <name>.text:__mspabi_srlll</name>
         <load_address>0x1602e</load_address>
         <run_address>0x1602e</run_address>
         <size>0x3a</size>
         <input_file_ref idref="fl-88"/>
      </object_component>
      <object_component id="oc-31f">
         <name>.text:msp430_spi_init</name>
         <load_address>0x16068</load_address>
         <run_address>0x16068</run_address>
         <size>0x3a</size>
         <input_file_ref idref="fl-3"/>
      </object_component>
      <object_component id="oc-516">
         <name>.text:__TI_cleanup</name>
         <load_address>0x160a2</load_address>
         <run_address>0x160a2</run_address>
         <size>0x36</size>
         <input_file_ref idref="fl-92"/>
      </object_component>
      <object_component id="oc-644">
         <name>.text:__TI_writemsg</name>
         <load_address>0x160d8</load_address>
         <run_address>0x160d8</run_address>
         <size>0x36</size>
         <input_file_ref idref="fl-78"/>
      </object_component>
      <object_component id="oc-295">
         <name>.text:validate</name>
         <load_address>0x1610e</load_address>
         <run_address>0x1610e</run_address>
         <size>0x36</size>
         <input_file_ref idref="fl-e"/>
      </object_component>
      <object_component id="oc-4c9">
         <name>.text:WAIT_TILL_Instruction_EXECUTION_COMPLETE</name>
         <load_address>0x16144</load_address>
         <run_address>0x16144</run_address>
         <size>0x34</size>
         <input_file_ref idref="fl-2"/>
      </object_component>
      <object_component id="oc-64a">
         <name>.text:__TI_readmsg</name>
         <load_address>0x16178</load_address>
         <run_address>0x16178</run_address>
         <size>0x32</size>
         <input_file_ref idref="fl-78"/>
      </object_component>
      <object_component id="oc-694">
         <name>.text:strncpy</name>
         <load_address>0x161aa</load_address>
         <run_address>0x161aa</run_address>
         <size>0x32</size>
         <input_file_ref idref="fl-76"/>
      </object_component>
      <object_component id="oc-277">
         <name>.text:ld_clust</name>
         <load_address>0x161dc</load_address>
         <run_address>0x161dc</run_address>
         <size>0x30</size>
         <input_file_ref idref="fl-e"/>
      </object_component>
      <object_component id="oc-17f">
         <name>.text:msp430_init_uart</name>
         <load_address>0x1620c</load_address>
         <run_address>0x1620c</run_address>
         <size>0x30</size>
         <input_file_ref idref="fl-4"/>
      </object_component>
      <object_component id="oc-637">
         <name>.text:unlink</name>
         <load_address>0x1623c</load_address>
         <run_address>0x1623c</run_address>
         <size>0x30</size>
         <input_file_ref idref="fl-86"/>
      </object_component>
      <object_component id="oc-114">
         <name>.text:exit</name>
         <load_address>0x1626c</load_address>
         <run_address>0x1626c</run_address>
         <size>0x2e</size>
         <input_file_ref idref="fl-4c"/>
      </object_component>
      <object_component id="oc-69a">
         <name>.text:finddevice</name>
         <load_address>0x1629a</load_address>
         <run_address>0x1629a</run_address>
         <size>0x2e</size>
         <input_file_ref idref="fl-86"/>
      </object_component>
      <object_component id="oc-3f6">
         <name>.text:FlashClearFlagStatusRegister</name>
         <load_address>0x162c8</load_address>
         <run_address>0x162c8</run_address>
         <size>0x2c</size>
         <input_file_ref idref="fl-2"/>
      </object_component>
      <object_component id="oc-235">
         <name>.text:disk_initialize</name>
         <load_address>0x162f4</load_address>
         <run_address>0x162f4</run_address>
         <size>0x2c</size>
         <input_file_ref idref="fl-d"/>
      </object_component>
      <object_component id="oc-23b">
         <name>.text:disk_ioctl</name>
         <load_address>0x16320</load_address>
         <run_address>0x16320</run_address>
         <size>0x2c</size>
         <input_file_ref idref="fl-d"/>
      </object_component>
      <object_component id="oc-4e1">
         <name>.text</name>
         <load_address>0x1634c</load_address>
         <run_address>0x1634c</run_address>
         <size>0x2c</size>
         <input_file_ref idref="fl-49"/>
      </object_component>
      <object_component id="oc-185">
         <name>.text:msp430_uart_puts</name>
         <load_address>0x16378</load_address>
         <run_address>0x16378</run_address>
         <size>0x28</size>
         <input_file_ref idref="fl-4"/>
      </object_component>
      <object_component id="oc-8d">
         <name>.text:decompress:ZI:__TI_zero_init</name>
         <load_address>0x163a0</load_address>
         <run_address>0x163a0</run_address>
         <size>0x24</size>
         <input_file_ref idref="fl-48"/>
      </object_component>
      <object_component id="oc-248">
         <name>.text</name>
         <load_address>0x163c4</load_address>
         <run_address>0x163c4</run_address>
         <size>0x22</size>
         <input_file_ref idref="fl-70"/>
      </object_component>
      <object_component id="oc-1a6">
         <name>.text:f_close</name>
         <load_address>0x163e6</load_address>
         <run_address>0x163e6</run_address>
         <size>0x20</size>
         <input_file_ref idref="fl-e"/>
      </object_component>
      <object_component id="oc-39f">
         <name>.text:memccpy</name>
         <load_address>0x16406</load_address>
         <run_address>0x16406</run_address>
         <size>0x1e</size>
         <input_file_ref idref="fl-89"/>
      </object_component>
      <object_component id="oc-68e">
         <name>.text:strchr</name>
         <load_address>0x16424</load_address>
         <run_address>0x16424</run_address>
         <size>0x1c</size>
         <input_file_ref idref="fl-8c"/>
      </object_component>
      <object_component id="oc-6ab">
         <name>.text:strcmp</name>
         <load_address>0x16440</load_address>
         <run_address>0x16440</run_address>
         <size>0x1c</size>
         <input_file_ref idref="fl-74"/>
      </object_component>
      <object_component id="oc-54a">
         <name>.text:ConfigureSpi</name>
         <load_address>0x1645c</load_address>
         <run_address>0x1645c</run_address>
         <size>0x1a</size>
         <input_file_ref idref="fl-3"/>
      </object_component>
      <object_component id="oc-453">
         <name>.text:chk_chr</name>
         <load_address>0x16476</load_address>
         <run_address>0x16476</run_address>
         <size>0x16</size>
         <input_file_ref idref="fl-e"/>
      </object_component>
      <object_component id="oc-378">
         <name>.text:memchr</name>
         <load_address>0x1648c</load_address>
         <run_address>0x1648c</run_address>
         <size>0x16</size>
         <input_file_ref idref="fl-8a"/>
      </object_component>
      <object_component id="oc-176">
         <name>.text:memset</name>
         <load_address>0x164a2</load_address>
         <run_address>0x164a2</run_address>
         <size>0x16</size>
         <input_file_ref idref="fl-69"/>
      </object_component>
      <object_component id="oc-564">
         <name>.text</name>
         <load_address>0x164b8</load_address>
         <run_address>0x164b8</run_address>
         <size>0x16</size>
         <input_file_ref idref="fl-4a"/>
      </object_component>
      <object_component id="oc-47e">
         <name>.text</name>
         <load_address>0x164ce</load_address>
         <run_address>0x164ce</run_address>
         <size>0x16</size>
         <input_file_ref idref="fl-6d"/>
      </object_component>
      <object_component id="oc-27d">
         <name>.text:st_clust</name>
         <load_address>0x164e4</load_address>
         <run_address>0x164e4</run_address>
         <size>0x16</size>
         <input_file_ref idref="fl-e"/>
      </object_component>
      <object_component id="oc-45a">
         <name>.text:mem_cmp</name>
         <load_address>0x164fa</load_address>
         <run_address>0x164fa</run_address>
         <size>0x14</size>
         <input_file_ref idref="fl-e"/>
      </object_component>
      <object_component id="oc-d6">
         <name>.text:memcpy</name>
         <load_address>0x1650e</load_address>
         <run_address>0x1650e</run_address>
         <size>0x14</size>
         <input_file_ref idref="fl-68"/>
      </object_component>
      <object_component id="oc-6b">
         <name>.text:decompress:none:__TI_decompress_none</name>
         <load_address>0x16522</load_address>
         <run_address>0x16522</run_address>
         <size>0x12</size>
         <input_file_ref idref="fl-46"/>
      </object_component>
      <object_component id="oc-25f">
         <name>.text:mem_cpy</name>
         <load_address>0x16534</load_address>
         <run_address>0x16534</run_address>
         <size>0x12</size>
         <input_file_ref idref="fl-e"/>
      </object_component>
      <object_component id="oc-252">
         <name>.text:mem_set</name>
         <load_address>0x16546</load_address>
         <run_address>0x16546</run_address>
         <size>0x12</size>
         <input_file_ref idref="fl-e"/>
      </object_component>
      <object_component id="oc-656">
         <name>.text:strcpy</name>
         <load_address>0x16558</load_address>
         <run_address>0x16558</run_address>
         <size>0x12</size>
         <input_file_ref idref="fl-75"/>
      </object_component>
      <object_component id="oc-3e4">
         <name>.text:BlockOffset</name>
         <load_address>0x1656a</load_address>
         <run_address>0x1656a</run_address>
         <size>0x10</size>
         <input_file_ref idref="fl-2"/>
      </object_component>
      <object_component id="oc-65e">
         <name>.text:l_lsr</name>
         <load_address>0x1657a</load_address>
         <run_address>0x1657a</run_address>
         <size>0x10</size>
         <input_file_ref idref="fl-67"/>
      </object_component>
      <object_component id="oc-203">
         <name>.text:msp430_uart_putc</name>
         <load_address>0x1658a</load_address>
         <run_address>0x1658a</run_address>
         <size>0xe</size>
         <input_file_ref idref="fl-4"/>
      </object_component>
      <object_component id="oc-2d8">
         <name>.text:strlen</name>
         <load_address>0x16598</load_address>
         <run_address>0x16598</run_address>
         <size>0xe</size>
         <input_file_ref idref="fl-8d"/>
      </object_component>
      <object_component id="oc-42c">
         <name>.text:FlashUnlockAllSector</name>
         <load_address>0x165a6</load_address>
         <run_address>0x165a6</run_address>
         <size>0xa</size>
         <input_file_ref idref="fl-2"/>
      </object_component>
      <object_component id="oc-4d0">
         <name>.text</name>
         <load_address>0x165b0</load_address>
         <run_address>0x165b0</run_address>
         <size>0xa</size>
         <input_file_ref idref="fl-64"/>
      </object_component>
      <object_component id="oc-623">
         <name>.text:_outc</name>
         <load_address>0x165ba</load_address>
         <run_address>0x165ba</run_address>
         <size>0x6</size>
         <input_file_ref idref="fl-83"/>
      </object_component>
      <object_component id="oc-1f0">
         <name>.text:_outc</name>
         <load_address>0x165c0</load_address>
         <run_address>0x165c0</run_address>
         <size>0x6</size>
         <input_file_ref idref="fl-73"/>
      </object_component>
      <object_component id="oc-71">
         <name>.text:decompress:rle24:__TI_decompress_rle24</name>
         <load_address>0x165c6</load_address>
         <run_address>0x165c6</run_address>
         <size>0x6</size>
         <input_file_ref idref="fl-47"/>
      </object_component>
      <object_component id="oc-311">
         <name>.text:disk_status</name>
         <load_address>0x165cc</load_address>
         <run_address>0x165cc</run_address>
         <size>0x6</size>
         <input_file_ref idref="fl-d"/>
      </object_component>
      <object_component id="oc-56b">
         <name>.text:__abort_execution</name>
         <load_address>0x165d2</load_address>
         <run_address>0x165d2</run_address>
         <size>0x4</size>
         <input_file_ref idref="fl-82"/>
      </object_component>
      <object_component id="oc-61d">
         <name>.text:_outs</name>
         <load_address>0x165d6</load_address>
         <run_address>0x165d6</run_address>
         <size>0x4</size>
         <input_file_ref idref="fl-83"/>
      </object_component>
      <object_component id="oc-1ea">
         <name>.text:_outs</name>
         <load_address>0x165da</load_address>
         <run_address>0x165da</run_address>
         <size>0x4</size>
         <input_file_ref idref="fl-73"/>
      </object_component>
      <object_component id="oc-102">
         <name>.text:_system_pre_init</name>
         <load_address>0x165de</load_address>
         <run_address>0x165de</run_address>
         <size>0x4</size>
         <input_file_ref idref="fl-72"/>
      </object_component>
      <object_component id="oc-12a">
         <name>.text:abort</name>
         <load_address>0x165e2</load_address>
         <run_address>0x165e2</run_address>
         <size>0x4</size>
         <input_file_ref idref="fl-4c"/>
      </object_component>
      <object_component id="oc-1d5">
         <name>.text:_nop</name>
         <load_address>0x165e6</load_address>
         <run_address>0x165e6</run_address>
         <size>0x2</size>
         <input_file_ref idref="fl-7a"/>
      </object_component>
      <object_component id="oc-9f">
         <name>.text:_isr:_c_int00_noargs</name>
         <load_address>0x5c00</load_address>
         <run_address>0x5c00</run_address>
         <size>0x1c</size>
         <input_file_ref idref="fl-44"/>
      </object_component>
      <object_component id="oc-f5">
         <name>.text:_isr:USCI_A1_ISR</name>
         <load_address>0x5c1c</load_address>
         <run_address>0x5c1c</run_address>
         <size>0x14</size>
         <input_file_ref idref="fl-4"/>
      </object_component>
      <object_component id="oc-f0">
         <name>.text:_isr:__TI_ISR_TRAP</name>
         <load_address>0x5c30</load_address>
         <run_address>0x5c30</run_address>
         <size>0x6</size>
         <input_file_ref idref="fl-63"/>
      </object_component>
      <object_component id="oc-722">
         <name>.cinit..data.load</name>
         <load_address>0x5f20</load_address>
         <run_address>0x5f20</run_address>
         <size>0x59</size>
      </object_component>
      <object_component id="oc-71f">
         <name>__TI_handler_table</name>
         <load_address>0x5f7a</load_address>
         <run_address>0x5f7a</run_address>
         <size>0xc</size>
      </object_component>
      <object_component id="oc-721">
         <name>.cinit..bss.load</name>
         <load_address>0x5f86</load_address>
         <run_address>0x5f86</run_address>
         <size>0x6</size>
      </object_component>
      <object_component id="oc-723">
         <name>.cinit..cio.load</name>
         <load_address>0x5f8c</load_address>
         <run_address>0x5f8c</run_address>
         <size>0x6</size>
      </object_component>
      <object_component id="oc-720">
         <name>__TI_cinit_table</name>
         <load_address>0x5f92</load_address>
         <run_address>0x5f92</run_address>
         <size>0x18</size>
      </object_component>
      <object_component id="oc-16f">
         <name>.const:.string</name>
         <load_address>0x5c36</load_address>
         <run_address>0x5c36</run_address>
         <size>0x10a</size>
         <input_file_ref idref="fl-4"/>
      </object_component>
      <object_component id="oc-48e">
         <name>.const:.string:_ctypes_</name>
         <load_address>0x5d40</load_address>
         <run_address>0x5d40</run_address>
         <size>0x101</size>
         <input_file_ref idref="fl-7f"/>
      </object_component>
      <object_component id="oc-25e">
         <name>.const:.string</name>
         <load_address>0x5e42</load_address>
         <run_address>0x5e42</run_address>
         <size>0x44</size>
         <input_file_ref idref="fl-e"/>
      </object_component>
      <object_component id="oc-591">
         <name>.const:.string</name>
         <load_address>0x5e86</load_address>
         <run_address>0x5e86</run_address>
         <size>0x36</size>
         <input_file_ref idref="fl-79"/>
      </object_component>
      <object_component id="oc-398">
         <name>.const:.string</name>
         <load_address>0x5ebc</load_address>
         <run_address>0x5ebc</run_address>
         <size>0x26</size>
         <input_file_ref idref="fl-7b"/>
      </object_component>
      <object_component id="oc-247">
         <name>.const:cst$2</name>
         <load_address>0x5ee2</load_address>
         <run_address>0x5ee2</run_address>
         <size>0x16</size>
         <input_file_ref idref="fl-e"/>
      </object_component>
      <object_component id="oc-246">
         <name>.const:vst$1</name>
         <load_address>0x5ef8</load_address>
         <run_address>0x5ef8</run_address>
         <size>0x16</size>
         <input_file_ref idref="fl-e"/>
      </object_component>
      <object_component id="oc-17c">
         <name>.const:.string:$P$T0$1</name>
         <load_address>0x5f0e</load_address>
         <run_address>0x5f0e</run_address>
         <size>0x11</size>
         <input_file_ref idref="fl-4"/>
      </object_component>
      <object_component id="oc-682">
         <name>.cio</name>
         <uninitialized>true</uninitialized>
         <run_address>0x3336</run_address>
         <size>0x120</size>
         <input_file_ref idref="fl-78"/>
      </object_component>
      <object_component id="oc-77">
         <name>.int41</name>
         <load_address>0xffd2</load_address>
         <run_address>0xffd2</run_address>
         <size>0x2</size>
         <input_file_ref idref="fl-4e"/>
      </object_component>
      <object_component id="oc-78">
         <name>.int42</name>
         <load_address>0xffd4</load_address>
         <run_address>0xffd4</run_address>
         <size>0x2</size>
         <input_file_ref idref="fl-4f"/>
      </object_component>
      <object_component id="oc-79">
         <name>.int43</name>
         <load_address>0xffd6</load_address>
         <run_address>0xffd6</run_address>
         <size>0x2</size>
         <input_file_ref idref="fl-50"/>
      </object_component>
      <object_component id="oc-7a">
         <name>.int44</name>
         <load_address>0xffd8</load_address>
         <run_address>0xffd8</run_address>
         <size>0x2</size>
         <input_file_ref idref="fl-51"/>
      </object_component>
      <object_component id="oc-7b">
         <name>.int45</name>
         <load_address>0xffda</load_address>
         <run_address>0xffda</run_address>
         <size>0x2</size>
         <input_file_ref idref="fl-52"/>
      </object_component>
      <object_component id="oc-7c">
         <name>.int46</name>
         <load_address>0xffdc</load_address>
         <run_address>0xffdc</run_address>
         <size>0x2</size>
         <input_file_ref idref="fl-4"/>
      </object_component>
      <object_component id="oc-7d">
         <name>.int47</name>
         <load_address>0xffde</load_address>
         <run_address>0xffde</run_address>
         <size>0x2</size>
         <input_file_ref idref="fl-53"/>
      </object_component>
      <object_component id="oc-7e">
         <name>.int48</name>
         <load_address>0xffe0</load_address>
         <run_address>0xffe0</run_address>
         <size>0x2</size>
         <input_file_ref idref="fl-54"/>
      </object_component>
      <object_component id="oc-7f">
         <name>.int49</name>
         <load_address>0xffe2</load_address>
         <run_address>0xffe2</run_address>
         <size>0x2</size>
         <input_file_ref idref="fl-55"/>
      </object_component>
      <object_component id="oc-80">
         <name>.int50</name>
         <load_address>0xffe4</load_address>
         <run_address>0xffe4</run_address>
         <size>0x2</size>
         <input_file_ref idref="fl-56"/>
      </object_component>
      <object_component id="oc-81">
         <name>.int51</name>
         <load_address>0xffe6</load_address>
         <run_address>0xffe6</run_address>
         <size>0x2</size>
         <input_file_ref idref="fl-57"/>
      </object_component>
      <object_component id="oc-82">
         <name>.int52</name>
         <load_address>0xffe8</load_address>
         <run_address>0xffe8</run_address>
         <size>0x2</size>
         <input_file_ref idref="fl-58"/>
      </object_component>
      <object_component id="oc-83">
         <name>.int53</name>
         <load_address>0xffea</load_address>
         <run_address>0xffea</run_address>
         <size>0x2</size>
         <input_file_ref idref="fl-59"/>
      </object_component>
      <object_component id="oc-84">
         <name>.int54</name>
         <load_address>0xffec</load_address>
         <run_address>0xffec</run_address>
         <size>0x2</size>
         <input_file_ref idref="fl-5a"/>
      </object_component>
      <object_component id="oc-85">
         <name>.int55</name>
         <load_address>0xffee</load_address>
         <run_address>0xffee</run_address>
         <size>0x2</size>
         <input_file_ref idref="fl-5b"/>
      </object_component>
      <object_component id="oc-86">
         <name>.int56</name>
         <load_address>0xfff0</load_address>
         <run_address>0xfff0</run_address>
         <size>0x2</size>
         <input_file_ref idref="fl-5c"/>
      </object_component>
      <object_component id="oc-87">
         <name>.int57</name>
         <load_address>0xfff2</load_address>
         <run_address>0xfff2</run_address>
         <size>0x2</size>
         <input_file_ref idref="fl-5d"/>
      </object_component>
      <object_component id="oc-88">
         <name>.int58</name>
         <load_address>0xfff4</load_address>
         <run_address>0xfff4</run_address>
         <size>0x2</size>
         <input_file_ref idref="fl-5e"/>
      </object_component>
      <object_component id="oc-89">
         <name>.int59</name>
         <load_address>0xfff6</load_address>
         <run_address>0xfff6</run_address>
         <size>0x2</size>
         <input_file_ref idref="fl-5f"/>
      </object_component>
      <object_component id="oc-8a">
         <name>.int60</name>
         <load_address>0xfff8</load_address>
         <run_address>0xfff8</run_address>
         <size>0x2</size>
         <input_file_ref idref="fl-60"/>
      </object_component>
      <object_component id="oc-8b">
         <name>.int61</name>
         <load_address>0xfffa</load_address>
         <run_address>0xfffa</run_address>
         <size>0x2</size>
         <input_file_ref idref="fl-61"/>
      </object_component>
      <object_component id="oc-8c">
         <name>.int62</name>
         <load_address>0xfffc</load_address>
         <run_address>0xfffc</run_address>
         <size>0x2</size>
         <input_file_ref idref="fl-62"/>
      </object_component>
      <object_component id="oc-d2">
         <name>.reset</name>
         <load_address>0xfffe</load_address>
         <run_address>0xfffe</run_address>
         <size>0x2</size>
         <input_file_ref idref="fl-43"/>
      </object_component>
      <object_component id="oc-32e">
         <name>.data</name>
         <load_address>0x3334</load_address>
         <run_address>0x3334</run_address>
         <size>0x1</size>
         <input_file_ref idref="fl-d"/>
      </object_component>
      <object_component id="oc-166">
         <name>.data:__TI_cleanup_ptr</name>
         <load_address>0x3320</load_address>
         <run_address>0x3320</run_address>
         <size>0x4</size>
         <input_file_ref idref="fl-4d"/>
      </object_component>
      <object_component id="oc-163">
         <name>.data:__TI_dtors_ptr</name>
         <load_address>0x3324</load_address>
         <run_address>0x3324</run_address>
         <size>0x4</size>
         <input_file_ref idref="fl-4d"/>
      </object_component>
      <object_component id="oc-160">
         <name>.data:_lock</name>
         <load_address>0x3328</load_address>
         <run_address>0x3328</run_address>
         <size>0x4</size>
         <input_file_ref idref="fl-7a"/>
      </object_component>
      <object_component id="oc-169">
         <name>.data:_unlock</name>
         <load_address>0x332c</load_address>
         <run_address>0x332c</run_address>
         <size>0x4</size>
         <input_file_ref idref="fl-7a"/>
      </object_component>
      <object_component id="oc-1e7">
         <name>.data:_ftable</name>
         <load_address>0x31a4</load_address>
         <run_address>0x31a4</run_address>
         <size>0xc8</size>
         <input_file_ref idref="fl-80"/>
      </object_component>
      <object_component id="oc-5ae">
         <name>.data</name>
         <load_address>0x3330</load_address>
         <run_address>0x3330</run_address>
         <size>0x2</size>
         <input_file_ref idref="fl-80"/>
      </object_component>
      <object_component id="oc-52a">
         <name>.data:_device</name>
         <load_address>0x326c</load_address>
         <run_address>0x326c</run_address>
         <size>0x78</size>
         <input_file_ref idref="fl-86"/>
      </object_component>
      <object_component id="oc-483">
         <name>.data:_stream</name>
         <load_address>0x32e4</load_address>
         <run_address>0x32e4</run_address>
         <size>0x3c</size>
         <input_file_ref idref="fl-86"/>
      </object_component>
      <object_component id="oc-59e">
         <name>.data</name>
         <load_address>0x3332</load_address>
         <run_address>0x3332</run_address>
         <size>0x2</size>
         <input_file_ref idref="fl-8b"/>
      </object_component>
      <object_component id="oc-30c">
         <name>.debug_info</name>
         <load_address>0x0</load_address>
         <run_address>0x0</run_address>
         <size>0x3a6</size>
         <input_file_ref idref="fl-2"/>
      </object_component>
      <object_component id="oc-3e5">
         <name>.debug_info</name>
         <load_address>0x3a6</load_address>
         <run_address>0x3a6</run_address>
         <size>0x149</size>
         <input_file_ref idref="fl-2"/>
      </object_component>
      <object_component id="oc-329">
         <name>.debug_info</name>
         <load_address>0x4ef</load_address>
         <run_address>0x4ef</run_address>
         <size>0x1ec</size>
         <input_file_ref idref="fl-2"/>
      </object_component>
      <object_component id="oc-3cd">
         <name>.debug_info</name>
         <load_address>0x6db</load_address>
         <run_address>0x6db</run_address>
[...]
         <name>__mspabi_remi</name>
         <value>0x1634c</value>
         <object_component_ref idref="oc-4e1"/>
      </symbol>
      <symbol id="sm-857">
         <name>__mspabi_divi</name>
         <value>0x1634c</value>
         <object_component_ref idref="oc-4e1"/>
      </symbol>
      <symbol id="sm-861">
         <name>__mspabi_remu</name>
         <value>0x164b8</value>
         <object_component_ref idref="oc-564"/>
      </symbol>
      <symbol id="sm-862">
         <name>__mspabi_divu</name>
         <value>0x164b8</value>
         <object_component_ref idref="oc-564"/>
      </symbol>
      <symbol id="sm-871">
         <name>__mspabi_remul</name>
         <value>0x156fc</value>
         <object_component_ref idref="oc-241"/>
      </symbol>
      <symbol id="sm-872">
         <name>__mspabi_divul</name>
         <value>0x156fc</value>
         <object_component_ref idref="oc-241"/>
      </symbol>
      <symbol id="sm-889">
         <name>C$$EXIT</name>
         <value>0x165e2</value>
         <object_component_ref idref="oc-12a"/>
      </symbol>
      <symbol id="sm-88a">
         <name>abort</name>
         <value>0x165e2</value>
         <object_component_ref idref="oc-12a"/>
      </symbol>
      <symbol id="sm-88b">
         <name>exit</name>
         <value>0x1626c</value>
         <object_component_ref idref="oc-114"/>
      </symbol>
      <symbol id="sm-89a">
         <name>__TI_dtors_ptr</name>
         <value>0x3324</value>
         <object_component_ref idref="oc-163"/>
      </symbol>
      <symbol id="sm-89b">
         <name>__TI_cleanup_ptr</name>
         <value>0x3320</value>
         <object_component_ref idref="oc-166"/>
      </symbol>
      <symbol id="sm-89e">
         <name>__TI_int41</name>
         <value>0xffd2</value>
         <object_component_ref idref="oc-77"/>
      </symbol>
      <symbol id="sm-8a1">
         <name>__TI_int42</name>
         <value>0xffd4</value>
         <object_component_ref idref="oc-78"/>
      </symbol>
      <symbol id="sm-8a4">
         <name>__TI_int43</name>
         <value>0xffd6</value>
         <object_component_ref idref="oc-79"/>
      </symbol>
      <symbol id="sm-8a7">
         <name>__TI_int44</name>
         <value>0xffd8</value>
         <object_component_ref idref="oc-7a"/>
      </symbol>
      <symbol id="sm-8aa">
         <name>__TI_int45</name>
         <value>0xffda</value>
         <object_component_ref idref="oc-7b"/>
      </symbol>
      <symbol id="sm-8ad">
         <name>__TI_int47</name>
         <value>0xffde</value>
         <object_component_ref idref="oc-7d"/>
      </symbol>
      <symbol id="sm-8b0">
         <name>__TI_int48</name>
         <value>0xffe0</value>
         <object_component_ref idref="oc-7e"/>
      </symbol>
      <symbol id="sm-8b3">
         <name>__TI_int49</name>
         <value>0xffe2</value>
         <object_component_ref idref="oc-7f"/>
      </symbol>
      <symbol id="sm-8b6">
         <name>__TI_int50</name>
         <value>0xffe4</value>
         <object_component_ref idref="oc-80"/>
      </symbol>
      <symbol id="sm-8b9">
         <name>__TI_int51</name>
         <value>0xffe6</value>
         <object_component_ref idref="oc-81"/>
      </symbol>
      <symbol id="sm-8bc">
         <name>__TI_int52</name>
         <value>0xffe8</value>
         <object_component_ref idref="oc-82"/>
      </symbol>
      <symbol id="sm-8bf">
         <name>__TI_int53</name>
         <value>0xffea</value>
         <object_component_ref idref="oc-83"/>
      </symbol>
      <symbol id="sm-8c2">
         <name>__TI_int54</name>
         <value>0xffec</value>
         <object_component_ref idref="oc-84"/>
      </symbol>
      <symbol id="sm-8c5">
         <name>__TI_int55</name>
         <value>0xffee</value>
         <object_component_ref idref="oc-85"/>
      </symbol>
      <symbol id="sm-8c8">
         <name>__TI_int56</name>
         <value>0xfff0</value>
         <object_component_ref idref="oc-86"/>
      </symbol>
      <symbol id="sm-8cb">
         <name>__TI_int57</name>
         <value>0xfff2</value>
         <object_component_ref idref="oc-87"/>
      </symbol>
      <symbol id="sm-8ce">
         <name>__TI_int58</name>
         <value>0xfff4</value>
         <object_component_ref idref="oc-88"/>
      </symbol>
      <symbol id="sm-8d1">
         <name>__TI_int59</name>
         <value>0xfff6</value>
         <object_component_ref idref="oc-89"/>
      </symbol>
      <symbol id="sm-8d4">
         <name>__TI_int60</name>
         <value>0xfff8</value>
         <object_component_ref idref="oc-8a"/>
      </symbol>
      <symbol id="sm-8d7">
         <name>__TI_int61</name>
         <value>0xfffa</value>
         <object_component_ref idref="oc-8b"/>
      </symbol>
      <symbol id="sm-8da">
         <name>__TI_int62</name>
         <value>0xfffc</value>
         <object_component_ref idref="oc-8c"/>
      </symbol>
      <symbol id="sm-8e2">
         <name>__TI_ISR_TRAP</name>
         <value>0x5c30</value>
         <object_component_ref idref="oc-f0"/>
      </symbol>
      <symbol id="sm-8eb">
         <name>__mspabi_slli</name>
         <value>0x165b0</value>
         <object_component_ref idref="oc-4d0"/>
      </symbol>
      <symbol id="sm-8f3">
         <name>__mspabi_slll_9</name>
         <value>0x15d7e</value>
         <object_component_ref idref="oc-28f"/>
      </symbol>
      <symbol id="sm-8f4">
         <name>__mspabi_slll_8</name>
         <value>0x15d82</value>
         <object_component_ref idref="oc-28f"/>
      </symbol>
      <symbol id="sm-8f5">
         <name>__mspabi_slll_7</name>
         <value>0x15d86</value>
         <object_component_ref idref="oc-28f"/>
      </symbol>
      <symbol id="sm-8f6">
         <name>__mspabi_slll_6</name>
         <value>0x15d8a</value>
         <object_component_ref idref="oc-28f"/>
      </symbol>
      <symbol id="sm-8f7">
         <name>__mspabi_slll_5</name>
         <value>0x15d8e</value>
         <object_component_ref idref="oc-28f"/>
      </symbol>
      <symbol id="sm-8f8">
         <name>__mspabi_slll_4</name>
         <value>0x15d92</value>
         <object_component_ref idref="oc-28f"/>
      </symbol>
      <symbol id="sm-8f9">
         <name>__mspabi_slll_3</name>
         <value>0x15d96</value>
         <object_component_ref idref="oc-28f"/>
      </symbol>
      <symbol id="sm-8fa">
         <name>__mspabi_slll_2</name>
         <value>0x15d9a</value>
         <object_component_ref idref="oc-28f"/>
      </symbol>
      <symbol id="sm-8fb">
         <name>__mspabi_slll_1</name>
         <value>0x15d9e</value>
         <object_component_ref idref="oc-28f"/>
      </symbol>
      <symbol id="sm-8fc">
         <name>__mspabi_slll_15</name>
         <value>0x15d66</value>
         <object_component_ref idref="oc-28f"/>
      </symbol>
      <symbol id="sm-8fd">
         <name>__mspabi_slll_14</name>
         <value>0x15d6a</value>
         <object_component_ref idref="oc-28f"/>
      </symbol>
      <symbol id="sm-8fe">
         <name>__mspabi_slll_13</name>
         <value>0x15d6e</value>
         <object_component_ref idref="oc-28f"/>
      </symbol>
      <symbol id="sm-8ff">
         <name>__mspabi_slll_12</name>
         <value>0x15d72</value>
         <object_component_ref idref="oc-28f"/>
      </symbol>
      <symbol id="sm-900">
         <name>__mspabi_slll_11</name>
         <value>0x15d76</value>
         <object_component_ref idref="oc-28f"/>
      </symbol>
      <symbol id="sm-901">
         <name>__mspabi_slll_10</name>
         <value>0x15d7a</value>
         <object_component_ref idref="oc-28f"/>
      </symbol>
      <symbol id="sm-912">
         <name>__mspabi_srll_8</name>
         <value>0x15dc0</value>
         <object_component_ref idref="oc-24d"/>
      </symbol>
      <symbol id="sm-913">
         <name>__mspabi_srll_9</name>
         <value>0x15dbc</value>
         <object_component_ref idref="oc-24d"/>
      </symbol>
      <symbol id="sm-914">
         <name>__mspabi_srll_6</name>
         <value>0x15dc8</value>
         <object_component_ref idref="oc-24d"/>
      </symbol>
      <symbol id="sm-915">
         <name>__mspabi_srll_7</name>
         <value>0x15dc4</value>
         <object_component_ref idref="oc-24d"/>
      </symbol>
      <symbol id="sm-916">
         <name>__mspabi_srll_4</name>
         <value>0x15dd0</value>
         <object_component_ref idref="oc-24d"/>
      </symbol>
      <symbol id="sm-917">
         <name>__mspabi_srll_5</name>
         <value>0x15dcc</value>
         <object_component_ref idref="oc-24d"/>
      </symbol>
      <symbol id="sm-918">
         <name>__mspabi_srll_2</name>
         <value>0x15dd8</value>
         <object_component_ref idref="oc-24d"/>
      </symbol>
      <symbol id="sm-919">
         <name>__mspabi_srll_3</name>
         <value>0x15dd4</value>
         <object_component_ref idref="oc-24d"/>
      </symbol>
      <symbol id="sm-91a">
         <name>__mspabi_srll_1</name>
         <value>0x15ddc</value>
         <object_component_ref idref="oc-24d"/>
      </symbol>
      <symbol id="sm-91b">
         <name>__mspabi_srll_15</name>
         <value>0x15da4</value>
         <object_component_ref idref="oc-24d"/>
      </symbol>
      <symbol id="sm-91c">
         <name>__mspabi_srll_14</name>
         <value>0x15da8</value>
         <object_component_ref idref="oc-24d"/>
      </symbol>
      <symbol id="sm-91d">
         <name>__mspabi_srll_13</name>
         <value>0x15dac</value>
         <object_component_ref idref="oc-24d"/>
      </symbol>
      <symbol id="sm-91e">
         <name>__mspabi_srll_12</name>
         <value>0x15db0</value>
         <object_component_ref idref="oc-24d"/>
      </symbol>
      <symbol id="sm-91f">
         <name>__mspabi_srll_11</name>
         <value>0x15db4</value>
         <object_component_ref idref="oc-24d"/>
      </symbol>
      <symbol id="sm-920">
         <name>__mspabi_srll_10</name>
         <value>0x15db8</value>
         <object_component_ref idref="oc-24d"/>
      </symbol>
      <symbol id="sm-921">
         <name>__mspabi_srll</name>
         <value>0x1657a</value>
         <object_component_ref idref="oc-65e"/>
      </symbol>
      <symbol id="sm-934">
         <name>memcpy</name>
         <value>0x1650e</value>
         <object_component_ref idref="oc-d6"/>
      </symbol>
      <symbol id="sm-942">
         <name>memset</name>
         <value>0x164a2</value>
         <object_component_ref idref="oc-176"/>
      </symbol>
      <symbol id="sm-959">
         <name>__mspabi_mpyi_f5hw</name>
         <value>0x164ce</value>
         <object_component_ref idref="oc-47e"/>
      </symbol>
      <symbol id="sm-97b">
         <name>__mspabi_mpyl_f5hw</name>
         <value>0x163c4</value>
         <object_component_ref idref="oc-248"/>
      </symbol>
      <symbol id="sm-991">
         <name>_system_pre_init</name>
         <value>0x165de</value>
         <object_component_ref idref="oc-102"/>
      </symbol>
      <symbol id="sm-9b4">
         <name>printf</name>
         <value>0x15a7a</value>
         <object_component_ref idref="oc-170"/>
      </symbol>
      <symbol id="sm-9c2">
         <name>strcmp</name>
         <value>0x16440</value>
         <object_component_ref idref="oc-6ab"/>
      </symbol>
      <symbol id="sm-9cf">
         <name>strcpy</name>
         <value>0x16558</value>
         <object_component_ref idref="oc-656"/>
      </symbol>
      <symbol id="sm-9df">
         <name>strncpy</name>
         <value>0x161aa</value>
         <object_component_ref idref="oc-694"/>
      </symbol>
      <symbol id="sm-a30">
         <name>HOSTrename</name>
         <value>0x14fe2</value>
         <object_component_ref idref="oc-5d8"/>
      </symbol>
      <symbol id="sm-a31">
         <name>HOSTclose</name>
         <value>0x15a2e</value>
         <object_component_ref idref="oc-5ba"/>
      </symbol>
      <symbol id="sm-a32">
         <name>HOSTunlink</name>
         <value>0x15b0c</value>
         <object_component_ref idref="oc-5d2"/>
      </symbol>
      <symbol id="sm-a33">
         <name>HOSTlseek</name>
         <value>0x147c2</value>
         <object_component_ref idref="oc-5cc"/>
      </symbol>
      <symbol id="sm-a34">
         <name>HOSTopen</name>
         <value>0x150c6</value>
         <object_component_ref idref="oc-5b4"/>
      </symbol>
      <symbol id="sm-a35">
         <name>HOSTclock</name>
         <value>0x15754</value>
         <object_component_ref idref="oc-5f3"/>
      </symbol>
      <symbol id="sm-a36">
         <name>HOSTwrite</name>
         <value>0x151a0</value>
         <object_component_ref idref="oc-5c6"/>
      </symbol>
      <symbol id="sm-a37">
         <name>HOSTread</name>
         <value>0x152dc</value>
         <object_component_ref idref="oc-5c0"/>
      </symbol>
      <symbol id="sm-a55">
         <name>__TI_readmsg</name>
         <value>0x16178</value>
         <object_component_ref idref="oc-64a"/>
      </symbol>
      <symbol id="sm-a56">
         <name>C$$IO$$</name>
         <value>0x1610a</value>
         <object_component_ref idref="oc-644"/>
      </symbol>
      <symbol id="sm-a57">
         <name>_CIOBUF_</name>
         <value>0x3336</value>
         <object_component_ref idref="oc-682"/>
      </symbol>
      <symbol id="sm-a58">
         <name>__TI_writemsg</name>
         <value>0x160d8</value>
         <object_component_ref idref="oc-644"/>
      </symbol>
      <symbol id="sm-acf">
         <name>__vla_dealloc</name>
         <value>0x14228</value>
         <object_component_ref idref="oc-4f4"/>
      </symbol>
      <symbol id="sm-ad0">
         <name>__vla_alloc</name>
         <value>0x12b24</value>
         <object_component_ref idref="oc-4ee"/>
      </symbol>
      <symbol id="sm-ae6">
         <name>_nop</name>
         <value>0x165e6</value>
         <object_component_ref idref="oc-1d5"/>
      </symbol>
      <symbol id="sm-ae7">
         <name>_lock</name>
         <value>0x3328</value>
         <object_component_ref idref="oc-160"/>
      </symbol>
      <symbol id="sm-ae8">
         <name>_unlock</name>
         <value>0x332c</value>
         <object_component_ref idref="oc-169"/>
      </symbol>
      <symbol id="sm-bb3">
         <name>__TI_printfi_nofloat</name>
         <value>0x1273e</value>
         <object_component_ref idref="oc-1f6"/>
      </symbol>
      <symbol id="sm-bc8">
         <name>atoi</name>
         <value>0x154d4</value>
         <object_component_ref idref="oc-391"/>
      </symbol>
      <symbol id="sm-be4">
         <name>_auto_init_hold_wdt</name>
         <value>0x15134</value>
         <object_component_ref idref="oc-108"/>
      </symbol>
      <symbol id="sm-bee">
         <name>_ctypes_</name>
         <value>0x5d40</value>
         <object_component_ref idref="oc-48e"/>
      </symbol>
      <symbol id="sm-bfe">
         <name>__TI_tmpnams</name>
         <value>0x2ce6</value>
      </symbol>
      <symbol id="sm-bff">
         <name>_ftable</name>
         <value>0x31a4</value>
         <object_component_ref idref="oc-1e7"/>
      </symbol>
      <symbol id="sm-c00">
         <name>__TI_ft_end</name>
         <value>0x3330</value>
         <object_component_ref idref="oc-5ae"/>
      </symbol>
      <symbol id="sm-c32">
         <name>__mspabi_divull</name>
         <value>0x11d26</value>
         <object_component_ref idref="oc-5e8"/>
      </symbol>
      <symbol id="sm-c3b">
         <name>__abort_execution</name>
         <value>0x165d2</value>
         <object_component_ref idref="oc-56b"/>
      </symbol>
      <symbol id="sm-c59">
         <name>fprintf</name>
         <value>0x15944</value>
         <object_component_ref idref="oc-592"/>
      </symbol>
      <symbol id="sm-c6c">
         <name>putc</name>
         <value>0x14a34</value>
         <object_component_ref idref="oc-2d1"/>
      </symbol>
      <symbol id="sm-c6d">
         <name>fputc</name>
         <value>0x14a34</value>
         <object_component_ref idref="oc-2d1"/>
      </symbol>
      <symbol id="sm-c85">
         <name>fputs</name>
         <value>0x13d18</value>
         <object_component_ref idref="oc-2ca"/>
      </symbol>
      <symbol id="sm-cd8">
         <name>lseek</name>
         <value>0x15de2</value>
         <object_component_ref idref="oc-502"/>
      </symbol>
      <symbol id="sm-cd9">
         <name>write</name>
         <value>0x15e5c</value>
         <object_component_ref idref="oc-384"/>
      </symbol>
      <symbol id="sm-cda">
         <name>close</name>
         <value>0x155ee</value>
         <object_component_ref idref="oc-630"/>
      </symbol>
      <symbol id="sm-cdb">
         <name>unlink</name>
         <value>0x1623c</value>
         <object_component_ref idref="oc-637"/>
      </symbol>
      <symbol id="sm-ce8">
         <name>__mspabi_sllll</name>
         <value>0x15ff4</value>
         <object_component_ref idref="oc-663"/>
      </symbol>
      <symbol id="sm-cf5">
         <name>__mspabi_srlll</name>
         <value>0x1602e</value>
         <object_component_ref idref="oc-5e2"/>
      </symbol>
      <symbol id="sm-d04">
         <name>memccpy</name>
         <value>0x16406</value>
         <object_component_ref idref="oc-39f"/>
      </symbol>
      <symbol id="sm-d13">
         <name>memchr</name>
         <value>0x1648c</value>
         <object_component_ref idref="oc-378"/>
      </symbol>
      <symbol id="sm-d74">
         <name>_sys_memory</name>
         <value>0x2dbc</value>
         <object_component_ref idref="oc-d3"/>
      </symbol>
      <symbol id="sm-d75">
         <name>free</name>
         <value>0x14ac4</value>
         <object_component_ref idref="oc-50a"/>
      </symbol>
      <symbol id="sm-d76">
         <name>realloc</name>
         <value>0x13550</value>
         <object_component_ref idref="oc-616"/>
      </symbol>
      <symbol id="sm-d77">
         <name>malloc</name>
         <value>0x142ee</value>
         <object_component_ref idref="oc-510"/>
      </symbol>
      <symbol id="sm-d78">
         <name>minit</name>
         <value>0x15ce6</value>
         <object_component_ref idref="oc-5a1"/>
      </symbol>
      <symbol id="sm-d87">
         <name>strchr</name>
         <value>0x16424</value>
         <object_component_ref idref="oc-68e"/>
      </symbol>
      <symbol id="sm-d94">
         <name>strlen</name>
         <value>0x16598</value>
         <object_component_ref idref="oc-2d8"/>
      </symbol>
      <symbol id="sm-dac">
         <name>__TI_wrt_ok</name>
         <value>0x14df0</value>
         <object_component_ref idref="oc-372"/>
      </symbol>
      <symbol id="sm-dbd">
         <name>__TI_doflush</name>
         <value>0x153ac</value>
         <object_component_ref idref="oc-37e"/>
      </symbol>
      <symbol id="sm-dcd">
         <name>fseek</name>
         <value>0x1520a</value>
         <object_component_ref idref="oc-46c"/>
      </symbol>
      <symbol id="sm-de5">
         <name>setvbuf</name>
         <value>0x13e08</value>
         <object_component_ref idref="oc-472"/>
      </symbol>
      <symbol id="sm-df1">
         <name>__TI_cleanup</name>
         <value>0x160a2</value>
         <object_component_ref idref="oc-516"/>
      </symbol>
      <symbol id="sm-e02">
         <name>__TI_closefile</name>
         <value>0x15056</value>
         <object_component_ref idref="oc-5a8"/>
      </symbol>
      <symbol id="sm-e05">
         <name>__TI_INITARRAY_Base</name>
         <value>0x0</value>
      </symbol>
      <symbol id="sm-e06">
         <name>__TI_INITARRAY_Limit</name>
         <value>0x0</value>
      </symbol>
      <symbol id="sm-e07">
         <name>clock</name>
         <value>0x15754</value>
      </symbol>
      <symbol id="sm-e08">
         <name>remove</name>
         <value>0x1623c</value>
      </symbol>
   </symbol_table>
   <title>Link successful</title>
</link_info>
